soda.csv
id,date,city,lat,long,pop,shop,brand,container,capacity,price,quantity
1222,28/02/13,Athens,37.96245,23.68708,671022,shop_3,adult-cola,plastic,1.5lt,2.46,10709
2333,28/02/14,Athens,37.96245,23.68708,668203,shop_3,adult-cola,plastic,1.5lt,2.82,9282
3414,28/02/15,Athens,37.96245,23.68708,667237,shop_3,adult-cola,plastic,1.5lt,1.72,14576
5572,28/02/17,Athens,37.96245,23.68708,665871,shop_3,adult-cola,plastic,1.5lt,3.49,7114
6624,28/02/18,Athens,37.96245,23.68708,664046,shop_3,adult-cola,plastic,1.5lt,1.28,16897
174,29/02/12,Athens,37.96245,23.68708,672130,shop_3,adult-cola,plastic,1.5lt,3.23,6687
4461,29/02/16,Athens,37.96245,23.68708,665102,shop_3,adult-cola,plastic,1.5lt,2.45,11472
351,30/04/12,Athens,37.96245,23.68708,672130,shop_3,adult-cola,plastic,1.5lt,2.96,10210
1403,30/04/13,Athens,37.96245,23.68708,671022,shop_3,adult-cola,plastic,1.5lt,0.86,23479
2489,30/04/14,Athens,37.96245,23.68708,668203,shop_3,adult-cola,plastic,1.5lt,1.81,17887
3558,30/04/15,Athens,37.96245,23.68708,667237,shop_3,adult-cola,plastic,1.5lt,2.61,13434
4669,30/04/16,Athens,37.96245,23.68708,665102,shop_3,adult-cola,plastic,1.5lt,3.53,8478
5722,30/04/17,Athens,37.96245,23.68708,665871,shop_3,adult-cola,plastic,1.5lt,2.37,15423
6803,30/04/18,Athens,37.96245,23.68708,664046,shop_3,adult-cola,plastic,1.5lt,3.52,9379
501,30/06/12,Athens,37.96245,23.68708,672130,shop_3,adult-cola,plastic,1.5lt,2.35,22374
1580,30/06/13,Athens,37.96245,23.68708,671022,shop_3,adult-cola,plastic,1.5lt,2.49,21553
2667,30/06/14,Athens,37.96245,23.68708,668203,shop_3,adult-cola,plastic,1.5lt,0.94,36735
3765,30/06/15,Athens,37.96245,23.68708,667237,shop_3,adult-cola,plastic,1.5lt,4.04,8068
4820,30/06/16,Athens,37.96245,23.68708,665102,shop_3,adult-cola,plastic,1.5lt,2.14,26190
5895,30/06/17,Athens,37.96245,23.68708,665871,shop_3,adult-cola,plastic,1.5lt,3,18916
6981,30/06/18,Athens,37.96245,23.68708,664046,shop_3,adult-cola,plastic,1.5lt,2.63,22668
775,30/09/12,Athens,37.96245,23.68708,672130,shop_3,adult-cola,plastic,1.5lt,3.34,7419
1856,30/09/13,Athens,37.96245,23.68708,671022,shop_3,adult-cola,plastic,1.5lt,2.11,14915
2961,30/09/14,Athens,37.96245,23.68708,668203,shop_3,adult-cola,plastic,1.5lt,2.4,13524
4014,30/09/15,Athens,37.96245,23.68708,667237,shop_3,adult-cola,plastic,1.5lt,1.98,16153
5121,30/09/16,Athens,37.96245,23.68708,665102,shop_3,adult-cola,plastic,1.5lt,1.35,19752
6176,30/09/17,Athens,37.96245,23.68708,665871,shop_3,adult-cola,plastic,1.5lt,3.16,10325
7247,30/09/18,Athens,37.96245,23.68708,664046,shop_3,adult-cola,plastic,1.5lt,3.19,10505
956,30/11/12,Athens,37.96245,23.68708,672130,shop_3,adult-cola,plastic,1.5lt,2.7,10730
2032,30/11/13,Athens,37.96245,23.68708,671022,shop_3,adult-cola,plastic,1.5lt,1.34,18518
3117,30/11/14,Athens,37.96245,23.68708,668203,shop_3,adult-cola,plastic,1.5lt,3.16,8904
4228,30/11/15,Athens,37.96245,23.68708,667237,shop_3,adult-cola,plastic,1.5lt,2.18,14421
5275,30/11/16,Athens,37.96245,23.68708,665102,shop_3,adult-cola,plastic,1.5lt,3.59,7389
6351,30/11/17,Athens,37.96245,23.68708,665871,shop_3,adult-cola,plastic,1.5lt,2.82,11641
7432,30/11/18,Athens,37.96245,23.68708,664046,shop_3,adult-cola,plastic,1.5lt,1.76,17171
49,31/01/12,Athens,37.96245,23.68708,672130,shop_3,adult-cola,plastic,1.5lt,2.46,9720
1136,31/01/13,Athens,37.96245,23.68708,671022,shop_3,adult-cola,plastic,1.5lt,3.06,7273
2210,31/01/14,Athens,37.96245,23.68708,668203,shop_3,adult-cola,plastic,1.5lt,2.55,9820
3292,31/01/15,Athens,37.96245,23.68708,667237,shop_3,adult-cola,plastic,1.5lt,1.39,14957
4371,31/01/16,Athens,37.96245,23.68708,665102,shop_3,adult-cola,plastic,1.5lt,2.49,10487
5452,31/01/17,Athens,37.96245,23.68708,665871,shop_3,adult-cola,plastic,1.5lt,2.95,8830
6556,31/01/18,Athens,37.96245,23.68708,664046,shop_3,adult-cola,plastic,1.5lt,2.63,10370
231,31/03/12,Athens,37.96245,23.68708,672130,shop_3,adult-cola,plastic,1.5lt,0.85,19424
1317,31/03/13,Athens,37.96245,23.68708,671022,shop_3,adult-cola,plastic,1.5lt,3.11,8058
2392,31/03/14,Athens,37.96245,,668203,shop_3,adult-cola,plastic,1.5lt,2.94,9254
3506,31/03/15,Athens,37.96245,23.68708,667237,shop_3,adult-cola,plastic,1.5lt,3.07,8931
4553,31/03/16,Athens,37.96245,23.68708,665102,shop_3,adult-cola,plastic,1.5lt,2.92,9960
5631,31/03/17,Athens,37.96245,23.68708,665871,shop_3,adult-cola,plastic,1.5lt,2.45,12424
6710,31/03/18,Athens,37.96245,23.68708,664046,shop_3,adult-cola,plastic,1.5lt,2.27,13433
413,31/05/12,Athens,37.96245,23.68708,672130,shop_3,adult-cola,plastic,1.5lt,2.74,13975
1496,31/05/13,Athens,37.96245,23.68708,671022,shop_3,adult-cola,plastic,1.5lt,3.14,11529
2576,31/05/14,Athens,37.96245,23.68708,668203,shop_3,adult-cola,plastic,1.5lt,2.72,15021
3653,31/05/15,Athens,37.96245,23.68708,667237,shop_3,adult-cola,plastic,1.5lt,2.86,14456
4726,31/05/16,Athens,37.96245,23.68708,665102,shop_3,adult-cola,plastic,1.5lt,0.99,27820
5810,31/05/17,Athens,37.96245,23.68708,665871,shop_3,adult-cola,plastic,1.5lt,2.64,16777
6918,31/05/18,Athens,37.96245,23.68708,664046,shop_3,adult-cola,plastic,1.5lt,2.35,19066
596,31/07/12,Athens,37.96245,23.68708,672130,shop_3,adult-cola,plastic,1.5lt,1.56,21879
1702,31/07/13,Athens,37.96245,23.68708,671022,shop_3,adult-cola,plastic,1.5lt,0.75,27818
2752,31/07/14,Athens,37.96245,23.68708,668203,shop_3,adult-cola,plastic,1.5lt,3.22,10931
3863,31/07/15,Athens,37.96245,23.68708,667237,shop_3,adult-cola,plastic,1.5lt,2.05,19303
4911,31/07/16,Athens,37.96245,23.68708,665102,shop_3,adult-cola,plastic,1.5lt,4.31,4623
5989,31/07/17,Athens,37.96245,23.68708,665871,shop_3,adult-cola,plastic,1.5lt,3.46,10742
7102,31/07/18,Athens,37.96245,23.68708,664046,shop_3,adult-cola,plastic,1.5lt,2.36,18160
679,31/08/12,Athens,37.96245,23.68708,672130,shop_3,adult-cola,plastic,1.5lt,2.39,17333
1799,31/08/13,Athens,37.96245,23.68708,671022,shop_3,adult-cola,plastic,1.5lt,1.81,22198
2878,31/08/14,Athens,37.96245,23.68708,668203,shop_3,adult-cola,plastic,1.5lt,3.25,11693
3923,31/08/15,Athens,37.96245,23.68708,667237,shop_3,adult-cola,plastic,1.5lt,2.5,17717
5001,31/08/16,Athens,37.96245,23.68708,665102,shop_3,adult-cola,plastic,1.5lt,3.27,12520
6076,31/08/17,Athens,37.96245,23.68708,665871,shop_3,adult-cola,plastic,1.5lt,2.85,15969
7158,31/08/18,Athens,37.96245,23.68708,664046,shop_3,adult-cola,plastic,1.5lt,1.44,26165
869,31/10/12,Athens,37.96245,23.68708,672130,shop_3,adult-cola,plastic,1.5lt,2.36,13824
1943,31/10/13,Athens,37.96245,23.68708,671022,shop_3,adult-cola,plastic,1.5lt,2.88,11028
3026,31/10/14,Athens,37.96245,23.68708,668203,shop_3,adult-cola,plastic,1.5lt,2.6,13045
4100,31/10/15,Athens,37.96245,23.68708,667237,shop_3,adult-cola,plastic,1.5lt,2.08,16417
5181,31/10/16,Athens,37.96245,23.68708,665102,shop_3,adult-cola,plastic,1.5lt,2.22,15869
6264,31/10/17,Athens,37.96245,23.68708,665871,shop_3,adult-cola,plastic,1.5lt,2.85,12605
7344,31/10/18,Athens,37.96245,23.68708,664046,shop_3,adult-cola,plastic,1.5lt,2.54,14615
1078,31/12/12,Athens,37.96245,23.68708,672130,shop_3,adult-cola,plastic,1.5lt,2.63,10283
2124,31/12/13,Athens,37.96245,23.68708,671022,shop_3,adult-cola,plastic,1.5lt,2.17,12924
3221,31/12/14,Athens,37.96245,23.68708,668203,shop_3,adult-cola,plastic,1.5lt,2.72,10395
4284,31/12/15,Athens,37.96245,23.68708,667237,shop_3,adult-cola,plastic,1.5lt,2.84,10091
5399,31/12/16,Athens,37.96245,23.68708,665102,shop_3,adult-cola,plastic,1.5lt,2.66,11243
6441,31/12/17,Athens,37.96245,23.68708,665871,shop_3,adult-cola,plastic,1.5lt,3.24,8773
7521,31/12/18,Athens,37.96245,23.68708,664046,shop_3,adult-cola,plastic,1.5lt,1.23,18303
1256,28/02/13,Athens,37.97945,23.71622,671022,shop_1,adult-cola,plastic,1.5lt,1.91,12703
2325,28/02/14,Athens,37.97945,23.71622,668203,shop_1,adult-cola,plastic,1.5lt,3.99,3642
3334,28/02/15,Athens,37.97945,23.71622,667237,shop_1,adult-cola,plastic,1.5lt,1.29,15782
5568,28/02/17,Athens,37.97945,23.71622,665871,shop_1,adult-cola,plastic,1.5lt,1.46,15298
6574,28/02/18,Athens,37.97945,23.71622,664046,shop_1,adult-cola,plastic,1.5lt,2.58,10837
161,29/02/12,Athens,37.97945,23.71622,672130,shop_1,adult-cola,plastic,1.5lt,2.67,8954
4412,29/02/16,Athens,37.97945,23.71622,665102,shop_1,adult-cola,plastic,1.5lt,3.6,6038
273,30/04/12,Athens,37.97945,23.71622,672130,shop_1,adult-cola,plastic,1.5lt,2.24,18652
1353,30/04/13,Athens,37.97945,23.71622,671022,shop_1,adult-cola,plastic,1.5lt,2.94,13601
2434,30/04/14,Athens,37.97945,23.71622,668203,shop_1,adult-cola,plastic,1.5lt,2.84,14858
3514,30/04/15,Athens,37.97945,23.71622,667237,shop_1,adult-cola,plastic,1.5lt,0.92,29558
4670,30/04/16,Athens,37.97945,23.71622,665102,shop_1,adult-cola,plastic,1.5lt,2.75,16408
5673,30/04/17,Athens,37.97945,23.71622,665871,shop_1,adult-cola,plastic,1.5lt,2.87,15964
6753,30/04/18,Athens,37.97945,23.71622,664046,shop_1,adult-cola,plastic,1.5lt,3,15438
527,30/06/12,Athens,37.97945,23.71622,672130,shop_1,adult-cola,plastic,1.5lt,1.5,29408
1533,30/06/13,Athens,37.97945,23.71622,671022,shop_1,adult-cola,plastic,1.5lt,3.12,14733
2614,30/06/14,Athens,37.97945,23.71622,668203,shop_1,adult-cola,plastic,1.5lt,3.67,10305
3694,30/06/15,Athens,37.97945,23.71622,667237,shop_1,adult-cola,plastic,1.5lt,2.28,23339
4774,30/06/16,Athens,37.97945,23.71622,665102,shop_1,adult-cola,plastic,1.5lt,3.27,15162
5854,30/06/17,Athens,37.97945,23.71622,665871,shop_1,adult-cola,plastic,1.5lt,1.94,27076
6934,30/06/18,Athens,37.97945,23.71622,664046,shop_1,adult-cola,plastic,1.5lt,1.7,29429
809,30/09/12,Athens,37.97945,23.71622,672130,shop_1,adult-cola,plastic,1.5lt,2.44,15878
1804,30/09/13,Athens,37.97945,23.71622,671022,shop_1,adult-cola,plastic,1.5lt,2.39,16640
2883,30/09/14,Athens,37.97945,23.71622,668203,shop_1,adult-cola,plastic,1.5lt,2.19,18406
3962,30/09/15,Athens,37.97945,23.71622,667237,shop_1,adult-cola,plastic,1.5lt,2.21,18568
5126,30/09/16,Athens,37.97945,23.71622,665102,shop_1,adult-cola,plastic,1.5lt,2.54,16650
6122,30/09/17,Athens,37.97945,23.71622,665871,shop_1,adult-cola,plastic,1.5lt,2.47,17491
7269,30/09/18,Athens,37.97945,23.71622,664046,shop_1,adult-cola,plastic,1.5lt,3.36,12037
904,30/11/12,Athens,37.97945,23.71622,672130,shop_1,adult-cola,plastic,1.5lt,3.46,8330
1983,30/11/13,Athens,37.97945,23.71622,671022,shop_1,adult-cola,plastic,1.5lt,2.49,15805
3139,30/11/14,Athens,37.97945,23.71622,668203,shop_1,adult-cola,plastic,1.5lt,3.08,12063
4143,30/11/15,Athens,37.97945,23.71622,667237,shop_1,adult-cola,plastic,1.5lt,1.77,21516
5224,30/11/16,Athens,37.97945,23.71622,665102,shop_1,adult-cola,plastic,1.5lt,2.63,15976
6303,30/11/17,Athens,37.97945,23.71622,665871,shop_1,adult-cola,plastic,1.5lt,1.49,23821
7384,30/11/18,Athens,37.97945,23.71622,664046,shop_1,adult-cola,plastic,1.5lt,2.48,17652
83,31/01/12,Athens,37.97945,23.71622,672130,shop_1,adult-cola,plastic,1.5lt,2.55,12229
1084,31/01/13,Athens,37.97945,23.71622,671022,shop_1,adult-cola,plastic,1.5lt,2.73,11531
2163,31/01/14,Athens,37.97945,23.71622,668203,shop_1,adult-cola,plastic,1.5lt,2.41,13676
3242,31/01/15,Athens,37.97945,23.71622,667237,shop_1,adult-cola,plastic,1.5lt,1.99,16314
4323,31/01/16,Athens,37.97945,23.71622,665102,shop_1,adult-cola,plastic,1.5lt,2.8,12134
5404,31/01/17,Athens,37.97945,23.71622,665871,shop_1,adult-cola,plastic,1.5lt,2.67,13135
6554,31/01/18,Athens,37.97945,23.71622,664046,shop_1,adult-cola,plastic,1.5lt,2.37,14997
183,31/03/12,Athens,37.97945,23.71622,672130,shop_1,adult-cola,plastic,1.5lt,2.65,14881
1263,31/03/13,Athens,,,671022,shop_1,adult-cola,plastic,1.5lt,3.65,7870
2343,31/03/14,Athens,37.97945,23.71622,668203,shop_1,adult-cola,plastic,1.5lt,3.04,12920
3424,31/03/15,Athens,37.97945,23.71622,667237,shop_1,adult-cola,plastic,1.5lt,2.21,19357
4576,31/03/16,Athens,37.97945,23.71622,665102,shop_1,adult-cola,plastic,1.5lt,1.48,24774
5584,31/03/17,Athens,37.97945,23.71622,665871,shop_1,adult-cola,plastic,1.5lt,2.1,20732
6728,31/03/18,Athens,37.97945,23.71622,664046,shop_1,adult-cola,plastic,1.5lt,2.28,19807
436,31/05/12,Athens,37.97945,23.71622,672130,shop_1,adult-cola,plastic,1.5lt,2.37,16576
1444,31/05/13,Athens,37.97945,23.71622,671022,shop_1,adult-cola,plastic,1.5lt,3.77,6814
2524,31/05/14,Athens,37.97945,23.71622,668203,shop_1,adult-cola,plastic,1.5lt,2.48,16574
3604,31/05/15,Athens,37.97945,23.71622,667237,shop_1,adult-cola,plastic,1.5lt,1.3,25141
4683,31/05/16,Athens,37.97945,23.71622,665102,shop_1,adult-cola,plastic,1.5lt,2.48,17305
5763,31/05/17,Athens,37.97945,23.71622,665871,shop_1,adult-cola,plastic,1.5lt,2.91,14759
6842,31/05/18,Athens,37.97945,23.71622,664046,shop_1,adult-cola,plastic,1.5lt,2.17,19973
543,31/07/12,Athens,37.97945,23.71622,672130,shop_1,adult-cola,plastic,1.5lt,2.82,18828
1622,31/07/13,Athens,37.97945,23.71622,671022,shop_1,adult-cola,plastic,1.5lt,2.65,21291
2776,31/07/14,Athens,37.97945,23.71622,668203,shop_1,adult-cola,plastic,1.5lt,2.06,27797
3866,31/07/15,Athens,37.97945,23.71622,667237,shop_1,adult-cola,plastic,1.5lt,2.93,19605
4864,31/07/16,Athens,37.97945,23.71622,665102,shop_1,adult-cola,plastic,1.5lt,3.39,15747
5944,31/07/17,Athens,37.97945,23.71622,665871,shop_1,adult-cola,plastic,1.5lt,1.18,37424
7023,31/07/18,Athens,37.97945,23.71622,664046,shop_1,adult-cola,plastic,1.5lt,2.44,25940
716,31/08/12,Athens,37.97945,23.71622,672130,shop_1,adult-cola,plastic,1.5lt,2.75,21446
1712,31/08/13,Athens,37.97945,23.71622,671022,shop_1,adult-cola,plastic,1.5lt,2.57,24096
2873,31/08/14,Athens,37.97945,23.71622,668203,shop_1,adult-cola,plastic,1.5lt,2.52,25323
3951,31/08/15,Athens,37.97945,23.71622,667237,shop_1,adult-cola,plastic,1.5lt,3.16,19024
4952,31/08/16,Athens,37.97945,23.71622,665102,shop_1,adult-cola,plastic,1.5lt,1.57,36600
6114,31/08/17,Athens,37.97945,23.71622,665871,shop_1,adult-cola,plastic,1.5lt,2.61,26086
7112,31/08/18,Athens,37.97945,23.71622,664046,shop_1,adult-cola,plastic,1.5lt,2.31,29726
814,31/10/12,Athens,37.97945,23.71622,672130,shop_1,adult-cola,plastic,1.5lt,2.22,14973
1893,31/10/13,Athens,37.97945,23.71622,671022,shop_1,adult-cola,plastic,1.5lt,2.78,11810
2973,31/10/14,Athens,37.97945,23.71622,668203,shop_1,adult-cola,plastic,1.5lt,2.48,14004
4054,31/10/15,Athens,37.97945,23.71622,667237,shop_1,adult-cola,plastic,1.5lt,1.84,18105
5202,31/10/16,Athens,37.97945,23.71622,665102,shop_1,adult-cola,plastic,1.5lt,3.21,10409
6214,31/10/17,Athens,37.97945,23.71622,665871,shop_1,adult-cola,plastic,1.5lt,2.07,17251
7294,31/10/18,Athens,37.97945,23.71622,664046,shop_1,adult-cola,plastic,1.5lt,2.97,12496
1070,31/12/12,Athens,37.97945,23.71622,672130,shop_1,adult-cola,plastic,1.5lt,2.88,12347
2156,31/12/13,Athens,37.97945,23.71622,671022,shop_1,adult-cola,plastic,1.5lt,1.98,19180
3153,31/12/14,Athens,37.97945,23.71622,668203,shop_1,adult-cola,plastic,1.5lt,2.01,19239
4233,31/12/15,Athens,37.97945,23.71622,667237,shop_1,adult-cola,plastic,1.5lt,2.21,18222
5314,31/12/16,Athens,37.97945,23.71622,665102,shop_1,adult-cola,plastic,1.5lt,2.41,17187
6394,31/12/17,Athens,37.97945,23.71622,665871,shop_1,adult-cola,plastic,1.5lt,3.2,12397
7473,31/12/18,Athens,37.97945,23.71622,664046,shop_1,adult-cola,plastic,1.5lt,2.9,14736
