soda.csv
id,date,city,lat,long,pop,shop,brand,container,capacity,price,quantity
1185,28/02/13,Irakleion,35.32787,25.14341,135432,shop_2,adult-cola,plastic,1.5lt,2.73,7977
2326,28/02/14,Irakleion,35.32787,25.14341,136202,shop_2,adult-cola,plastic,1.5lt,2.84,7753
3417,28/02/15,Irakleion,35.32787,25.14341,138560,shop_2,adult-cola,plastic,1.5lt,2.46,9482
5506,28/02/17,Irakleion,35.32787,25.14341,138200,shop_2,adult-cola,plastic,1.5lt,2.85,8422
6587,28/02/18,Irakleion,35.32787,25.14341,137154,shop_2,adult-cola,plastic,1.5lt,2.94,8277
106,29/02/12,Irakleion,35.32787,25.14341,134219,shop_2,adult-cola,plastic,1.5lt,1.61,12356
4425,29/02/16,Irakleion,35.32787,25.14341,137302,shop_2,adult-cola,plastic,1.5lt,2.18,10741
287,30/04/12,Irakleion,35.32787,25.14341,134219,shop_2,adult-cola,plastic,1.5lt,2.77,15893
1366,30/04/13,Irakleion,35.32787,25.14341,135432,shop_2,adult-cola,plastic,1.5lt,1.8,24667
2448,30/04/14,Irakleion,35.32787,25.14341,136202,shop_2,adult-cola,plastic,1.5lt,3.09,14269
3526,30/04/15,Irakleion,35.32787,25.14341,138560,shop_2,adult-cola,plastic,1.5lt,2.21,21998
4604,30/04/16,Irakleion,35.32787,25.14341,137302,shop_2,adult-cola,plastic,1.5lt,3.22,14284
5684,30/04/17,Irakleion,35.32787,25.14341,138200,shop_2,adult-cola,plastic,1.5lt,2.48,20592
6832,30/04/18,Irakleion,35.32787,25.14341,137154,shop_2,adult-cola,plastic,1.5lt,1.94,25076
463,30/06/12,Irakleion,35.32787,25.14341,134219,shop_2,adult-cola,plastic,1.5lt,3.11,17879
1545,30/06/13,Irakleion,35.32787,25.14341,135432,shop_2,adult-cola,plastic,1.5lt,2.18,29728
2628,30/06/14,Irakleion,35.32787,25.14341,136202,shop_2,adult-cola,plastic,1.5lt,2.36,28117
3708,30/06/15,Irakleion,35.32787,25.14341,138560,shop_2,adult-cola,plastic,1.5lt,3.1,20433
4850,30/06/16,Irakleion,35.32787,25.14341,137302,shop_2,adult-cola,plastic,1.5lt,2.77,24782
5863,30/06/17,Irakleion,35.32787,25.14341,138200,shop_2,adult-cola,plastic,1.5lt,1.61,37880
6947,30/06/18,Irakleion,35.32787,25.14341,137154,shop_2,adult-cola,plastic,1.5lt,2.33,30667
738,30/09/12,Irakleion,35.32787,25.14341,134219,shop_2,adult-cola,plastic,1.5lt,3.23,12178
1876,30/09/13,Irakleion,35.32787,25.14341,135432,shop_2,adult-cola,plastic,1.5lt,1.85,24832
2968,30/09/14,Irakleion,35.32787,25.14341,136202,shop_2,adult-cola,plastic,1.5lt,2.14,22743
3975,30/09/15,Irakleion,35.32787,25.14341,138560,shop_2,adult-cola,plastic,1.5lt,3.78,9451
5116,30/09/16,Irakleion,35.32787,25.14341,137302,shop_2,adult-cola,plastic,1.5lt,2.66,19256
6137,30/09/17,Irakleion,35.32787,25.14341,138200,shop_2,adult-cola,plastic,1.5lt,2.44,21444
7211,30/09/18,Irakleion,35.32787,25.14341,137154,shop_2,adult-cola,plastic,1.5lt,1.36,30318
917,30/11/12,Irakleion,35.32787,25.14341,134219,shop_2,adult-cola,plastic,1.5lt,2.93,12200
2068,30/11/13,Irakleion,35.32787,25.14341,135432,shop_2,adult-cola,plastic,1.5lt,1.91,19960
3074,30/11/14,Irakleion,35.32787,25.14341,136202,shop_2,adult-cola,plastic,1.5lt,2.94,13063
4154,30/11/15,Irakleion,35.32787,25.14341,138560,shop_2,adult-cola,plastic,1.5lt,2.42,17010
5239,30/11/16,Irakleion,35.32787,25.14341,137302,shop_2,adult-cola,plastic,1.5lt,2.92,14045
6315,30/11/17,Irakleion,35.32787,25.14341,138200,shop_2,adult-cola,plastic,1.5lt,2.34,18250
7469,30/11/18,Irakleion,35.32787,25.14341,137154,shop_2,adult-cola,plastic,1.5lt,2.04,20468
77,31/01/12,Irakleion,35.32787,25.14341,134219,shop_2,adult-cola,plastic,1.5lt,2.61,15126
1099,31/01/13,Irakleion,35.32787,25.14341,135432,shop_2,adult-cola,plastic,1.5lt,3.31,10362
2177,31/01/14,Irakleion,35.32787,25.14341,136202,shop_2,adult-cola,plastic,1.5lt,1.56,23642
3321,31/01/15,Irakleion,35.32787,25.14341,138560,shop_2,adult-cola,plastic,1.5lt,0.59,30847
4337,31/01/16,Irakleion,35.32787,25.14341,137302,shop_2,adult-cola,plastic,1.5lt,2.94,14489
5415,31/01/17,Irakleion,35.32787,25.14341,138200,shop_2,adult-cola,plastic,1.5lt,3.33,12210
6495,31/01/18,Irakleion,35.32787,25.14341,137154,shop_2,adult-cola,plastic,1.5lt,3.24,13263
193,31/03/12,Irakleion,35.32787,25.14341,134219,shop_2,adult-cola,plastic,1.5lt,2.73,15019
1277,31/03/13,Irakleion,35.32787,25.14341,135432,shop_2,adult-cola,plastic,1.5lt,2.27,19130
2416,31/03/14,Irakleion,35.32787,25.14341,136202,shop_2,adult-cola,plastic,1.5lt,3.29,11707
3505,31/03/15,Irakleion,35.32787,25.14341,138560,shop_2,adult-cola,plastic,1.5lt,2.39,18991
4515,31/03/16,Irakleion,35.32787,25.14341,137302,shop_2,adult-cola,plastic,1.5lt,2.22,20585
5596,31/03/17,Irakleion,35.32787,25.14341,138200,shop_2,adult-cola,plastic,1.5lt,2.71,17386
6674,31/03/18,Irakleion,35.32787,25.14341,137154,shop_2,adult-cola,plastic,1.5lt,1.85,23878
444,31/05/12,Irakleion,35.32787,25.14341,134219,shop_2,adult-cola,plastic,1.5lt,2.68,23151
1456,31/05/13,Irakleion,35.32787,25.14341,135432,shop_2,adult-cola,plastic,1.5lt,2.52,25702
2539,31/05/14,Irakleion,35.32787,25.14341,136202,shop_2,adult-cola,plastic,1.5lt,2.22,29840
3612,31/05/15,Irakleion,35.32787,25.14341,138560,shop_2,adult-cola,plastic,1.5lt,2.23,30267
4691,31/05/16,Irakleion,35.32787,25.14341,137302,shop_2,adult-cola,plastic,1.5lt,2.93,23025
5775,31/05/17,Irakleion,35.32787,25.14341,138200,shop_2,adult-cola,plastic,1.5lt,2.81,25020
6915,31/05/18,Irakleion,35.32787,25.14341,137154,shop_2,adult-cola,plastic,1.5lt,2.12,32960
556,31/07/12,Irakleion,35.32787,25.14341,134219,shop_2,adult-cola,plastic,1.5lt,2.57,24060
1633,31/07/13,Irakleion,35.32787,25.14341,135432,shop_2,adult-cola,plastic,1.5lt,2.03,30925
2715,31/07/14,Irakleion,35.32787,25.14341,136202,shop_2,adult-cola,plastic,1.5lt,3.32,16859
3859,31/07/15,Irakleion,35.32787,25.14341,138560,shop_2,adult-cola,plastic,1.5lt,2.51,26599
4877,31/07/16,Irakleion,35.32787,25.14341,137302,shop_2,adult-cola,plastic,1.5lt,2.92,22668
5955,31/07/17,Irakleion,35.32787,25.14341,138200,shop_2,adult-cola,plastic,1.5lt,1.31,40499
7037,31/07/18,Irakleion,35.32787,25.14341,137154,shop_2,adult-cola,plastic,1.5lt,2.86,24611
642,31/08/12,Irakleion,35.32787,25.14341,134219,shop_2,adult-cola,plastic,1.5lt,3.11,19079
1726,31/08/13,Irakleion,35.32787,25.14341,135432,shop_2,adult-cola,plastic,1.5lt,2.86,23204
2804,31/08/14,Irakleion,35.32787,25.14341,136202,shop_2,adult-cola,plastic,1.5lt,1.77,37356
3945,31/08/15,Irakleion,35.32787,25.14341,138560,shop_2,adult-cola,plastic,1.5lt,1.9,36164
4963,31/08/16,Irakleion,35.32787,25.14341,137302,shop_2,adult-cola,plastic,1.5lt,3.29,20322
6044,31/08/17,Irakleion,35.32787,25.14341,138200,shop_2,adult-cola,plastic,1.5lt,2.43,31011
7123,31/08/18,Irakleion,35.32787,25.14341,137154,shop_2,adult-cola,plastic,1.5lt,2.12,35075
827,31/10/12,Irakleion,35.32787,25.14341,134219,shop_2,adult-cola,plastic,1.5lt,3.2,13376
1906,31/10/13,Irakleion,35.32787,25.14341,135432,shop_2,adult-cola,plastic,1.5lt,1.96,25542
3057,31/10/14,Irakleion,35.32787,25.14341,136202,shop_2,adult-cola,plastic,1.5lt,2.51,20918
4064,31/10/15,Irakleion,35.32787,25.14341,138560,shop_2,adult-cola,plastic,1.5lt,1.73,28357
5146,31/10/16,Irakleion,35.32787,25.14341,137302,shop_2,adult-cola,plastic,1.5lt,3.25,15448
6227,31/10/17,Irakleion,35.32787,25.14341,138200,shop_2,adult-cola,plastic,1.5lt,2.25,24566
7369,31/10/18,Irakleion,35.32787,25.14341,137154,shop_2,adult-cola,plastic,1.5lt,2.63,21770
1007,31/12/12,Irakleion,35.32787,25.14341,134219,shop_2,adult-cola,plastic,1.5lt,2.65,18689
2084,31/12/13,Irakleion,35.32787,25.14341,135432,shop_2,adult-cola,plastic,1.5lt,1.94,25897
3165,31/12/14,Irakleion,35.32787,25.14341,136202,shop_2,adult-cola,plastic,1.5lt,2.86,17795
4313,31/12/15,Irakleion,35.32787,25.14341,138560,shop_2,adult-cola,plastic,1.5lt,2.53,21380
5326,31/12/16,Irakleion,35.32787,25.14341,137302,shop_2,adult-cola,plastic,1.5lt,2.97,17908
6406,31/12/17,Irakleion,35.32787,25.14341,138200,shop_2,adult-cola,plastic,1.5lt,2.22,24881
7553,31/12/18,Irakleion,35.32787,25.14341,137154,shop_2,adult-cola,plastic,1.5lt,2.36,24141
1245,28/02/13,Larisa,39.63689,22.41761,139242,shop_5,adult-cola,plastic,1.5lt,2.08,12660
2313,28/02/14,Larisa,39.63689,22.41761,140563,shop_5,adult-cola,plastic,1.5lt,3.81,4727
3393,28/02/15,Larisa,39.63689,22.41761,141732,shop_5,adult-cola,plastic,1.5lt,2.66,10416
5555,28/02/17,Larisa,39.63689,22.41761,144302,shop_5,adult-cola,plastic,1.5lt,2.32,12410
6638,28/02/18,Larisa,39.63689,22.41761,144651,shop_5,adult-cola,plastic,1.5lt,2.35,12471
150,29/02/12,Larisa,39.63689,22.41761,137540,shop_5,adult-cola,plastic,1.5lt,2.67,9505
4476,29/02/16,Larisa,39.63689,22.41761,142030,shop_5,adult-cola,plastic,1.5lt,1.59,15494
336,30/04/12,Larisa,39.63689,22.41761,137540,shop_5,adult-cola,plastic,1.5lt,3.16,11228
1417,30/04/13,Larisa,39.63689,22.41761,139242,shop_5,adult-cola,plastic,1.5lt,2.13,19650
2510,30/04/14,Larisa,39.63689,22.41761,140563,shop_5,adult-cola,plastic,1.5lt,2.93,14001
3570,30/04/15,Larisa,39.63689,22.41761,141732,shop_5,adult-cola,plastic,1.5lt,1.82,22617
4673,30/04/16,Larisa,39.63689,22.41761,142030,shop_5,adult-cola,plastic,1.5lt,2.8,15883
5730,30/04/17,Larisa,39.63689,22.41761,144302,shop_5,adult-cola,plastic,1.5lt,1.74,23691
6816,30/04/18,Larisa,39.63689,22.41761,144651,shop_5,adult-cola,plastic,1.5lt,2.9,15979
514,30/06/12,Larisa,39.63689,22.41761,137540,shop_5,adult-cola,plastic,1.5lt,2.94,15340
1590,30/06/13,Larisa,39.63689,22.41761,139242,shop_5,adult-cola,plastic,1.5lt,3.1,14544
2680,30/06/14,Larisa,39.63689,22.41761,140563,shop_5,adult-cola,plastic,1.5lt,1.74,27121
3753,30/06/15,Larisa,39.63689,22.41761,141732,shop_5,adult-cola,plastic,1.5lt,3.16,15144
4832,30/06/16,Larisa,39.63689,22.41761,142030,shop_5,adult-cola,plastic,1.5lt,2.47,21608
5906,30/06/17,Larisa,39.63689,22.41761,144302,shop_5,adult-cola,plastic,1.5lt,1.92,26555
6994,30/06/18,Larisa,39.63689,22.41761,144651,shop_5,adult-cola,plastic,1.5lt,2.11,25346
802,30/09/12,Larisa,39.63689,22.41761,137540,shop_5,adult-cola,plastic,1.5lt,2.98,9269
1866,30/09/13,Larisa,39.63689,22.41761,139242,shop_5,adult-cola,plastic,1.5lt,3.59,6268
2946,30/09/14,Larisa,39.63689,22.41761,140563,shop_5,adult-cola,plastic,1.5lt,0.51,23587
4038,30/09/15,Larisa,39.63689,22.41761,141732,shop_5,adult-cola,plastic,1.5lt,1.95,15885
5102,30/09/16,Larisa,39.63689,22.41761,142030,shop_5,adult-cola,plastic,1.5lt,2.29,14347
6208,30/09/17,Larisa,39.63689,22.41761,144302,shop_5,adult-cola,plastic,1.5lt,2.25,14765
7259,30/09/18,Larisa,39.63689,22.41761,144651,shop_5,adult-cola,plastic,1.5lt,3.99,6204
969,30/11/12,Larisa,39.63689,22.41761,137540,shop_5,adult-cola,plastic,1.5lt,1.96,18894
2065,30/11/13,Larisa,39.63689,22.41761,139242,shop_5,adult-cola,plastic,1.5lt,1.67,21203
3148,30/11/14,Larisa,39.63689,22.41761,140563,shop_5,adult-cola,plastic,1.5lt,3.14,11433
4200,30/11/15,Larisa,39.63689,22.41761,141732,shop_5,adult-cola,plastic,1.5lt,3,12783
5288,30/11/16,Larisa,39.63689,22.41761,142030,shop_5,adult-cola,plastic,1.5lt,2.86,14106
6362,30/11/17,Larisa,39.63689,22.41761,144302,shop_5,adult-cola,plastic,1.5lt,3.36,11276
7466,30/11/18,Larisa,39.63689,22.41761,144651,shop_5,adult-cola,plastic,1.5lt,1.59,22860
59,31/01/12,Larisa,39.63689,22.41761,137540,shop_5,adult-cola,plastic,1.5lt,2.83,9126
1169,31/01/13,Larisa,39.63689,22.41761,139242,shop_5,adult-cola,plastic,1.5lt,3.26,7274
2220,31/01/14,Larisa,39.63689,22.41761,140563,shop_5,adult-cola,plastic,1.5lt,0.94,19045
3305,31/01/15,Larisa,39.63689,22.41761,141732,shop_5,adult-cola,plastic,1.5lt,2.33,12468
4384,31/01/16,Larisa,39.63689,22.41761,142030,shop_5,adult-cola,plastic,1.5lt,2.71,10882
5464,31/01/17,Larisa,39.63689,22.41761,144302,shop_5,adult-cola,plastic,1.5lt,2.7,11190
6565,31/01/18,Larisa,39.63689,22.41761,144651,shop_5,adult-cola,plastic,1.5lt,2.77,11145
266,31/03/12,Larisa,39.63689,22.41761,137540,shop_5,adult-cola,plastic,1.5lt,1.95,15872
1329,31/03/13,Larisa,39.63689,22.41761,139242,shop_5,adult-cola,plastic,1.5lt,2.92,10445
2404,31/03/14,Larisa,39.63689,22.41761,140563,shop_5,adult-cola,plastic,1.5lt,3.5,7521
3491,31/03/15,Larisa,39.63689,22.41761,141732,shop_5,adult-cola,plastic,1.5lt,2.15,15524
4564,31/03/16,Larisa,39.63689,22.41761,142030,shop_5,adult-cola,plastic,1.5lt,1.82,17564
5667,31/03/17,Larisa,39.63689,22.41761,144302,shop_5,adult-cola,plastic,1.5lt,2.44,14402
6737,31/03/18,Larisa,39.63689,22.41761,144651,shop_5,adult-cola,plastic,1.5lt,2.75,13075
426,31/05/12,Larisa,39.63689,22.41761,137540,shop_5,adult-cola,plastic,1.5lt,2.89,13208
1522,31/05/13,Larisa,39.63689,22.41761,139242,shop_5,adult-cola,plastic,1.5lt,3.33,10408
2601,31/05/14,Larisa,39.63689,22.41761,140563,shop_5,adult-cola,plastic,1.5lt,2.48,17253
3665,31/05/15,Larisa,39.63689,22.41761,141732,shop_5,adult-cola,plastic,1.5lt,3.12,12959
4737,31/05/16,Larisa,39.63689,22.41761,142030,shop_5,adult-cola,plastic,1.5lt,2.25,19602
5823,31/05/17,Larisa,39.63689,22.41761,144302,shop_5,adult-cola,plastic,1.5lt,2.47,18426
6904,31/05/18,Larisa,39.63689,22.41761,144651,shop_5,adult-cola,plastic,1.5lt,0.82,30043
609,31/07/12,Larisa,39.63689,22.41761,137540,shop_5,adult-cola,plastic,1.5lt,2.47,22802
1687,31/07/13,Larisa,39.63689,22.41761,139242,shop_5,adult-cola,plastic,1.5lt,2.29,25192
2766,31/07/14,Larisa,39.63689,22.41761,140563,shop_5,adult-cola,plastic,1.5lt,2.24,26293
3842,31/07/15,Larisa,39.63689,22.41761,141732,shop_5,adult-cola,plastic,1.5lt,3.06,18569
4944,31/07/16,Larisa,39.63689,22.41761,142030,shop_5,adult-cola,plastic,1.5lt,3.1,18759
6001,31/07/17,Larisa,39.63689,22.41761,144302,shop_5,adult-cola,plastic,1.5lt,2.36,26469
7089,31/07/18,Larisa,39.63689,22.41761,144651,shop_5,adult-cola,plastic,1.5lt,2,30315
691,31/08/12,Larisa,39.63689,22.41761,137540,shop_5,adult-cola,plastic,1.5lt,2.66,16499
1794,31/08/13,Larisa,39.63689,22.41761,139242,shop_5,adult-cola,plastic,1.5lt,2.1,21629
2854,31/08/14,Larisa,39.63689,22.41761,140563,shop_5,adult-cola,plastic,1.5lt,2.88,15672
3935,31/08/15,Larisa,39.63689,22.41761,141732,shop_5,adult-cola,plastic,1.5lt,3.26,13158
5015,31/08/16,Larisa,39.63689,22.41761,142030,shop_5,adult-cola,plastic,1.5lt,2.07,22968
6088,31/08/17,Larisa,39.63689,22.41761,144302,shop_5,adult-cola,plastic,1.5lt,1.61,26784
7172,31/08/18,Larisa,39.63689,22.41761,144651,shop_5,adult-cola,plastic,1.5lt,2.95,17011
881,31/10/12,Larisa,39.63689,22.41761,137540,shop_5,adult-cola,plastic,1.5lt,2.44,10993
1957,31/10/13,Larisa,39.63689,22.41761,139242,shop_5,adult-cola,plastic,1.5lt,2.61,10418
3039,31/10/14,Larisa,,,140563,shop_5,adult-cola,plastic,1.5lt,2.55,11012
4133,31/10/15,Larisa,39.63689,22.41761,141732,shop_5,adult-cola,plastic,1.5lt,2.71,10508
5193,31/10/16,Larisa,39.63689,22.41761,142030,shop_5,adult-cola,plastic,1.5lt,3.78,5753
6275,31/10/17,Larisa,39.63689,22.41761,144302,shop_5,adult-cola,plastic,1.5lt,1.58,16207
7356,31/10/18,Larisa,39.63689,22.41761,144651,shop_5,adult-cola,plastic,1.5lt,1.8,15336
1054,31/12/12,Larisa,39.63689,22.41761,137540,shop_5,adult-cola,plastic,1.5lt,1.9,17890
2137,31/12/13,Larisa,39.63689,22.41761,139242,shop_5,adult-cola,plastic,1.5lt,2.91,11671
3230,31/12/14,Larisa,39.63689,22.41761,140563,shop_5,adult-cola,plastic,1.5lt,3.13,10649
4297,31/12/15,Larisa,39.63689,22.41761,141732,shop_5,adult-cola,plastic,1.5lt,1.39,21864
5372,31/12/16,Larisa,39.63689,22.41761,142030,shop_5,adult-cola,plastic,1.5lt,2.7,14098
6471,31/12/17,Larisa,39.63689,22.41761,144302,shop_5,adult-cola,plastic,1.5lt,3.83,7675
7532,31/12/18,Larisa,39.63689,22.41761,144651,shop_5,adult-cola,plastic,1.5lt,1.69,20659
