soda.csv
id,date,city,lat,long,pop,shop,brand,container,capacity,price,quantity
1173,28/02/13,Athens,37.97945,23.71622,671022,shop_1,adult-cola,can,330ml,0.58,22490
2253,28/02/14,Athens,37.97945,23.71622,668203,shop_1,adult-cola,can,330ml,0.86,11807
3335,28/02/15,Athens,37.97945,23.71622,667237,shop_1,adult-cola,can,330ml,0.8,14767
5494,28/02/17,Athens,37.97945,23.71622,665871,shop_1,adult-cola,can,330ml,0.74,18144
6575,28/02/18,Athens,37.97945,23.71622,664046,shop_1,adult-cola,can,330ml,0.67,21462
93,29/02/12,Athens,37.97945,23.71622,672130,shop_1,adult-cola,can,330ml,0.39,29463
4487,29/02/16,Athens,37.97945,23.71622,665102,shop_1,adult-cola,can,330ml,0.56,24619
274,30/04/12,Athens,37.97945,23.71622,672130,shop_1,adult-cola,can,330ml,0.75,20679
1354,30/04/13,Athens,37.97945,23.71622,671022,shop_1,adult-cola,can,330ml,0.32,45249
2435,30/04/14,Athens,37.97945,23.71622,668203,shop_1,adult-cola,can,330ml,0.79,20350
3515,30/04/15,Athens,37.97945,23.71622,667237,shop_1,adult-cola,can,330ml,0.8,20237
4593,30/04/16,Athens,37.97945,23.71622,665102,shop_1,adult-cola,can,330ml,0.65,29011
5674,30/04/17,Athens,37.97945,23.71622,665871,shop_1,adult-cola,can,330ml,0.73,25809
6754,30/04/18,Athens,37.97945,23.71622,664046,shop_1,adult-cola,can,330ml,0.55,35417
452,30/06/12,Athens,37.97945,23.71622,672130,shop_1,adult-cola,can,330ml,0.64,35499
1534,30/06/13,Athens,37.97945,23.71622,671022,shop_1,adult-cola,can,330ml,0.63,37078
2615,30/06/14,Athens,37.97945,23.71622,668203,shop_1,adult-cola,can,330ml,0.73,31013
3695,30/06/15,Athens,37.97945,23.71622,667237,shop_1,adult-cola,can,330ml,0.73,32072
4849,30/06/16,Athens,37.97945,23.71622,665102,shop_1,adult-cola,can,330ml,0.61,41136
5924,30/06/17,Athens,37.97945,23.71622,665871,shop_1,adult-cola,can,330ml,0.58,44386
6935,30/06/18,Athens,37.97945,23.71622,664046,shop_1,adult-cola,can,330ml,0.68,38200
724,30/09/12,Athens,37.97945,23.71622,672130,shop_1,adult-cola,can,330ml,0.63,30580
1805,30/09/13,Athens,37.97945,23.71622,671022,shop_1,adult-cola,can,330ml,0.78,21721
2884,30/09/14,Athens,37.97945,23.71622,668203,shop_1,adult-cola,can,330ml,0.62,32426
3963,30/09/15,Athens,37.97945,23.71622,667237,shop_1,adult-cola,can,330ml,0.52,39398
5043,30/09/16,Athens,37.97945,23.71622,665102,shop_1,adult-cola,can,330ml,0.53,39283
6123,30/09/17,Athens,37.97945,23.71622,665871,shop_1,adult-cola,can,330ml,0.77,26451
7268,30/09/18,Athens,37.97945,23.71622,664046,shop_1,adult-cola,can,330ml,0.74,28676
905,30/11/12,Athens,37.97945,23.71622,672130,shop_1,adult-cola,can,330ml,0.65,20157
1984,30/11/13,Athens,37.97945,23.71622,671022,shop_1,adult-cola,can,330ml,0.78,15119
3063,30/11/14,Athens,37.97945,23.71622,668203,shop_1,adult-cola,can,330ml,0.79,15347
4144,30/11/15,Athens,37.97945,23.71622,667237,shop_1,adult-cola,can,330ml,0.56,25358
5225,30/11/16,Athens,37.97945,23.71622,665102,shop_1,adult-cola,can,330ml,0.92,11685
6304,30/11/17,Athens,37.97945,23.71622,665871,shop_1,adult-cola,can,330ml,0.38,33431
7460,30/11/18,Athens,37.97945,23.71622,664046,shop_1,adult-cola,can,330ml,0.49,29531
4,31/01/12,Athens,37.97945,23.71622,672130,shop_1,adult-cola,can,330ml,0.39,25696
1085,31/01/13,Athens,37.97945,23.71622,671022,shop_1,adult-cola,can,330ml,0.79,12185
2164,31/01/14,Athens,37.97945,23.71622,668203,shop_1,adult-cola,can,330ml,0.89,9337
3243,31/01/15,Athens,37.97945,23.71622,667237,shop_1,adult-cola,can,330ml,0.77,14014
4401,31/01/16,Athens,37.97945,23.71622,665102,shop_1,adult-cola,can,330ml,0.3,29777
5405,31/01/17,Athens,37.97945,23.71622,665871,shop_1,adult-cola,can,330ml,0.82,13420
6561,31/01/18,Athens,37.97945,23.71622,664046,shop_1,adult-cola,can,330ml,0.65,19080
255,31/03/12,Athens,37.97945,23.71622,672130,shop_1,adult-cola,can,330ml,0.71,18762
1264,31/03/13,Athens,37.97945,23.71622,671022,shop_1,adult-cola,can,330ml,0.84,13338
2344,31/03/14,Athens,37.97945,23.71622,668203,shop_1,adult-cola,can,330ml,0.94,9855
3425,31/03/15,Athens,37.97945,23.71622,667237,shop_1,adult-cola,can,330ml,0.61,24941
4585,31/03/16,Athens,37.97945,23.71622,665102,shop_1,adult-cola,can,330ml,0.49,30565
6663,31/03/18,Athens,37.97945,,664046,shop_1,adult-cola,can,330ml,0.49,31409
364,31/05/12,Athens,37.97945,23.71622,672130,shop_1,adult-cola,can,330ml,0.79,21227
1519,31/05/13,Athens,37.97945,23.71622,671022,shop_1,adult-cola,can,330ml,0.57,37089
2525,31/05/14,Athens,37.97945,23.71622,668203,shop_1,adult-cola,can,330ml,0.7,29253
3605,31/05/15,Athens,37.97945,23.71622,667237,shop_1,adult-cola,can,330ml,0.87,20075
4763,31/05/16,Athens,37.97945,23.71622,665102,shop_1,adult-cola,can,330ml,0.43,47876
5764,31/05/17,Athens,37.97945,23.71622,665871,shop_1,adult-cola,can,330ml,0.77,28304
6925,31/05/18,Athens,37.97945,23.71622,664046,shop_1,adult-cola,can,330ml,0.43,48913
544,31/07/12,Athens,37.97945,23.71622,672130,shop_1,adult-cola,can,330ml,0.69,38842
1623,31/07/13,Athens,37.97945,23.71622,671022,shop_1,adult-cola,can,330ml,0.62,46338
2786,31/07/14,Athens,37.97945,23.71622,668203,shop_1,adult-cola,can,330ml,0.62,47558
3784,31/07/15,Athens,37.97945,23.71622,667237,shop_1,adult-cola,can,330ml,0.66,45512
4865,31/07/16,Athens,37.97945,23.71622,665102,shop_1,adult-cola,can,330ml,0.7,43422
5945,31/07/17,Athens,37.97945,23.71622,665871,shop_1,adult-cola,can,330ml,0.41,68189
7024,31/07/18,Athens,37.97945,23.71622,664046,shop_1,adult-cola,can,330ml,0.91,28645
632,31/08/12,Athens,37.97945,23.71622,672130,shop_1,adult-cola,can,330ml,0.81,20893
1713,31/08/13,Athens,37.97945,23.71622,671022,shop_1,adult-cola,can,330ml,0.78,24463
2791,31/08/14,Athens,37.97945,23.71622,668203,shop_1,adult-cola,can,330ml,0.47,46029
3948,31/08/15,Athens,37.97945,23.71622,667237,shop_1,adult-cola,can,330ml,0.57,40419
4953,31/08/16,Athens,37.97945,23.71622,665102,shop_1,adult-cola,can,330ml,0.52,44478
6032,31/08/17,Athens,37.97945,23.71622,665871,shop_1,adult-cola,can,330ml,0.92,19795
7180,31/08/18,Athens,37.97945,23.71622,664046,shop_1,adult-cola,can,330ml,0.5,46742
815,31/10/12,Athens,37.97945,23.71622,672130,shop_1,adult-cola,can,330ml,0.8,16301
1894,31/10/13,Athens,37.97945,23.71622,671022,shop_1,adult-cola,can,330ml,0.59,28120
3053,31/10/14,Athens,37.97945,23.71622,668203,shop_1,adult-cola,can,330ml,0.4,37875
4055,31/10/15,Athens,37.97945,23.71622,667237,shop_1,adult-cola,can,330ml,0.57,30016
5134,31/10/16,Athens,37.97945,23.71622,665102,shop_1,adult-cola,can,330ml,0.73,23259
6292,31/10/17,Athens,37.97945,23.71622,665871,shop_1,adult-cola,can,330ml,0.87,17381
7295,31/10/18,Athens,37.97945,23.71622,664046,shop_1,adult-cola,can,330ml,0.64,28390
993,31/12/12,Athens,37.97945,23.71622,672130,shop_1,adult-cola,can,330ml,0.77,18272
2073,31/12/13,Athens,37.97945,23.71622,671022,shop_1,adult-cola,can,330ml,0.71,22156
3228,31/12/14,Athens,37.97945,23.71622,668203,shop_1,adult-cola,can,330ml,0.59,29023
4308,31/12/15,Athens,37.97945,23.71622,667237,shop_1,adult-cola,can,330ml,0.48,35384
5315,31/12/16,Athens,37.97945,23.71622,665102,shop_1,adult-cola,can,330ml,0.58,30629
6395,31/12/17,Athens,37.97945,23.71622,665871,shop_1,adult-cola,can,330ml,0.62,29411
7549,31/12/18,Athens,37.97945,23.71622,664046,shop_1,adult-cola,can,330ml,0.83,19982
1223,28/02/13,Athens,37.96245,23.68708,671022,shop_3,adult-cola,can,330ml,0.7,12591
2300,28/02/14,Athens,37.96245,23.68708,668203,shop_3,adult-cola,can,330ml,0.88,7868
3382,28/02/15,Athens,37.96245,23.68708,667237,shop_3,adult-cola,can,330ml,0.66,14340
5547,28/02/17,Athens,37.96245,23.68708,665871,shop_3,adult-cola,can,330ml,0.69,14487
6625,28/02/18,Athens,37.96245,23.68708,664046,shop_3,adult-cola,can,330ml,0.7,14459
175,29/02/12,Athens,37.96245,23.68708,672130,shop_3,adult-cola,can,330ml,0.39,21239
4462,29/02/16,Athens,37.96245,23.68708,665102,shop_3,adult-cola,can,330ml,0.59,16610
326,30/04/12,Athens,37.96245,23.68708,672130,shop_3,adult-cola,can,330ml,0.88,11412
1404,30/04/13,Athens,37.96245,23.68708,671022,shop_3,adult-cola,can,330ml,0.84,14073
2490,30/04/14,Athens,37.96245,23.68708,668203,shop_3,adult-cola,can,330ml,0.63,25046
3585,30/04/15,Athens,37.96245,23.68708,667237,shop_3,adult-cola,can,330ml,0.59,27321
4643,30/04/16,Athens,37.96245,23.68708,665102,shop_3,adult-cola,can,330ml,0.56,29265
5723,30/04/17,Athens,37.96245,23.68708,665871,shop_3,adult-cola,can,330ml,0.52,31362
6804,30/04/18,Athens,37.96245,23.68708,664046,shop_3,adult-cola,can,330ml,0.53,31514
502,30/06/12,Athens,37.96245,23.68708,672130,shop_3,adult-cola,can,330ml,0.71,25694
1613,30/06/13,Athens,37.96245,23.68708,671022,shop_3,adult-cola,can,330ml,0.69,28114
2668,30/06/14,Athens,37.96245,23.68708,668203,shop_3,adult-cola,can,330ml,0.56,37225
3741,30/06/15,Athens,37.96245,23.68708,667237,shop_3,adult-cola,can,330ml,0.66,31618
4821,30/06/16,Athens,37.96245,23.68708,665102,shop_3,adult-cola,can,330ml,0.64,33923
5918,30/06/17,Athens,37.96245,23.68708,665871,shop_3,adult-cola,can,330ml,0.62,35877
6982,30/06/18,Athens,37.96245,23.68708,664046,shop_3,adult-cola,can,330ml,0.72,30812
776,30/09/12,Athens,37.96245,23.68708,672130,shop_3,adult-cola,can,330ml,0.98,7251
1882,30/09/13,Athens,37.96245,23.68708,671022,shop_3,adult-cola,can,330ml,0.69,23942
2935,30/09/14,Athens,37.96245,23.68708,668203,shop_3,adult-cola,can,330ml,0.49,34982
4040,30/09/15,Athens,37.96245,23.68708,667237,shop_3,adult-cola,can,330ml,0.66,26855
5089,30/09/16,Athens,37.96245,23.68708,665102,shop_3,adult-cola,can,330ml,0.91,14780
6177,30/09/17,Athens,37.96245,23.68708,665871,shop_3,adult-cola,can,330ml,0.44,38859
7248,30/09/18,Athens,37.96245,23.68708,664046,shop_3,adult-cola,can,330ml,0.38,42463
957,30/11/12,Athens,37.96245,23.68708,672130,shop_3,adult-cola,can,330ml,0.83,11914
2033,30/11/13,Athens,37.96245,23.68708,671022,shop_3,adult-cola,can,330ml,0.58,23162
3118,30/11/14,Athens,37.96245,23.68708,668203,shop_3,adult-cola,can,330ml,0.64,21045
4190,30/11/15,Athens,37.96245,23.68708,667237,shop_3,adult-cola,can,330ml,0.7,19298
5276,30/11/16,Athens,37.96245,23.68708,665102,shop_3,adult-cola,can,330ml,0.54,25916
6352,30/11/17,Athens,37.96245,23.68708,665871,shop_3,adult-cola,can,330ml,0.6,24165
7433,30/11/18,Athens,37.96245,23.68708,664046,shop_3,adult-cola,can,330ml,0.69,21384
50,31/01/12,Athens,37.96245,23.68708,672130,shop_3,adult-cola,can,330ml,0.71,12035
1137,31/01/13,Athens,37.96245,23.68708,671022,shop_3,adult-cola,can,330ml,0.64,14646
2211,31/01/14,Athens,37.96245,23.68708,668203,shop_3,adult-cola,can,330ml,0.31,24634
3293,31/01/15,Athens,37.96245,23.68708,667237,shop_3,adult-cola,can,330ml,1.01,4927
4372,31/01/16,Athens,37.96245,23.68708,665102,shop_3,adult-cola,can,330ml,0.6,17006
5453,31/01/17,Athens,37.96245,23.68708,665871,shop_3,adult-cola,can,330ml,0.64,16380
6530,31/01/18,Athens,,,664046,shop_3,adult-cola,can,330ml,0.68,15650
260,31/03/12,Athens,37.96245,23.68708,672130,shop_3,adult-cola,can,330ml,0.77,13152
1349,31/03/13,Athens,37.96245,23.68708,671022,shop_3,adult-cola,can,330ml,0.58,20893
2393,31/03/14,Athens,37.96245,23.68708,668203,shop_3,adult-cola,can,330ml,0.69,17403
3477,31/03/15,Athens,37.96245,23.68708,667237,shop_3,adult-cola,can,330ml,0.66,19001
4554,31/03/16,Athens,37.96245,23.68708,665102,shop_3,adult-cola,can,330ml,0.6,21458
5632,31/03/17,Athens,37.96245,23.68708,665871,shop_3,adult-cola,can,330ml,0.74,17185
6711,31/03/18,Athens,37.96245,23.68708,664046,shop_3,adult-cola,can,330ml,0.53,24671
414,31/05/12,Athens,37.96245,,672130,shop_3,adult-cola,can,330ml,0.74,22108
1497,31/05/13,Athens,37.96245,23.68708,671022,shop_3,adult-cola,can,330ml,0.81,18756
2577,31/05/14,Athens,37.96245,23.68708,668203,shop_3,adult-cola,can,330ml,0.73,24662
3654,31/05/15,Athens,37.96245,23.68708,667237,shop_3,adult-cola,can,330ml,0.69,27586
4769,31/05/16,Athens,37.96245,23.68708,665102,shop_3,adult-cola,can,330ml,0.16,57236
5811,31/05/17,Athens,37.96245,23.68708,665871,shop_3,adult-cola,can,330ml,0.71,27929
6892,31/05/18,Athens,,,664046,shop_3,adult-cola,can,330ml,0.74,27071
629,31/07/12,Athens,37.96245,23.68708,672130,shop_3,adult-cola,can,330ml,0.75,27085
1673,31/07/13,Athens,37.96245,23.68708,671022,shop_3,adult-cola,can,330ml,0.7,32210
2783,31/07/14,Athens,37.96245,23.68708,668203,shop_3,adult-cola,can,330ml,0.66,36256
3832,31/07/15,Athens,37.96245,23.68708,667237,shop_3,adult-cola,can,330ml,0.54,45899
4912,31/07/16,Athens,37.96245,23.68708,665102,shop_3,adult-cola,can,330ml,0.37,58567
5990,31/07/17,Athens,37.96245,23.68708,665871,shop_3,adult-cola,can,330ml,0.58,44522
7077,31/07/18,Athens,37.96245,23.68708,664046,shop_3,adult-cola,can,330ml,0.99,18344
711,31/08/12,Athens,37.96245,23.68708,672130,shop_3,adult-cola,can,330ml,0.72,22070
1760,31/08/13,Athens,37.96245,23.68708,671022,shop_3,adult-cola,can,330ml,0.67,25834
2841,31/08/14,Athens,37.96245,23.68708,668203,shop_3,adult-cola,can,330ml,0.59,30902
3924,31/08/15,Athens,37.96245,23.68708,667237,shop_3,adult-cola,can,330ml,0.46,38767
5002,31/08/16,Athens,37.96245,23.68708,665102,shop_3,adult-cola,can,330ml,0.82,20581
6077,31/08/17,Athens,37.96245,23.68708,665871,shop_3,adult-cola,can,330ml,0.56,34742
7159,31/08/18,Athens,37.96245,23.68708,664046,shop_3,adult-cola,can,330ml,0.76,25105
870,31/10/12,Athens,37.96245,23.68708,672130,shop_3,adult-cola,can,330ml,0.7,17584
1944,31/10/13,Athens,37.96245,23.68708,671022,shop_3,adult-cola,can,330ml,0.57,23612
3027,31/10/14,Athens,37.96245,23.68708,668203,shop_3,adult-cola,can,330ml,0.6,22826
4101,31/10/15,Athens,37.96245,23.68708,667237,shop_3,adult-cola,can,330ml,0.55,25302
5207,31/10/16,Athens,37.96245,23.68708,665102,shop_3,adult-cola,can,330ml,0.44,30204
7374,31/10/18,Athens,37.96245,23.68708,664046,shop_3,adult-cola,can,330ml,0.81,16908
1043,31/12/12,Athens,37.96245,23.68708,672130,shop_3,adult-cola,can,330ml,0.77,14590
2125,31/12/13,Athens,37.96245,23.68708,671022,shop_3,adult-cola,can,330ml,0.82,13055
3199,31/12/14,Athens,37.96245,23.68708,668203,shop_3,adult-cola,can,330ml,0.72,17895
4285,31/12/15,Athens,37.96245,23.68708,667237,shop_3,adult-cola,can,330ml,0.52,26803
5364,31/12/16,Athens,37.96245,23.68708,665102,shop_3,adult-cola,can,330ml,0.5,27756
6464,31/12/17,Athens,37.96245,23.68708,665871,shop_3,adult-cola,can,330ml,0.69,20795
7522,31/12/18,Athens,37.96245,23.68708,664046,shop_3,adult-cola,can,330ml,0.54,27178
6265,31/10/17,Athens,37.96245,23.68708,665871,shop_3,adult-cola,,330ml,0.93,11677
