soda.csv
id,date,city,lat,long,pop,shop,brand,container,capacity,price,quantity
1252,28/02/13,Irakleion,35.32787,25.14341,135432,shop_2,adult-cola,can,330ml,0.49,25780
2264,28/02/14,Irakleion,35.32787,25.14341,136202,shop_2,adult-cola,can,330ml,0.6,22115
3346,28/02/15,Irakleion,35.32787,25.14341,138560,shop_2,adult-cola,can,330ml,0.73,17601
5507,28/02/17,Irakleion,35.32787,25.14341,138200,shop_2,adult-cola,can,330ml,0.85,14346
6588,28/02/18,Irakleion,35.32787,25.14341,137154,shop_2,adult-cola,can,330ml,0.5,27470
165,29/02/12,Irakleion,35.32787,25.14341,134219,shop_2,adult-cola,can,330ml,0.67,17989
4488,29/02/16,Irakleion,35.32787,25.14341,137302,shop_2,adult-cola,can,330ml,0.75,17349
288,30/04/12,Irakleion,35.32787,25.14341,134219,shop_2,adult-cola,can,330ml,0.66,34570
1367,30/04/13,Irakleion,35.32787,25.14341,135432,shop_2,adult-cola,can,330ml,0.76,28273
2449,30/04/14,Irakleion,35.32787,25.14341,136202,shop_2,adult-cola,can,330ml,0.67,36454
3527,30/04/15,Irakleion,35.32787,25.14341,138560,shop_2,adult-cola,can,330ml,0.74,32513
4605,30/04/16,Irakleion,35.32787,25.14341,137302,shop_2,adult-cola,can,330ml,0.66,38926
5685,30/04/17,Irakleion,35.32787,25.14341,138200,shop_2,adult-cola,can,330ml,0.53,49533
6764,30/04/18,Irakleion,35.32787,25.14341,137154,shop_2,adult-cola,can,330ml,0.55,48774
464,30/06/12,Irakleion,35.32787,25.14341,134219,shop_2,adult-cola,can,330ml,0.54,53237
1617,30/06/13,Irakleion,35.32787,25.14341,135432,shop_2,adult-cola,can,330ml,0.62,47438
2629,30/06/14,Irakleion,35.32787,25.14341,136202,shop_2,adult-cola,can,330ml,0.61,49510
3709,30/06/15,Irakleion,35.32787,25.14341,138560,shop_2,adult-cola,can,330ml,0.59,52350
4787,30/06/16,Irakleion,35.32787,25.14341,137302,shop_2,adult-cola,can,330ml,0.65,48478
5864,30/06/17,Irakleion,35.32787,25.14341,138200,shop_2,adult-cola,can,330ml,0.73,42538
7015,30/06/18,Irakleion,35.32787,25.14341,137154,shop_2,adult-cola,can,330ml,0.89,30712
739,30/09/12,Irakleion,35.32787,25.14341,134219,shop_2,adult-cola,can,330ml,0.74,24024
1815,30/09/13,Irakleion,35.32787,25.14341,135432,shop_2,adult-cola,can,330ml,0.64,31668
2895,30/09/14,Irakleion,35.32787,25.14341,136202,shop_2,adult-cola,can,330ml,0.56,37168
3976,30/09/15,Irakleion,35.32787,25.14341,138560,shop_2,adult-cola,can,330ml,0.5,41549
5053,30/09/16,Irakleion,35.32787,25.14341,137302,shop_2,adult-cola,can,330ml,0.69,30759
6138,30/09/17,Irakleion,35.32787,25.14341,138200,shop_2,adult-cola,can,330ml,0.68,32477
7212,30/09/18,Irakleion,35.32787,25.14341,137154,shop_2,adult-cola,can,330ml,0.79,26941
918,30/11/12,Irakleion,35.32787,25.14341,134219,shop_2,adult-cola,can,330ml,0.87,12794
1994,30/11/13,Irakleion,35.32787,25.14341,135432,shop_2,adult-cola,can,330ml,0.56,30652
3075,30/11/14,Irakleion,35.32787,25.14341,136202,shop_2,adult-cola,can,330ml,0.56,30836
4155,30/11/15,Irakleion,35.32787,25.14341,138560,shop_2,adult-cola,can,330ml,0.69,24910
5240,30/11/16,Irakleion,35.32787,25.14341,137302,shop_2,adult-cola,can,330ml,0.71,24876
6316,30/11/17,Irakleion,35.32787,25.14341,138200,shop_2,adult-cola,can,330ml,0.69,26541
7453,30/11/18,Irakleion,35.32787,25.14341,137154,shop_2,adult-cola,can,330ml,0.49,36657
89,31/01/12,Irakleion,35.32787,25.14341,134219,shop_2,adult-cola,can,330ml,0.64,21095
1100,31/01/13,Irakleion,35.32787,25.14341,135432,shop_2,adult-cola,can,330ml,0.65,21490
2178,31/01/14,Irakleion,35.32787,25.14341,136202,shop_2,adult-cola,can,330ml,0.61,23711
3328,31/01/15,Irakleion,35.32787,25.14341,138560,shop_2,adult-cola,can,330ml,0.49,29187
4338,31/01/16,Irakleion,35.32787,25.14341,137302,shop_2,adult-cola,can,330ml,0.71,20687
5416,31/01/17,Irakleion,35.32787,25.14341,138200,shop_2,adult-cola,can,330ml,0.82,16708
6550,31/01/18,Irakleion,35.32787,25.14341,137154,shop_2,adult-cola,can,330ml,0.68,23138
261,31/03/12,Irakleion,35.32787,25.14341,134219,shop_2,adult-cola,can,330ml,0.67,22329
1347,31/03/13,Irakleion,35.32787,25.14341,135432,shop_2,adult-cola,can,330ml,0.61,25939
2357,31/03/14,Irakleion,35.32787,25.14341,136202,shop_2,adult-cola,can,330ml,0.7,22207
3502,31/03/15,Irakleion,35.32787,25.14341,138560,shop_2,adult-cola,can,330ml,0.28,42738
4575,31/03/16,Irakleion,35.32787,25.14341,137302,shop_2,adult-cola,can,330ml,0.95,12044
5654,31/03/17,Irakleion,35.32787,25.14341,138200,shop_2,adult-cola,can,330ml,0.7,24038
6675,31/03/18,Irakleion,35.32787,25.14341,137154,shop_2,adult-cola,can,330ml,0.69,25113
375,31/05/12,Irakleion,35.32787,25.14341,134219,shop_2,adult-cola,can,330ml,0.6,41068
1457,31/05/13,Irakleion,35.32787,25.14341,135432,shop_2,adult-cola,can,330ml,0.62,40094
2602,31/05/14,Irakleion,35.32787,25.14341,136202,shop_2,adult-cola,can,330ml,0.75,31297
3613,31/05/15,Irakleion,35.32787,25.14341,138560,shop_2,adult-cola,can,330ml,0.6,44052
4692,31/05/16,Irakleion,35.32787,25.14341,137302,shop_2,adult-cola,can,330ml,0.69,37935
5776,31/05/17,Irakleion,35.32787,25.14341,138200,shop_2,adult-cola,can,330ml,0.75,34553
6854,31/05/18,Irakleion,35.32787,25.14341,137154,shop_2,adult-cola,can,330ml,0.58,47456
557,31/07/12,Irakleion,35.32787,25.14341,134219,shop_2,adult-cola,can,330ml,0.68,43018
1634,31/07/13,Irakleion,35.32787,25.14341,135432,shop_2,adult-cola,can,330ml,0.57,55555
2716,31/07/14,Irakleion,35.32787,25.14341,136202,shop_2,adult-cola,can,330ml,0.59,55251
3796,31/07/15,Irakleion,35.32787,25.14341,138560,shop_2,adult-cola,can,330ml,0.71,45110
4878,31/07/16,Irakleion,35.32787,25.14341,137302,shop_2,adult-cola,can,330ml,0.75,42350
5956,31/07/17,Irakleion,35.32787,25.14341,138200,shop_2,adult-cola,can,330ml,0.64,53566
7038,31/07/18,Irakleion,35.32787,25.14341,137154,shop_2,adult-cola,can,330ml,0.66,53263
643,31/08/12,Irakleion,35.32787,25.14341,134219,shop_2,adult-cola,can,330ml,0.71,30002
1796,31/08/13,Irakleion,35.32787,25.14341,135432,shop_2,adult-cola,can,330ml,0.59,40160
2805,31/08/14,Irakleion,35.32787,25.14341,136202,shop_2,adult-cola,can,330ml,0.64,37205
3957,31/08/15,Irakleion,35.32787,25.14341,138560,shop_2,adult-cola,can,330ml,0.59,42045
4964,31/08/16,Irakleion,35.32787,25.14341,137302,shop_2,adult-cola,can,330ml,0.69,36039
6116,31/08/17,Irakleion,35.32787,25.14341,138200,shop_2,adult-cola,can,330ml,0.59,43683
7124,31/08/18,Irakleion,35.32787,25.14341,137154,shop_2,adult-cola,can,330ml,0.79,31431
892,31/10/12,Irakleion,35.32787,25.14341,134219,shop_2,adult-cola,can,330ml,0.77,20916
1907,31/10/13,Irakleion,35.32787,25.14341,135432,shop_2,adult-cola,can,330ml,0.57,33438
2985,31/10/14,Irakleion,35.32787,25.14341,136202,shop_2,adult-cola,can,330ml,0.72,25813
4137,31/10/15,Irakleion,35.32787,25.14341,138560,shop_2,adult-cola,can,330ml,0.65,30661
5147,31/10/16,Irakleion,35.32787,25.14341,137302,shop_2,adult-cola,can,330ml,0.81,22299
6228,31/10/17,Irakleion,35.32787,25.14341,138200,shop_2,adult-cola,can,330ml,0.54,38149
7308,31/10/18,Irakleion,35.32787,25.14341,137154,shop_2,adult-cola,can,330ml,0.52,39474
1008,31/12/12,Irakleion,35.32787,25.14341,134219,shop_2,adult-cola,can,330ml,0.75,26768
2085,31/12/13,Irakleion,35.32787,25.14341,135432,shop_2,adult-cola,can,330ml,0.57,41308
3166,31/12/14,Irakleion,35.32787,25.14341,136202,shop_2,adult-cola,can,330ml,0.77,27533
4244,31/12/15,Irakleion,35.32787,25.14341,138560,shop_2,adult-cola,can,330ml,0.66,36582
5327,31/12/16,Irakleion,35.32787,25.14341,137302,shop_2,adult-cola,can,330ml,0.68,35949
6407,31/12/17,Irakleion,35.32787,25.14341,138200,shop_2,adult-cola,can,330ml,0.81,28717
7484,31/12/18,Irakleion,35.32787,25.14341,137154,shop_2,adult-cola,can,330ml,0.33,61297
1235,28/02/13,Larisa,39.63689,22.41761,139242,shop_5,adult-cola,can,330ml,0.34,29358
2322,28/02/14,Larisa,39.63689,22.41761,140563,shop_5,adult-cola,can,330ml,0.78,13963
3400,28/02/15,Larisa,39.63689,22.41761,141732,shop_5,adult-cola,can,330ml,0.6,20691
5556,28/02/17,Larisa,39.63689,22.41761,144302,shop_5,adult-cola,can,330ml,0.71,17812
6639,28/02/18,Larisa,39.63689,22.41761,144651,shop_5,adult-cola,can,330ml,0.65,20309
151,29/02/12,Larisa,39.63689,22.41761,137540,shop_5,adult-cola,can,330ml,0.88,8850
337,30/04/12,Larisa,39.63689,22.41761,137540,shop_5,adult-cola,can,330ml,0.61,26374
1427,30/04/13,Larisa,39.63689,22.41761,139242,shop_5,adult-cola,can,330ml,0.65,24556
2501,30/04/14,Larisa,39.63689,22.41761,140563,shop_5,adult-cola,can,330ml,0.72,21905
3571,30/04/15,Larisa,39.63689,22.41761,141732,shop_5,adult-cola,can,330ml,0.51,32906
4657,30/04/16,Larisa,39.63689,22.41761,142030,shop_5,adult-cola,can,330ml,0.79,19908
5731,30/04/17,Larisa,39.63689,22.41761,144302,shop_5,adult-cola,can,330ml,0.43,37750
6817,30/04/18,Larisa,39.63689,22.41761,144651,shop_5,adult-cola,can,330ml,0.87,17749
534,30/06/12,Larisa,39.63689,22.41761,137540,shop_5,adult-cola,can,330ml,0.73,29439
1591,30/06/13,Larisa,39.63689,22.41761,139242,shop_5,adult-cola,can,330ml,0.7,33020
2681,30/06/14,Larisa,39.63689,22.41761,140563,shop_5,adult-cola,can,330ml,0.68,35764
3754,30/06/15,Larisa,39.63689,22.41761,141732,shop_5,adult-cola,can,330ml,0.76,30974
4833,30/06/16,Larisa,39.63689,22.41761,142030,shop_5,adult-cola,can,330ml,0.67,38452
5907,30/06/17,Larisa,39.63689,22.41761,144302,shop_5,adult-cola,can,330ml,0.16,75069
6995,30/06/18,Larisa,39.63689,22.41761,144651,shop_5,adult-cola,can,330ml,0.87,26850
787,30/09/12,Larisa,39.63689,22.41761,137540,shop_5,adult-cola,can,330ml,0.63,21386
1881,30/09/13,Larisa,39.63689,22.41761,139242,shop_5,adult-cola,can,330ml,0.69,19332
2969,30/09/14,Larisa,39.63689,22.41761,140563,shop_5,adult-cola,can,330ml,0.52,27337
4025,30/09/15,Larisa,39.63689,22.41761,141732,shop_5,adult-cola,can,330ml,0.69,20823
5103,30/09/16,Larisa,39.63689,22.41761,142030,shop_5,adult-cola,can,330ml,0.59,25452
6187,30/09/17,Larisa,39.63689,22.41761,144302,shop_5,adult-cola,can,330ml,0.76,19216
7288,30/09/18,Larisa,39.63689,22.41761,144651,shop_5,adult-cola,can,330ml,0.73,20985
970,30/11/12,Larisa,39.63689,22.41761,137540,shop_5,adult-cola,can,330ml,0.67,19537
2061,30/11/13,Larisa,39.63689,22.41761,139242,shop_5,adult-cola,can,330ml,0.48,28477
3129,30/11/14,Larisa,39.63689,22.41761,140563,shop_5,adult-cola,can,330ml,0.77,16530
4201,30/11/15,Larisa,39.63689,22.41761,141732,shop_5,adult-cola,can,330ml,0.6,24140
5296,30/11/16,Larisa,39.63689,22.41761,142030,shop_5,adult-cola,can,330ml,0.77,17831
6363,30/11/17,Larisa,39.63689,22.41761,144302,shop_5,adult-cola,can,330ml,0.83,16185
7464,30/11/18,Larisa,39.63689,22.41761,144651,shop_5,adult-cola,can,330ml,0.47,30886
60,31/01/12,Larisa,39.63689,22.41761,137540,shop_5,adult-cola,can,330ml,0.59,17878
1157,31/01/13,Larisa,39.63689,22.41761,139242,shop_5,adult-cola,can,330ml,0.74,13255
2221,31/01/14,Larisa,39.63689,22.41761,140563,shop_5,adult-cola,can,330ml,0.72,14346
3306,31/01/15,Larisa,39.63689,22.41761,141732,shop_5,adult-cola,can,330ml,0.76,13693
4385,31/01/16,Larisa,39.63689,22.41761,142030,shop_5,adult-cola,can,330ml,0.62,18493
5465,31/01/17,Larisa,39.63689,22.41761,144302,shop_5,adult-cola,can,330ml,0.51,22169
6541,31/01/18,Larisa,39.63689,22.41761,144651,shop_5,adult-cola,can,330ml,0.64,18661
242,31/03/12,Larisa,39.63689,22.41761,137540,shop_5,adult-cola,can,330ml,0.6,19785
1343,31/03/13,Larisa,39.63689,22.41761,139242,shop_5,adult-cola,can,330ml,0.71,16165
2405,31/03/14,Larisa,39.63689,22.41761,140563,shop_5,adult-cola,can,330ml,0.66,18392
3492,31/03/15,Larisa,39.63689,22.41761,141732,shop_5,adult-cola,can,330ml,0.5,24802
4565,31/03/16,Larisa,39.63689,22.41761,142030,shop_5,adult-cola,can,330ml,0.33,31329
5652,31/03/17,Larisa,39.63689,22.41761,144302,shop_5,adult-cola,can,330ml,0.88,12314
6730,31/03/18,Larisa,39.63689,22.41761,144651,shop_5,adult-cola,can,330ml,0.93,11153
427,31/05/12,Larisa,39.63689,22.41761,137540,shop_5,adult-cola,can,330ml,0.53,38982
1507,31/05/13,Larisa,39.63689,22.41761,139242,shop_5,adult-cola,can,330ml,0.57,37398
2589,31/05/14,Larisa,39.63689,22.41761,140563,shop_5,adult-cola,can,330ml,0.76,25991
3666,31/05/15,Larisa,39.63689,22.41761,141732,shop_5,adult-cola,can,330ml,0.67,32434
4738,31/05/16,Larisa,39.63689,22.41761,142030,shop_5,adult-cola,can,330ml,0.68,32564
5836,31/05/17,Larisa,39.63689,22.41761,144302,shop_5,adult-cola,can,330ml,0.61,37567
6905,31/05/18,Larisa,39.63689,22.41761,144651,shop_5,adult-cola,can,330ml,0.78,28385
610,31/07/12,Larisa,39.63689,22.41761,137540,shop_5,adult-cola,can,330ml,0.83,24576
1688,31/07/13,Larisa,39.63689,22.41761,139242,shop_5,adult-cola,can,330ml,0.68,38902
2767,31/07/14,Larisa,39.63689,22.41761,140563,shop_5,adult-cola,can,330ml,0.67,41265
3843,31/07/15,Larisa,39.63689,22.41761,141732,shop_5,adult-cola,can,330ml,0.72,38166
4924,31/07/16,Larisa,39.63689,22.41761,142030,shop_5,adult-cola,can,330ml,0.66,44199
6002,31/07/17,Larisa,39.63689,22.41761,144302,shop_5,adult-cola,can,330ml,0.45,62088
7090,31/07/18,Larisa,39.63689,22.41761,144651,shop_5,adult-cola,can,330ml,0.55,55134
692,31/08/12,Larisa,39.63689,22.41761,137540,shop_5,adult-cola,can,330ml,0.84,18201
1773,31/08/13,Larisa,39.63689,22.41761,139242,shop_5,adult-cola,can,330ml,0.45,45895
2855,31/08/14,Larisa,39.63689,22.41761,140563,shop_5,adult-cola,can,330ml,0.66,32863
3936,31/08/15,Larisa,39.63689,22.41761,141732,shop_5,adult-cola,can,330ml,0.64,34934
5016,31/08/16,Larisa,39.63689,22.41761,142030,shop_5,adult-cola,can,330ml,0.79,26356
6112,31/08/17,Larisa,39.63689,22.41761,144302,shop_5,adult-cola,can,330ml,0.62,37527
7193,31/08/18,Larisa,39.63689,22.41761,144651,shop_5,adult-cola,can,330ml,0.59,40039
882,31/10/12,Larisa,39.63689,22.41761,137540,shop_5,adult-cola,can,330ml,0.57,25510
1958,31/10/13,Larisa,39.63689,22.41761,139242,shop_5,adult-cola,can,330ml,0.59,24970
4113,31/10/15,Larisa,39.63689,22.41761,141732,shop_5,adult-cola,can,330ml,0.55,28067
5194,31/10/16,Larisa,39.63689,22.41761,142030,shop_5,adult-cola,can,330ml,0.68,22817
6276,31/10/17,Larisa,,22.41761,144302,shop_5,adult-cola,can,330ml,0.72,21995
7357,31/10/18,Larisa,39.63689,22.41761,144651,shop_5,adult-cola,can,330ml,0.81,18815
1055,31/12/12,Larisa,39.63689,22.41761,137540,shop_5,adult-cola,can,330ml,0.64,25128
2138,31/12/13,Larisa,39.63689,22.41761,139242,shop_5,adult-cola,can,330ml,0.71,22618
3214,31/12/14,Larisa,39.63689,22.41761,140563,shop_5,adult-cola,can,330ml,0.56,30871
4298,31/12/15,Larisa,39.63689,22.41761,141732,shop_5,adult-cola,can,330ml,0.59,29997
5373,31/12/16,Larisa,39.63689,22.41761,142030,shop_5,adult-cola,can,330ml,0.84,18299
6453,31/12/17,Larisa,39.63689,22.41761,144302,shop_5,adult-cola,can,330ml,0.57,32326
7533,31/12/18,Larisa,39.63689,22.41761,144651,shop_5,adult-cola,can,330ml,0.68,27784
4477,29/02/16,Larisa,39.63689,22.41761,142030,shop_5,adult-cola,,330ml,0.62,20568
