soda.csv
id,date,city,lat,long,pop,shop,brand,container,capacity,price,quantity
1172,28/02/13,Athens,37.97945,23.71622,671022,shop_1,adult-cola,glass,500ml,1.26,9503
2252,28/02/14,Athens,37.97945,23.71622,668203,shop_1,adult-cola,glass,500ml,0.6,20658
3333,28/02/15,Athens,37.97945,23.71622,667237,shop_1,adult-cola,glass,500ml,0.92,15844
5493,28/02/17,Athens,37.97945,23.71622,665871,shop_1,adult-cola,glass,500ml,0.8,18233
6573,28/02/18,Athens,37.97945,23.71622,664046,shop_1,adult-cola,glass,500ml,1.7,5047
173,29/02/12,Athens,37.97945,23.71622,672130,shop_1,adult-cola,glass,500ml,1.3,8324
4499,29/02/16,Athens,37.97945,23.71622,665102,shop_1,adult-cola,glass,500ml,1.27,10671
272,30/04/12,Athens,37.97945,23.71622,672130,shop_1,adult-cola,glass,500ml,1.2,19742
1352,30/04/13,Athens,37.97945,23.71622,671022,shop_1,adult-cola,glass,500ml,1.23,19544
2433,30/04/14,Athens,37.97945,23.71622,668203,shop_1,adult-cola,glass,500ml,1.34,17171
3513,30/04/15,Athens,37.97945,23.71622,667237,shop_1,adult-cola,glass,500ml,0.83,33732
4592,30/04/16,Athens,37.97945,23.71622,665102,shop_1,adult-cola,glass,500ml,1.08,26774
5758,30/04/17,Athens,37.97945,23.71622,665871,shop_1,adult-cola,glass,500ml,1.12,26182
6752,30/04/18,Athens,37.97945,23.71622,664046,shop_1,adult-cola,glass,500ml,1.01,29932
451,30/06/12,Athens,37.97945,23.71622,672130,shop_1,adult-cola,glass,500ml,1.31,18512
1532,30/06/13,Athens,37.97945,23.71622,671022,shop_1,adult-cola,glass,500ml,0.9,34937
2613,30/06/14,Athens,37.97945,23.71622,668203,shop_1,adult-cola,glass,500ml,0.8,38963
3693,30/06/15,Athens,37.97945,23.71622,667237,shop_1,adult-cola,glass,500ml,1.18,26319
4773,30/06/16,Athens,37.97945,23.71622,665102,shop_1,adult-cola,glass,500ml,1.38,20077
5853,30/06/17,Athens,37.97945,23.71622,665871,shop_1,adult-cola,glass,500ml,1.24,26021
6933,30/06/18,Athens,37.97945,23.71622,664046,shop_1,adult-cola,glass,500ml,1.03,33702
723,30/09/12,Athens,37.97945,23.71622,672130,shop_1,adult-cola,glass,500ml,0.92,27890
1803,30/09/13,Athens,37.97945,23.71622,671022,shop_1,adult-cola,glass,500ml,1.25,18468
2882,30/09/14,Athens,37.97945,23.71622,668203,shop_1,adult-cola,glass,500ml,1.07,24582
4045,30/09/15,Athens,37.97945,23.71622,667237,shop_1,adult-cola,glass,500ml,1.29,18900
5123,30/09/16,Athens,37.97945,23.71622,665102,shop_1,adult-cola,glass,500ml,0.98,28646
6121,30/09/17,Athens,37.97945,23.71622,665871,shop_1,adult-cola,glass,500ml,1.18,23405
7202,30/09/18,Athens,37.97945,23.71622,664046,shop_1,adult-cola,glass,500ml,1.14,25190
903,30/11/12,Athens,37.97945,23.71622,672130,shop_1,adult-cola,glass,500ml,1.25,15155
1982,30/11/13,Athens,37.97945,23.71622,671022,shop_1,adult-cola,glass,500ml,1.2,17394
3062,30/11/14,Athens,37.97945,23.71622,668203,shop_1,adult-cola,glass,500ml,1.08,21034
4142,30/11/15,Athens,37.97945,23.71622,667237,shop_1,adult-cola,glass,500ml,1.3,15979
5223,30/11/16,Athens,37.97945,23.71622,665102,shop_1,adult-cola,glass,500ml,0.86,27985
6302,30/11/17,Athens,37.97945,23.71622,665871,shop_1,adult-cola,glass,500ml,1.5,12491
7383,30/11/18,Athens,37.97945,23.71622,664046,shop_1,adult-cola,glass,500ml,0.61,34693
3,31/01/12,Athens,37.97945,23.71622,672130,shop_1,adult-cola,glass,500ml,1,20050
1083,31/01/13,Athens,37.97945,23.71622,671022,shop_1,adult-cola,glass,500ml,1.23,14847
2247,31/01/14,Athens,37.97945,23.71622,668203,shop_1,adult-cola,glass,500ml,1.15,17438
3326,31/01/15,Athens,37.97945,23.71622,667237,shop_1,adult-cola,glass,500ml,1.54,8820
4322,31/01/16,Athens,37.97945,23.71622,665102,shop_1,adult-cola,glass,500ml,0.94,23349
5403,31/01/17,Athens,37.97945,23.71622,665871,shop_1,adult-cola,glass,500ml,1.11,19982
6482,31/01/18,Athens,37.97945,23.71622,664046,shop_1,adult-cola,glass,500ml,0.83,26640
254,31/03/12,Athens,37.97945,23.71622,672130,shop_1,adult-cola,glass,500ml,0.95,24821
1262,31/03/13,Athens,37.97945,23.71622,671022,shop_1,adult-cola,glass,500ml,1.45,11019
2342,31/03/14,Athens,37.97945,23.71622,668203,shop_1,adult-cola,glass,500ml,1.39,13701
3423,31/03/15,Athens,37.97945,23.71622,667237,shop_1,adult-cola,glass,500ml,1.06,23388
4503,31/03/16,Athens,37.97945,23.71622,665102,shop_1,adult-cola,glass,500ml,1.31,17330
5583,31/03/17,Athens,37.97945,23.71622,665871,shop_1,adult-cola,glass,500ml,0.55,37958
6662,31/03/18,Athens,37.97945,23.71622,664046,shop_1,adult-cola,glass,500ml,1.08,24670
363,31/05/12,Athens,37.97945,23.71622,672130,shop_1,adult-cola,glass,500ml,0.88,35489
1443,31/05/13,Athens,37.97945,23.71622,671022,shop_1,adult-cola,glass,500ml,1.14,26651
2523,31/05/14,Athens,37.97945,23.71622,668203,shop_1,adult-cola,glass,500ml,0.83,38961
3603,31/05/15,Athens,37.97945,23.71622,667237,shop_1,adult-cola,glass,500ml,1.33,21280
4682,31/05/16,Athens,37.97945,23.71622,665102,shop_1,adult-cola,glass,500ml,1.04,32772
5762,31/05/17,Athens,37.97945,23.71622,665871,shop_1,adult-cola,glass,500ml,1.27,25557
6841,31/05/18,Athens,37.97945,23.71622,664046,shop_1,adult-cola,glass,500ml,1.39,22323
622,31/07/12,Athens,37.97945,23.71622,672130,shop_1,adult-cola,glass,500ml,1.19,22719
1621,31/07/13,Athens,37.97945,23.71622,671022,shop_1,adult-cola,glass,500ml,1.12,26031
2703,31/07/14,Athens,37.97945,23.71622,668203,shop_1,adult-cola,glass,500ml,1.28,21410
3783,31/07/15,Athens,37.97945,23.71622,667237,shop_1,adult-cola,glass,500ml,0.82,38276
4863,31/07/16,Athens,37.97945,23.71622,665102,shop_1,adult-cola,glass,500ml,0.98,33449
5943,31/07/17,Athens,37.97945,23.71622,665871,shop_1,adult-cola,glass,500ml,1.04,31933
7104,31/07/18,Athens,37.97945,23.71622,664046,shop_1,adult-cola,glass,500ml,1.41,20725
631,31/08/12,Athens,37.97945,23.71622,672130,shop_1,adult-cola,glass,500ml,1.34,17626
1711,31/08/13,Athens,37.97945,23.71622,671022,shop_1,adult-cola,glass,500ml,1.11,27353
2866,31/08/14,Athens,37.97945,23.71622,668203,shop_1,adult-cola,glass,500ml,1.05,30370
3873,31/08/15,Athens,37.97945,23.71622,667237,shop_1,adult-cola,glass,500ml,0.56,48911
4951,31/08/16,Athens,,,665102,shop_1,adult-cola,glass,500ml,1.43,18676
6031,31/08/17,Athens,37.97945,23.71622,665871,shop_1,adult-cola,glass,500ml,1.37,21913
7111,31/08/18,Athens,37.97945,23.71622,664046,shop_1,adult-cola,glass,500ml,0.97,36011
813,31/10/12,Athens,37.97945,23.71622,672130,shop_1,adult-cola,glass,500ml,1.35,13165
1892,31/10/13,Athens,37.97945,23.71622,671022,shop_1,adult-cola,glass,500ml,1.32,14768
2972,31/10/14,Athens,37.97945,23.71622,668203,shop_1,adult-cola,glass,500ml,1.13,21027
4053,31/10/15,Athens,37.97945,23.71622,667237,shop_1,adult-cola,glass,500ml,0.87,28792
5133,31/10/16,Athens,37.97945,23.71622,665102,shop_1,adult-cola,glass,500ml,1.18,20842
6213,31/10/17,Athens,37.97945,23.71622,665871,shop_1,adult-cola,glass,500ml,0.95,27577
7293,31/10/18,Athens,37.97945,23.71622,664046,shop_1,adult-cola,glass,500ml,0.99,27189
992,31/12/12,Athens,37.97945,23.71622,672130,shop_1,adult-cola,glass,500ml,1.03,22107
2149,31/12/13,Athens,37.97945,23.71622,671022,shop_1,adult-cola,glass,500ml,0.85,27864
3222,31/12/14,Athens,37.97945,23.71622,668203,shop_1,adult-cola,glass,500ml,1.22,18201
4317,31/12/15,Athens,37.97945,23.71622,667237,shop_1,adult-cola,glass,500ml,1.14,20969
5313,31/12/16,Athens,37.97945,23.71622,665102,shop_1,adult-cola,glass,500ml,1.4,14816
6393,31/12/17,Athens,37.97945,23.71622,665871,shop_1,adult-cola,glass,500ml,1.15,22083
7472,31/12/18,Athens,37.97945,23.71622,664046,shop_1,adult-cola,glass,500ml,1.07,24731
1221,28/02/13,Athens,37.96245,23.68708,671022,shop_3,adult-cola,glass,500ml,1.35,6389
2336,28/02/14,Athens,37.96245,23.68708,668203,shop_3,adult-cola,glass,500ml,1.04,10700
3408,28/02/15,Athens,37.96245,23.68708,667237,shop_3,adult-cola,glass,500ml,0.78,14187
5546,28/02/17,Athens,37.96245,23.68708,665871,shop_3,adult-cola,glass,500ml,0.96,12336
6623,28/02/18,Athens,37.96245,23.68708,664046,shop_3,adult-cola,glass,500ml,1.47,6679
172,29/02/12,Athens,37.96245,23.68708,672130,shop_3,adult-cola,glass,500ml,1.29,6763
4498,29/02/16,Athens,37.96245,23.68708,665102,shop_3,adult-cola,glass,500ml,0.94,12361
325,30/04/12,Athens,37.96245,23.68708,672130,shop_3,adult-cola,glass,500ml,1.08,16912
1431,30/04/13,Athens,37.96245,23.68708,671022,shop_3,adult-cola,glass,500ml,1.26,13352
2488,30/04/14,Athens,37.96245,23.68708,668203,shop_3,adult-cola,glass,500ml,1.05,18725
3557,30/04/15,Athens,37.96245,23.68708,667237,shop_3,adult-cola,glass,500ml,1.06,19109
4642,30/04/16,Athens,37.96245,23.68708,665102,shop_3,adult-cola,glass,500ml,1.45,11005
5721,30/04/17,Athens,37.96245,23.68708,665871,shop_3,adult-cola,glass,500ml,0.99,21588
6825,30/04/18,Athens,37.96245,23.68708,664046,shop_3,adult-cola,glass,500ml,0.92,23446
500,30/06/12,Athens,37.96245,23.68708,672130,shop_3,adult-cola,glass,500ml,1.19,17967
1602,30/06/13,Athens,37.96245,23.68708,671022,shop_3,adult-cola,glass,500ml,1.09,21554
2666,30/06/14,Athens,37.96245,,668203,shop_3,adult-cola,glass,500ml,1.26,17515
3740,30/06/15,Athens,37.96245,23.68708,667237,shop_3,adult-cola,glass,500ml,1.33,16330
4819,30/06/16,Athens,37.96245,23.68708,665102,shop_3,adult-cola,glass,500ml,0.9,28610
5894,30/06/17,Athens,37.96245,23.68708,665871,shop_3,adult-cola,glass,500ml,0.85,30405
6980,30/06/18,Athens,37.96245,23.68708,664046,shop_3,adult-cola,glass,500ml,1.2,21953
774,30/09/12,Athens,37.96245,23.68708,672130,shop_3,adult-cola,glass,500ml,1.18,14567
1855,30/09/13,Athens,37.96245,23.68708,671022,shop_3,adult-cola,glass,500ml,0.82,23327
2934,30/09/14,Athens,37.96245,23.68708,668203,shop_3,adult-cola,glass,500ml,1.45,9589
4013,30/09/15,Athens,37.96245,23.68708,667237,shop_3,adult-cola,glass,500ml,1.26,14440
5088,30/09/16,Athens,37.96245,23.68708,665102,shop_3,adult-cola,glass,500ml,0.87,23515
6175,30/09/17,Athens,37.96245,23.68708,665871,shop_3,adult-cola,glass,500ml,1.04,20205
7246,30/09/18,Athens,37.96245,23.68708,664046,shop_3,adult-cola,glass,500ml,1.2,17355
955,30/11/12,Athens,37.96245,23.68708,672130,shop_3,adult-cola,glass,500ml,1.27,11517
2031,30/11/13,Athens,37.96245,23.68708,671022,shop_3,adult-cola,glass,500ml,0.83,21205
3116,30/11/14,Athens,37.96245,23.68708,668203,shop_3,adult-cola,glass,500ml,1.26,12781
4223,30/11/15,Athens,37.96245,23.68708,667237,shop_3,adult-cola,glass,500ml,1.13,15985
5274,30/11/16,Athens,37.96245,23.68708,665102,shop_3,adult-cola,glass,500ml,1.26,13888
6350,30/11/17,Athens,37.96245,23.68708,665871,shop_3,adult-cola,glass,500ml,0.81,23071
7459,30/11/18,Athens,37.96245,23.68708,664046,shop_3,adult-cola,glass,500ml,1.27,14611
48,31/01/12,Athens,37.96245,23.68708,672130,shop_3,adult-cola,glass,500ml,1.13,12339
1135,31/01/13,Athens,37.96245,23.68708,671022,shop_3,adult-cola,glass,500ml,1.29,9922
2244,31/01/14,Athens,37.96245,23.68708,668203,shop_3,adult-cola,glass,500ml,1.28,10544
3291,31/01/15,Athens,37.96245,23.68708,667237,shop_3,adult-cola,glass,500ml,0.4,26347
4370,31/01/16,Athens,37.96245,23.68708,665102,shop_3,adult-cola,glass,500ml,1.11,14476
5451,31/01/17,Athens,37.96245,23.68708,665871,shop_3,adult-cola,glass,500ml,1.23,12842
6529,31/01/18,Athens,37.96245,23.68708,664046,shop_3,adult-cola,glass,500ml,1.4,10416
269,31/03/12,Athens,37.96245,23.68708,672130,shop_3,adult-cola,glass,500ml,1.06,16239
1316,31/03/13,Athens,37.96245,23.68708,671022,shop_3,adult-cola,glass,500ml,1.12,15318
2420,31/03/14,Athens,37.96245,23.68708,668203,shop_3,adult-cola,glass,500ml,1.08,16772
3509,31/03/15,Athens,37.96245,23.68708,667237,shop_3,adult-cola,glass,500ml,1.16,15583
4552,31/03/16,Athens,37.96245,23.68708,665102,shop_3,adult-cola,glass,500ml,1.1,17276
5630,31/03/17,Athens,37.96245,23.68708,665871,shop_3,adult-cola,glass,500ml,1.29,13988
6709,31/03/18,Athens,37.96245,23.68708,664046,shop_3,adult-cola,glass,500ml,1.02,19633
412,31/05/12,Athens,37.96245,23.68708,672130,shop_3,adult-cola,glass,500ml,1.01,24184
1524,31/05/13,Athens,37.96245,23.68708,671022,shop_3,adult-cola,glass,500ml,1.14,20900
2575,31/05/14,Athens,37.96245,23.68708,668203,shop_3,adult-cola,glass,500ml,1.03,24909
3652,31/05/15,Athens,37.96245,23.68708,667237,shop_3,adult-cola,glass,500ml,1.2,20783
4725,31/05/16,Athens,37.96245,23.68708,665102,shop_3,adult-cola,glass,500ml,1.12,23588
5844,31/05/17,Athens,37.96245,23.68708,665871,shop_3,adult-cola,glass,500ml,1.19,22503
6891,31/05/18,Athens,37.96245,23.68708,664046,shop_3,adult-cola,glass,500ml,1.15,24131
595,31/07/12,Athens,37.96245,23.68708,672130,shop_3,adult-cola,glass,500ml,1.26,19378
1672,31/07/13,Athens,37.96245,23.68708,671022,shop_3,adult-cola,glass,500ml,1.03,28742
2751,31/07/14,Athens,37.96245,23.68708,668203,shop_3,adult-cola,glass,500ml,1.36,17934
3831,31/07/15,Athens,37.96245,23.68708,667237,shop_3,adult-cola,glass,500ml,1.22,23822
4910,31/07/16,Athens,37.96245,23.68708,665102,shop_3,adult-cola,glass,500ml,1.18,26024
5988,31/07/17,Athens,37.96245,23.68708,665871,shop_3,adult-cola,glass,500ml,0.94,34350
7076,31/07/18,Athens,37.96245,23.68708,664046,shop_3,adult-cola,glass,500ml,0.81,39081
678,31/08/12,Athens,37.96245,23.68708,672130,shop_3,adult-cola,glass,500ml,1.14,19120
1759,31/08/13,Athens,37.96245,23.68708,671022,shop_3,adult-cola,glass,500ml,0.76,30460
2840,31/08/14,Athens,37.96245,23.68708,668203,shop_3,adult-cola,glass,500ml,0.96,25382
3922,31/08/15,Athens,37.96245,23.68708,667237,shop_3,adult-cola,glass,500ml,1.26,17877
5000,31/08/16,Athens,37.96245,23.68708,665102,shop_3,adult-cola,glass,500ml,1.16,21187
6075,31/08/17,Athens,37.96245,23.68708,665871,shop_3,adult-cola,glass,500ml,1.32,17696
7192,31/08/18,Athens,37.96245,23.68708,664046,shop_3,adult-cola,glass,500ml,1.28,19336
868,31/10/12,Athens,37.96245,23.68708,672130,shop_3,adult-cola,glass,500ml,1.14,14741
1942,31/10/13,Athens,,,671022,shop_3,adult-cola,glass,500ml,1.07,16882
3025,31/10/14,Athens,37.96245,23.68708,668203,shop_3,adult-cola,glass,500ml,0.67,25946
4099,31/10/15,Athens,37.96245,23.68708,667237,shop_3,adult-cola,glass,500ml,1.44,10155
5213,31/10/16,Athens,37.96245,23.68708,665102,shop_3,adult-cola,glass,500ml,0.75,24773
6263,31/10/17,Athens,37.96245,23.68708,665871,shop_3,adult-cola,glass,500ml,1.55,9137
7343,31/10/18,Athens,37.96245,23.68708,664046,shop_3,adult-cola,glass,500ml,1.25,15563
1042,31/12/12,Athens,37.96245,23.68708,672130,shop_3,adult-cola,glass,500ml,1.37,7761
2123,31/12/13,Athens,37.96245,23.68708,671022,shop_3,adult-cola,glass,500ml,1.1,12890
3198,31/12/14,Athens,37.96245,23.68708,668203,shop_3,adult-cola,glass,500ml,1.37,8815
4283,31/12/15,Athens,37.96245,23.68708,667237,shop_3,adult-cola,glass,500ml,1.41,8630
5397,31/12/16,Athens,37.96245,23.68708,665102,shop_3,adult-cola,glass,500ml,0.65,21511
6440,31/12/17,Athens,37.96245,23.68708,665871,shop_3,adult-cola,glass,500ml,0.72,20517
7520,31/12/18,Athens,37.96245,23.68708,664046,shop_3,adult-cola,glass,500ml,1.17,13662
