soda.csv
id,date,city,lat,long,pop,shop,brand,container,capacity,price,quantity
1184,28/02/13,Irakleion,35.32787,25.14341,135432,shop_2,adult-cola,glass,500ml,1.15,13062
2263,28/02/14,Irakleion,35.32787,25.14341,136202,shop_2,adult-cola,glass,500ml,1.44,8148
3345,28/02/15,Irakleion,35.32787,25.14341,138560,shop_2,adult-cola,glass,500ml,0.91,18356
5505,28/02/17,Irakleion,35.32787,25.14341,138200,shop_2,adult-cola,glass,500ml,1.12,15359
6586,28/02/18,Irakleion,35.32787,25.14341,137154,shop_2,adult-cola,glass,500ml,1.1,16169
105,29/02/12,Irakleion,35.32787,25.14341,134219,shop_2,adult-cola,glass,500ml,1.02,15140
4424,29/02/16,Irakleion,35.32787,25.14341,137302,shop_2,adult-cola,glass,500ml,1.09,15483
359,30/04/12,Irakleion,35.32787,25.14341,134219,shop_2,adult-cola,glass,500ml,1.1,27765
1434,30/04/13,Irakleion,35.32787,25.14341,135432,shop_2,adult-cola,glass,500ml,1.01,32226
2447,30/04/14,Irakleion,35.32787,25.14341,136202,shop_2,adult-cola,glass,500ml,1.42,17616
3592,30/04/15,Irakleion,35.32787,25.14341,138560,shop_2,adult-cola,glass,500ml,1.05,32206
4603,30/04/16,Irakleion,35.32787,25.14341,137302,shop_2,adult-cola,glass,500ml,0.69,46122
5683,30/04/17,Irakleion,35.32787,25.14341,138200,shop_2,adult-cola,glass,500ml,1.2,28537
6831,30/04/18,Irakleion,35.32787,25.14341,137154,shop_2,adult-cola,glass,500ml,1.37,23462
462,30/06/12,Irakleion,35.32787,25.14341,134219,shop_2,adult-cola,glass,500ml,1.35,24140
1544,30/06/13,Irakleion,35.32787,25.14341,135432,shop_2,adult-cola,glass,500ml,0.9,49254
2627,30/06/14,Irakleion,35.32787,25.14341,136202,shop_2,adult-cola,glass,500ml,1.38,25683
3773,30/06/15,Irakleion,35.32787,25.14341,138560,shop_2,adult-cola,glass,500ml,0.98,47226
4786,30/06/16,Irakleion,35.32787,25.14341,137302,shop_2,adult-cola,glass,500ml,1.22,36324
5862,30/06/17,Irakleion,35.32787,25.14341,138200,shop_2,adult-cola,glass,500ml,1.28,34847
6946,30/06/18,Irakleion,35.32787,25.14341,137154,shop_2,adult-cola,glass,500ml,0.69,63932
737,30/09/12,Irakleion,35.32787,25.14341,134219,shop_2,adult-cola,glass,500ml,1.09,27885
1814,30/09/13,Irakleion,35.32787,25.14341,135432,shop_2,adult-cola,glass,500ml,1.1,28421
2894,30/09/14,Irakleion,35.32787,25.14341,136202,shop_2,adult-cola,glass,500ml,1.18,26346
3974,30/09/15,Irakleion,35.32787,25.14341,138560,shop_2,adult-cola,glass,500ml,1.29,23194
5114,30/09/16,Irakleion,35.32787,25.14341,137302,shop_2,adult-cola,glass,500ml,0.94,37116
6136,30/09/17,Irakleion,35.32787,25.14341,138200,shop_2,adult-cola,glass,500ml,0.98,36267
7210,30/09/18,Irakleion,35.32787,25.14341,137154,shop_2,adult-cola,glass,500ml,1.24,27741
916,30/11/12,Irakleion,35.32787,25.14341,134219,shop_2,adult-cola,glass,500ml,0.9,29106
1993,30/11/13,Irakleion,35.32787,25.14341,135432,shop_2,adult-cola,glass,500ml,0.91,29472
3073,30/11/14,Irakleion,35.32787,25.14341,136202,shop_2,adult-cola,glass,500ml,1.51,11308
4153,30/11/15,Irakleion,35.32787,25.14341,138560,shop_2,adult-cola,glass,500ml,0.81,33465
5238,30/11/16,Irakleion,35.32787,25.14341,137302,shop_2,adult-cola,glass,500ml,1.32,18879
6314,30/11/17,Irakleion,35.32787,25.14341,138200,shop_2,adult-cola,glass,500ml,1.06,27397
7396,30/11/18,Irakleion,35.32787,25.14341,137154,shop_2,adult-cola,glass,500ml,1.35,19812
14,31/01/12,Irakleion,35.32787,25.14341,134219,shop_2,adult-cola,glass,500ml,1,21063
1098,31/01/13,Irakleion,35.32787,25.14341,135432,shop_2,adult-cola,glass,500ml,1.19,16758
2176,31/01/14,Irakleion,35.32787,25.14341,136202,shop_2,adult-cola,glass,500ml,0.89,25021
3253,31/01/15,Irakleion,35.32787,25.14341,138560,shop_2,adult-cola,glass,500ml,1.38,13417
4336,31/01/16,Irakleion,35.32787,25.14341,137302,shop_2,adult-cola,glass,500ml,1.57,9447
5414,31/01/17,Irakleion,35.32787,25.14341,138200,shop_2,adult-cola,glass,500ml,1.19,19274
6494,31/01/18,Irakleion,35.32787,25.14341,137154,shop_2,adult-cola,glass,500ml,0.61,33242
192,31/03/12,Irakleion,35.32787,25.14341,134219,shop_2,adult-cola,glass,500ml,1.32,14333
1276,31/03/13,Irakleion,35.32787,25.14341,135432,shop_2,adult-cola,glass,500ml,1.2,18877
2356,31/03/14,Irakleion,35.32787,25.14341,136202,shop_2,adult-cola,glass,500ml,1.16,20694
3438,31/03/15,Irakleion,35.32787,25.14341,138560,shop_2,adult-cola,glass,500ml,1.11,22805
4514,31/03/16,Irakleion,35.32787,25.14341,137302,shop_2,adult-cola,glass,500ml,1.12,23228
5595,31/03/17,Irakleion,35.32787,25.14341,138200,shop_2,adult-cola,glass,500ml,0.65,36509
6749,31/03/18,Irakleion,35.32787,25.14341,137154,shop_2,adult-cola,glass,500ml,1.24,21383
374,31/05/12,Irakleion,35.32787,25.14341,134219,shop_2,adult-cola,glass,500ml,1.08,28768
1455,31/05/13,Irakleion,35.32787,25.14341,135432,shop_2,adult-cola,glass,500ml,1.11,28578
2538,31/05/14,Irakleion,35.32787,25.14341,136202,shop_2,adult-cola,glass,500ml,1.33,21131
3682,31/05/15,Irakleion,35.32787,25.14341,138560,shop_2,adult-cola,glass,500ml,1.23,25714
4764,31/05/16,Irakleion,35.32787,25.14341,137302,shop_2,adult-cola,glass,500ml,1.1,31775
5774,31/05/17,Irakleion,35.32787,25.14341,138200,shop_2,adult-cola,glass,500ml,0.83,42032
6853,31/05/18,Irakleion,35.32787,25.14341,137154,shop_2,adult-cola,glass,500ml,1.14,31765
555,31/07/12,Irakleion,35.32787,25.14341,134219,shop_2,adult-cola,glass,500ml,1.06,39938
1632,31/07/13,Irakleion,35.32787,25.14341,135432,shop_2,adult-cola,glass,500ml,1,44233
2714,31/07/14,Irakleion,35.32787,25.14341,136202,shop_2,adult-cola,glass,500ml,1.14,38114
3795,31/07/15,Irakleion,35.32787,25.14341,138560,shop_2,adult-cola,glass,500ml,1.1,41247
4876,31/07/16,Irakleion,35.32787,,137302,shop_2,adult-cola,glass,500ml,1.34,30848
6029,31/07/17,Irakleion,35.32787,25.14341,138200,shop_2,adult-cola,glass,500ml,0.94,51608
7036,31/07/18,Irakleion,35.32787,25.14341,137154,shop_2,adult-cola,glass,500ml,1.27,36935
641,31/08/12,Irakleion,35.32787,25.14341,134219,shop_2,adult-cola,glass,500ml,1.36,22693
1725,31/08/13,Irakleion,35.32787,25.14341,135432,shop_2,adult-cola,glass,500ml,1.17,33925
2803,31/08/14,Irakleion,35.32787,25.14341,136202,shop_2,adult-cola,glass,500ml,1.21,33091
3885,31/08/15,Irakleion,35.32787,25.14341,138560,shop_2,adult-cola,glass,500ml,0.99,45029
4962,31/08/16,Irakleion,35.32787,25.14341,137302,shop_2,adult-cola,glass,500ml,1.09,41050
6043,31/08/17,Irakleion,35.32787,25.14341,138200,shop_2,adult-cola,glass,500ml,0.99,47088
7122,31/08/18,Irakleion,35.32787,25.14341,137154,shop_2,adult-cola,glass,500ml,0.99,48015
826,31/10/12,Irakleion,35.32787,25.14341,134219,shop_2,adult-cola,glass,500ml,1.13,20320
1905,31/10/13,Irakleion,35.32787,25.14341,135432,shop_2,adult-cola,glass,500ml,0.84,29566
2984,31/10/14,Irakleion,35.32787,25.14341,136202,shop_2,adult-cola,glass,500ml,1.14,21440
4063,31/10/15,Irakleion,35.32787,25.14341,138560,shop_2,adult-cola,glass,500ml,0.96,27139
5145,31/10/16,Irakleion,35.32787,25.14341,137302,shop_2,adult-cola,glass,500ml,1.36,16760
6226,31/10/17,Irakleion,35.32787,25.14341,138200,shop_2,adult-cola,glass,500ml,1.31,18827
7307,31/10/18,Irakleion,35.32787,25.14341,137154,shop_2,adult-cola,glass,500ml,1.14,24088
1006,31/12/12,Irakleion,35.32787,25.14341,134219,shop_2,adult-cola,glass,500ml,0.93,31221
2083,31/12/13,Irakleion,35.32787,25.14341,135432,shop_2,adult-cola,glass,500ml,1.1,25894
3164,31/12/14,Irakleion,35.32787,25.14341,136202,shop_2,adult-cola,glass,500ml,1.02,29270
4243,31/12/15,Irakleion,35.32787,25.14341,138560,shop_2,adult-cola,glass,500ml,1.16,25620
5395,31/12/16,Irakleion,35.32787,25.14341,137302,shop_2,adult-cola,glass,500ml,1.14,26807
6463,31/12/17,Irakleion,35.32787,25.14341,138200,shop_2,adult-cola,glass,500ml,1.25,24076
7559,31/12/18,Irakleion,35.32787,25.14341,137154,shop_2,adult-cola,glass,500ml,1.26,24615
1234,28/02/13,Larisa,39.63689,22.41761,139242,shop_5,adult-cola,glass,500ml,1.3,9873
2312,28/02/14,Larisa,39.63689,22.41761,140563,shop_5,adult-cola,glass,500ml,1.52,6430
3413,28/02/15,Larisa,39.63689,22.41761,141732,shop_5,adult-cola,glass,500ml,1,16058
5554,28/02/17,Larisa,39.63689,22.41761,144302,shop_5,adult-cola,glass,500ml,0.51,24993
6637,28/02/18,Larisa,39.63689,22.41761,144651,shop_5,adult-cola,glass,500ml,1.17,14355
149,29/02/12,Larisa,39.63689,22.41761,137540,shop_5,adult-cola,glass,500ml,1.33,8701
4475,29/02/16,Larisa,39.63689,22.41761,142030,shop_5,adult-cola,glass,500ml,0.94,17492
335,30/04/12,Larisa,39.63689,22.41761,137540,shop_5,adult-cola,glass,500ml,0.87,27578
1416,30/04/13,Larisa,39.63689,22.41761,139242,shop_5,adult-cola,glass,500ml,1.1,21497
2500,30/04/14,Larisa,39.63689,22.41761,140563,shop_5,adult-cola,glass,500ml,1.13,21371
3569,30/04/15,Larisa,39.63689,22.41761,141732,shop_5,adult-cola,glass,500ml,1.14,21667
4656,30/04/16,Larisa,39.63689,22.41761,142030,shop_5,adult-cola,glass,500ml,1.37,16163
5729,30/04/17,Larisa,39.63689,22.41761,144302,shop_5,adult-cola,glass,500ml,0.9,29324
6815,30/04/18,Larisa,39.63689,22.41761,144651,shop_5,adult-cola,glass,500ml,1.35,18221
513,30/06/12,Larisa,39.63689,22.41761,137540,shop_5,adult-cola,glass,500ml,1.28,18944
1589,30/06/13,Larisa,39.63689,22.41761,139242,shop_5,adult-cola,glass,500ml,1.19,23205
2679,30/06/14,Larisa,39.63689,22.41761,140563,shop_5,adult-cola,glass,500ml,1.28,20819
3752,30/06/15,Larisa,39.63689,22.41761,141732,shop_5,adult-cola,glass,500ml,1.44,16323
4846,30/06/16,Larisa,39.63689,22.41761,142030,shop_5,adult-cola,glass,500ml,1.14,27348
5938,30/06/17,Larisa,39.63689,22.41761,144302,shop_5,adult-cola,glass,500ml,0.72,41929
6993,30/06/18,Larisa,39.63689,22.41761,144651,shop_5,adult-cola,glass,500ml,0.71,42925
801,30/09/12,Larisa,39.63689,22.41761,137540,shop_5,adult-cola,glass,500ml,1.22,13783
1865,30/09/13,Larisa,39.63689,22.41761,139242,shop_5,adult-cola,glass,500ml,1.08,17693
2945,30/09/14,Larisa,39.63689,22.41761,140563,shop_5,adult-cola,glass,500ml,1.26,14170
4024,30/09/15,Larisa,39.63689,22.41761,141732,shop_5,adult-cola,glass,500ml,1.36,12607
5101,30/09/16,Larisa,39.63689,22.41761,142030,shop_5,adult-cola,glass,500ml,1.09,19116
6200,30/09/17,Larisa,39.63689,22.41761,144302,shop_5,adult-cola,glass,500ml,0.38,34937
968,30/11/12,Larisa,39.63689,22.41761,137540,shop_5,adult-cola,glass,500ml,1.3,13905
2043,30/11/13,Larisa,39.63689,22.41761,139242,shop_5,adult-cola,glass,500ml,1.28,15242
3128,30/11/14,Larisa,39.63689,22.41761,140563,shop_5,adult-cola,glass,500ml,1.1,20561
4199,30/11/15,Larisa,39.63689,22.41761,141732,shop_5,adult-cola,glass,500ml,1.17,19475
5287,30/11/16,Larisa,39.63689,22.41761,142030,shop_5,adult-cola,glass,500ml,1.27,17622
6389,30/11/17,Larisa,39.63689,22.41761,144302,shop_5,adult-cola,glass,500ml,0.73,31582
7445,30/11/18,Larisa,39.63689,22.41761,144651,shop_5,adult-cola,glass,500ml,0.96,26364
58,31/01/12,Larisa,39.63689,22.41761,137540,shop_5,adult-cola,glass,500ml,1.06,14887
1149,31/01/13,Larisa,39.63689,22.41761,139242,shop_5,adult-cola,glass,500ml,1.23,11937
2233,31/01/14,Larisa,39.63689,22.41761,140563,shop_5,adult-cola,glass,500ml,1.22,12648
3304,31/01/15,Larisa,39.63689,22.41761,141732,shop_5,adult-cola,glass,500ml,1.08,15806
4383,31/01/16,Larisa,39.63689,22.41761,142030,shop_5,adult-cola,glass,500ml,0.97,18153
5463,31/01/17,Larisa,39.63689,22.41761,144302,shop_5,adult-cola,glass,500ml,1.09,16344
6555,31/01/18,Larisa,39.63689,22.41761,144651,shop_5,adult-cola,glass,500ml,1.18,15211
241,31/03/12,Larisa,39.63689,22.41761,137540,shop_5,adult-cola,glass,500ml,1.12,16023
1328,31/03/13,Larisa,39.63689,22.41761,139242,shop_5,adult-cola,glass,500ml,1.15,15934
2403,31/03/14,Larisa,39.63689,22.41761,140563,shop_5,adult-cola,glass,500ml,1.07,18136
3490,31/03/15,Larisa,39.63689,22.41761,141732,shop_5,adult-cola,glass,500ml,1.07,18828
4587,31/03/16,Larisa,39.63689,22.41761,142030,shop_5,adult-cola,glass,500ml,1.25,15425
5642,31/03/17,Larisa,39.63689,22.41761,144302,shop_5,adult-cola,glass,500ml,0.82,25086
6722,31/03/18,Larisa,39.63689,22.41761,144651,shop_5,adult-cola,glass,500ml,1.37,13966
425,31/05/12,Larisa,39.63689,22.41761,137540,shop_5,adult-cola,glass,500ml,1.39,13393
1506,31/05/13,Larisa,39.63689,22.41761,139242,shop_5,adult-cola,glass,500ml,1.13,22950
2588,31/05/14,Larisa,39.63689,22.41761,140563,shop_5,adult-cola,glass,500ml,1.04,26548
3664,31/05/15,Larisa,39.63689,22.41761,141732,shop_5,adult-cola,glass,500ml,0.9,31481
4736,31/05/16,Larisa,39.63689,22.41761,142030,shop_5,adult-cola,glass,500ml,1.04,27694
5822,31/05/17,Larisa,39.63689,22.41761,144302,shop_5,adult-cola,glass,500ml,1.2,23739
6926,31/05/18,Larisa,39.63689,22.41761,144651,shop_5,adult-cola,glass,500ml,1.12,26791
608,31/07/12,Larisa,39.63689,22.41761,137540,shop_5,adult-cola,glass,500ml,1.36,19730
1686,31/07/13,Larisa,39.63689,22.41761,139242,shop_5,adult-cola,glass,500ml,1.38,20501
2765,31/07/14,Larisa,39.63689,22.41761,140563,shop_5,adult-cola,glass,500ml,1.39,21438
3860,31/07/15,Larisa,39.63689,22.41761,141732,shop_5,adult-cola,glass,500ml,0.99,39549
4923,31/07/16,Larisa,39.63689,22.41761,142030,shop_5,adult-cola,glass,500ml,0.22,72466
6000,31/07/17,Larisa,39.63689,22.41761,144302,shop_5,adult-cola,glass,500ml,1.34,26925
7088,31/07/18,Larisa,39.63689,22.41761,144651,shop_5,adult-cola,glass,500ml,1.12,36906
690,31/08/12,Larisa,39.63689,22.41761,137540,shop_5,adult-cola,glass,500ml,0.82,35880
1772,31/08/13,Larisa,39.63689,22.41761,139242,shop_5,adult-cola,glass,500ml,1.28,20017
2853,31/08/14,Larisa,39.63689,22.41761,140563,shop_5,adult-cola,glass,500ml,1.2,23689
3947,31/08/15,Larisa,39.63689,22.41761,141732,shop_5,adult-cola,glass,500ml,1.11,27867
5014,31/08/16,Larisa,39.63689,22.41761,142030,shop_5,adult-cola,glass,500ml,1.56,13444
6087,31/08/17,Larisa,39.63689,22.41761,144302,shop_5,adult-cola,glass,500ml,0.77,40451
7171,31/08/18,Larisa,39.63689,22.41761,144651,shop_5,adult-cola,glass,500ml,1.1,30182
880,31/10/12,Larisa,39.63689,22.41761,137540,shop_5,adult-cola,glass,500ml,1.02,18374
1956,31/10/13,Larisa,39.63689,,139242,shop_5,adult-cola,glass,500ml,1.15,15970
3038,31/10/14,Larisa,39.63689,22.41761,140563,shop_5,adult-cola,glass,500ml,0.9,22174
4112,31/10/15,Larisa,39.63689,22.41761,141732,shop_5,adult-cola,glass,500ml,1.08,18614
5192,31/10/16,Larisa,39.63689,22.41761,142030,shop_5,adult-cola,glass,500ml,1.08,19287
6274,31/10/17,Larisa,39.63689,22.41761,144302,shop_5,adult-cola,glass,500ml,1.57,9210
7355,31/10/18,Larisa,39.63689,22.41761,144651,shop_5,adult-cola,glass,500ml,1.05,20811
1053,31/12/12,Larisa,39.63689,22.41761,137540,shop_5,adult-cola,glass,500ml,0.84,28450
2136,31/12/13,Larisa,39.63689,22.41761,139242,shop_5,adult-cola,glass,500ml,1.15,20120
3233,31/12/14,Larisa,39.63689,22.41761,140563,shop_5,adult-cola,glass,500ml,1.02,24595
4296,31/12/15,Larisa,39.63689,22.41761,141732,shop_5,adult-cola,glass,500ml,0.61,36388
5371,31/12/16,Larisa,39.63689,22.41761,142030,shop_5,adult-cola,glass,500ml,1.54,11448
6452,31/12/17,Larisa,39.63689,22.41761,144302,shop_5,adult-cola,glass,500ml,1.54,12376
7544,31/12/18,Larisa,39.63689,22.41761,144651,shop_5,adult-cola,glass,500ml,1.18,22640
