soda.csv
id,date,city,lat,long,pop,shop,brand,container,capacity,price,quantity
1196,28/02/13,Patra,38.24444,21.73444,166301,shop_6,adult-cola,glass,500ml,1.31,14484
2276,28/02/14,Patra,38.24444,21.73444,167242,shop_6,adult-cola,glass,500ml,1.33,14687
3357,28/02/15,Patra,38.24444,21.73444,167001,shop_6,adult-cola,glass,500ml,0.96,25078
5520,28/02/17,Patra,38.24444,21.73444,168501,shop_6,adult-cola,glass,500ml,1.15,21282
6599,28/02/18,Patra,38.24444,21.73444,168034,shop_6,adult-cola,glass,500ml,0.83,29673
179,29/02/12,Patra,38.24444,21.73444,164250,shop_6,adult-cola,glass,500ml,1.29,14052
4436,29/02/16,Patra,38.24444,21.73444,168254,shop_6,adult-cola,glass,500ml,0.91,26743
299,30/04/12,Patra,38.24444,21.73444,164250,shop_6,adult-cola,glass,500ml,1.28,26348
1377,30/04/13,Patra,38.24444,21.73444,166301,shop_6,adult-cola,glass,500ml,1.15,34113
2516,30/04/14,Patra,38.24444,21.73444,167242,shop_6,adult-cola,glass,500ml,1.04,40907
3536,30/04/15,Patra,38.24444,21.73444,167001,shop_6,adult-cola,glass,500ml,1.03,42410
4615,30/04/16,Patra,38.24444,21.73444,168254,shop_6,adult-cola,glass,500ml,1.11,39543
5696,30/04/17,Patra,38.24444,21.73444,168501,shop_6,adult-cola,glass,500ml,1.19,36817
6776,30/04/18,Patra,38.24444,21.73444,168034,shop_6,adult-cola,glass,500ml,1.03,45200
475,30/06/12,Patra,38.24444,21.73444,164250,shop_6,adult-cola,glass,500ml,1.2,33220
1556,30/06/13,Patra,38.24444,21.73444,166301,shop_6,adult-cola,glass,500ml,1.03,44138
2638,30/06/14,Patra,38.24444,21.73444,167242,shop_6,adult-cola,glass,500ml,0.88,53044
3719,30/06/15,Patra,38.24444,21.73444,167001,shop_6,adult-cola,glass,500ml,1.19,38040
4799,30/06/16,Patra,38.24444,21.73444,168254,shop_6,adult-cola,glass,500ml,0.99,49425
5872,30/06/17,Patra,38.24444,21.73444,168501,shop_6,adult-cola,glass,500ml,1.39,30384
6958,30/06/18,Patra,,,168034,shop_6,adult-cola,glass,500ml,1.15,43805
748,30/09/12,Patra,38.24444,21.73444,164250,shop_6,adult-cola,glass,500ml,1.43,21190
1827,30/09/13,Patra,38.24444,21.73444,166301,shop_6,adult-cola,glass,500ml,1.4,24096
2908,30/09/14,Patra,38.24444,21.73444,167242,shop_6,adult-cola,glass,500ml,0.7,64112
3989,30/09/15,Patra,38.24444,21.73444,167001,shop_6,adult-cola,glass,500ml,1.16,40172
5063,30/09/16,Patra,38.24444,21.73444,168254,shop_6,adult-cola,glass,500ml,0.91,54329
6149,30/09/17,Patra,38.24444,21.73444,168501,shop_6,adult-cola,glass,500ml,1.22,39722
7222,30/09/18,Patra,38.24444,21.73444,168034,shop_6,adult-cola,glass,500ml,0.98,53141
929,30/11/12,Patra,38.24444,21.73444,164250,shop_6,adult-cola,glass,500ml,0.74,41603
2006,30/11/13,Patra,38.24444,21.73444,166301,shop_6,adult-cola,glass,500ml,1.31,20586
3087,30/11/14,Patra,38.24444,21.73444,167242,shop_6,adult-cola,glass,500ml,0.87,38254
4168,30/11/15,Patra,38.24444,21.73444,167001,shop_6,adult-cola,glass,500ml,0.97,35137
5250,30/11/16,Patra,38.24444,21.73444,168254,shop_6,adult-cola,glass,500ml,1.49,16984
6326,30/11/17,Patra,38.24444,21.73444,168501,shop_6,adult-cola,glass,500ml,1.05,33731
7461,30/11/18,Patra,38.24444,21.73444,168034,shop_6,adult-cola,glass,500ml,1.45,20528
26,31/01/12,Patra,38.24444,21.73444,164250,shop_6,adult-cola,glass,500ml,1.17,19841
1112,31/01/13,Patra,38.24444,21.73444,166301,shop_6,adult-cola,glass,500ml,0.96,27155
2187,31/01/14,Patra,38.24444,21.73444,167242,shop_6,adult-cola,glass,500ml,1.18,21202
3320,31/01/15,Patra,38.24444,21.73444,167001,shop_6,adult-cola,glass,500ml,0.97,27965
4348,31/01/16,Patra,38.24444,21.73444,168254,shop_6,adult-cola,glass,500ml,1.2,22075
5426,31/01/17,Patra,38.24444,21.73444,168501,shop_6,adult-cola,glass,500ml,1.08,26063
6552,31/01/18,Patra,38.24444,21.73444,168034,shop_6,adult-cola,glass,500ml,1.3,20630
206,31/03/12,Patra,38.24444,21.73444,164250,shop_6,adult-cola,glass,500ml,1.41,20640
1288,31/03/13,Patra,38.24444,21.73444,166301,shop_6,adult-cola,glass,500ml,1.12,37147
2369,31/03/14,Patra,38.24444,21.73444,167242,shop_6,adult-cola,glass,500ml,0.98,45761
3449,31/03/15,Patra,38.24444,21.73444,167001,shop_6,adult-cola,glass,500ml,1.15,38283
4527,31/03/16,Patra,38.24444,21.73444,168254,shop_6,adult-cola,glass,500ml,1,46538
5608,31/03/17,Patra,38.24444,21.73444,168501,shop_6,adult-cola,glass,500ml,1.21,37878
6685,31/03/18,Patra,38.24444,21.73444,168034,shop_6,adult-cola,glass,500ml,0.94,51500
383,31/05/12,Patra,38.24444,21.73444,164250,shop_6,adult-cola,glass,500ml,1.33,28775
1469,31/05/13,Patra,38.24444,21.73444,166301,shop_6,adult-cola,glass,500ml,0.88,56801
2549,31/05/14,Patra,38.24444,21.73444,167242,shop_6,adult-cola,glass,500ml,1.25,36819
4702,31/05/16,Patra,38.24444,21.73444,168254,shop_6,adult-cola,glass,500ml,1.01,53132
5786,31/05/17,Patra,38.24444,21.73444,168501,shop_6,adult-cola,glass,500ml,1.38,34046
6866,31/05/18,Patra,38.24444,21.73444,168034,shop_6,adult-cola,glass,500ml,0.92,59778
568,31/07/12,Patra,38.24444,21.73444,164250,shop_6,adult-cola,glass,500ml,1.13,51810
1645,31/07/13,Patra,38.24444,21.73444,166301,shop_6,adult-cola,glass,500ml,1.18,49728
2726,31/07/14,Patra,38.24444,21.73444,167242,shop_6,adult-cola,glass,500ml,1.37,37733
3808,31/07/15,Patra,38.24444,21.73444,167001,shop_6,adult-cola,glass,500ml,0.9,74104
4886,31/07/16,Patra,38.24444,21.73444,168254,shop_6,adult-cola,glass,500ml,1.05,64343
6010,31/07/17,Patra,38.24444,21.73444,168501,shop_6,adult-cola,glass,500ml,1.21,54942
7048,31/07/18,Patra,38.24444,21.73444,168034,shop_6,adult-cola,glass,500ml,0.97,72893
653,31/08/12,Patra,38.24444,21.73444,164250,shop_6,adult-cola,glass,500ml,1.2,43742
1792,31/08/13,Patra,38.24444,21.73444,166301,shop_6,adult-cola,glass,500ml,1.07,54909
2816,31/08/14,Patra,38.24444,21.73444,167242,shop_6,adult-cola,glass,500ml,1.11,53278
3896,31/08/15,Patra,38.24444,21.73444,167001,shop_6,adult-cola,glass,500ml,1.51,27718
4974,31/08/16,Patra,38.24444,21.73444,168254,shop_6,adult-cola,glass,500ml,1.09,57800
6055,31/08/17,Patra,38.24444,21.73444,168501,shop_6,adult-cola,glass,500ml,0.98,66413
7132,31/08/18,Patra,38.24444,21.73444,168034,shop_6,adult-cola,glass,500ml,0.84,76756
839,31/10/12,Patra,38.24444,21.73444,164250,shop_6,adult-cola,glass,500ml,1.27,20019
1920,31/10/13,Patra,38.24444,21.73444,166301,shop_6,adult-cola,glass,500ml,0.85,36696
2996,31/10/14,Patra,38.24444,21.73444,167242,shop_6,adult-cola,glass,500ml,1.19,24973
4074,31/10/15,Patra,38.24444,21.73444,167001,shop_6,adult-cola,glass,500ml,0.75,41633
5158,31/10/16,Patra,38.24444,21.73444,168254,shop_6,adult-cola,glass,500ml,1.36,20941
6239,31/10/17,Patra,38.24444,,168501,shop_6,adult-cola,glass,500ml,1.11,30549
7318,31/10/18,Patra,38.24444,21.73444,168034,shop_6,adult-cola,glass,500ml,1.31,24682
1019,31/12/12,Patra,38.24444,21.73444,164250,shop_6,adult-cola,glass,500ml,1.35,24156
2096,31/12/13,Patra,38.24444,21.73444,166301,shop_6,adult-cola,glass,500ml,1.1,38980
3175,31/12/14,Patra,38.24444,21.73444,167242,shop_6,adult-cola,glass,500ml,0.92,49461
4255,31/12/15,Patra,38.24444,21.73444,167001,shop_6,adult-cola,glass,500ml,0.93,50375
5338,31/12/16,Patra,38.24444,21.73444,168254,shop_6,adult-cola,glass,500ml,1.19,38414
6477,31/12/17,Patra,38.24444,21.73444,168501,shop_6,adult-cola,glass,500ml,1.02,47708
7496,31/12/18,Patra,38.24444,21.73444,168034,shop_6,adult-cola,glass,500ml,1.32,34520
1208,28/02/13,Thessaloniki,40.64361,22.93086,347001,shop_4,adult-cola,glass,500ml,1.23,11651
2288,28/02/14,Thessaloniki,40.64361,22.93086,349232,shop_4,adult-cola,glass,500ml,1.09,14894
3368,28/02/15,Thessaloniki,40.64361,22.93086,351650,shop_4,adult-cola,glass,500ml,1.37,10082
5533,28/02/17,Thessaloniki,40.64361,22.93086,353001,shop_4,adult-cola,glass,500ml,0.56,25398
6611,28/02/18,Thessaloniki,40.64361,22.93086,354290,shop_4,adult-cola,glass,500ml,1.34,12190
129,29/02/12,Thessaloniki,40.64361,22.93086,346502,shop_4,adult-cola,glass,500ml,1.19,11993
4448,29/02/16,Thessaloniki,40.64361,22.93086,351702,shop_4,adult-cola,glass,500ml,1.02,16907
312,30/04/12,Thessaloniki,40.64361,22.93086,346502,shop_4,adult-cola,glass,500ml,1.13,33708
1390,30/04/13,Thessaloniki,40.64361,22.93086,347001,shop_4,adult-cola,glass,500ml,1.08,37235
2474,30/04/14,Thessaloniki,40.64361,22.93086,349232,shop_4,adult-cola,glass,500ml,1.2,32960
3547,30/04/15,Thessaloniki,40.64361,22.93086,351650,shop_4,adult-cola,glass,500ml,0.95,46043
4629,30/04/16,Thessaloniki,40.64361,22.93086,351702,shop_4,adult-cola,glass,500ml,0.96,46262
5708,30/04/17,Thessaloniki,40.64361,22.93086,353001,shop_4,adult-cola,glass,500ml,1.18,37190
6789,30/04/18,Thessaloniki,40.64361,22.93086,354290,shop_4,adult-cola,glass,500ml,1.34,31047
487,30/06/12,Thessaloniki,40.64361,22.93086,346502,shop_4,adult-cola,glass,500ml,1.15,33194
1569,30/06/13,Thessaloniki,40.64361,22.93086,347001,shop_4,adult-cola,glass,500ml,1.1,37017
2692,30/06/14,Thessaloniki,40.64361,22.93086,349232,shop_4,adult-cola,glass,500ml,1.09,38660
3729,30/06/15,Thessaloniki,40.64361,22.93086,351650,shop_4,adult-cola,glass,500ml,1.27,31103
4854,30/06/16,Thessaloniki,40.64361,22.93086,351702,shop_4,adult-cola,glass,500ml,1.3,30693
5883,30/06/17,Thessaloniki,40.64361,22.93086,353001,shop_4,adult-cola,glass,500ml,1.17,37991
7004,30/06/18,Thessaloniki,40.64361,22.93086,354290,shop_4,adult-cola,glass,500ml,0.74,58151
760,30/09/12,Thessaloniki,40.64361,22.93086,346502,shop_4,adult-cola,glass,500ml,1.05,33152
1840,30/09/13,Thessaloniki,40.64361,22.93086,347001,shop_4,adult-cola,glass,500ml,1.23,26563
2921,30/09/14,Thessaloniki,40.64361,22.93086,349232,shop_4,adult-cola,glass,500ml,0.96,39247
4000,30/09/15,Thessaloniki,40.64361,22.93086,351650,shop_4,adult-cola,glass,500ml,1.25,27803
5075,30/09/16,Thessaloniki,40.64361,22.93086,351702,shop_4,adult-cola,glass,500ml,1.13,33900
6163,30/09/17,Thessaloniki,40.64361,22.93086,353001,shop_4,adult-cola,glass,500ml,1.15,34046
7234,30/09/18,Thessaloniki,40.64361,22.93086,354290,shop_4,adult-cola,glass,500ml,1.06,38387
942,30/11/12,Thessaloniki,40.64361,22.93086,346502,shop_4,adult-cola,glass,500ml,1.09,25068
2019,30/11/13,Thessaloniki,40.64361,22.93086,347001,shop_4,adult-cola,glass,500ml,1.15,24000
3149,30/11/14,Thessaloniki,40.64361,22.93086,349232,shop_4,adult-cola,glass,500ml,1.14,25184
4179,30/11/15,Thessaloniki,40.64361,22.93086,351650,shop_4,adult-cola,glass,500ml,1.22,23399
5261,30/11/16,Thessaloniki,40.64361,22.93086,351702,shop_4,adult-cola,glass,500ml,0.97,32267
6337,30/11/17,Thessaloniki,40.64361,22.93086,353001,shop_4,adult-cola,glass,500ml,1.24,24323
7417,30/11/18,Thessaloniki,40.64361,22.93086,354290,shop_4,adult-cola,glass,500ml,1.01,32197
74,31/01/12,Thessaloniki,40.64361,22.93086,346502,shop_4,adult-cola,glass,500ml,1.05,20401
1122,31/01/13,Thessaloniki,40.64361,22.93086,347001,shop_4,adult-cola,glass,500ml,1.29,14756
2199,31/01/14,Thessaloniki,40.64361,22.93086,349232,shop_4,adult-cola,glass,500ml,1.44,11582
3278,31/01/15,Thessaloniki,40.64361,22.93086,351650,shop_4,adult-cola,glass,500ml,1.2,18407
4357,31/01/16,Thessaloniki,40.64361,22.93086,351702,shop_4,adult-cola,glass,500ml,1.02,23563
5438,31/01/17,Thessaloniki,40.64361,22.93086,353001,shop_4,adult-cola,glass,500ml,1.08,22654
6515,31/01/18,Thessaloniki,40.64361,22.93086,354290,shop_4,adult-cola,glass,500ml,0.73,31341
219,31/03/12,Thessaloniki,40.64361,22.93086,346502,shop_4,adult-cola,glass,500ml,1.06,29188
1301,31/03/13,Thessaloniki,40.64361,22.93086,347001,shop_4,adult-cola,glass,500ml,1.11,28184
2381,31/03/14,Thessaloniki,40.64361,22.93086,349232,shop_4,adult-cola,glass,500ml,1.07,30492
3462,31/03/15,Thessaloniki,40.64361,22.93086,351650,shop_4,adult-cola,glass,500ml,1.47,16453
4540,31/03/16,Thessaloniki,40.64361,22.93086,351702,shop_4,adult-cola,glass,500ml,1.06,32279
5620,31/03/17,Thessaloniki,40.64361,22.93086,353001,shop_4,adult-cola,glass,500ml,1.06,33213
6736,31/03/18,Thessaloniki,40.64361,22.93086,354290,shop_4,adult-cola,glass,500ml,1,35945
397,31/05/12,Thessaloniki,40.64361,22.93086,346502,shop_4,adult-cola,glass,500ml,1.34,23515
1482,31/05/13,Thessaloniki,40.64361,22.93086,347001,shop_4,adult-cola,glass,500ml,1.1,37585
2563,31/05/14,Thessaloniki,,22.93086,349232,shop_4,adult-cola,glass,500ml,1.07,40198
3639,31/05/15,Thessaloniki,40.64361,22.93086,351650,shop_4,adult-cola,glass,500ml,1.1,39520
4713,31/05/16,Thessaloniki,40.64361,22.93086,351702,shop_4,adult-cola,glass,500ml,1.27,32570
5799,31/05/17,Thessaloniki,40.64361,22.93086,353001,shop_4,adult-cola,glass,500ml,1.02,45439
6878,31/05/18,Thessaloniki,40.64361,22.93086,354290,shop_4,adult-cola,glass,500ml,0.89,52345
582,31/07/12,Thessaloniki,40.64361,22.93086,346502,shop_4,adult-cola,glass,500ml,1.11,38230
1658,31/07/13,Thessaloniki,40.64361,22.93086,347001,shop_4,adult-cola,glass,500ml,1.13,38843
2785,31/07/14,Thessaloniki,40.64361,22.93086,349232,shop_4,adult-cola,glass,500ml,1.17,37882
3820,31/07/15,Thessaloniki,40.64361,22.93086,351650,shop_4,adult-cola,glass,500ml,1.06,44821
4933,31/07/16,Thessaloniki,40.64361,22.93086,351702,shop_4,adult-cola,glass,500ml,0.92,52950
6028,31/07/17,Thessaloniki,40.64361,22.93086,353001,shop_4,adult-cola,glass,500ml,1.12,44287
7062,31/07/18,Thessaloniki,40.64361,22.93086,354290,shop_4,adult-cola,glass,500ml,1.34,34609
665,31/08/12,Thessaloniki,40.64361,22.93086,346502,shop_4,adult-cola,glass,500ml,1.26,31373
1749,31/08/13,Thessaloniki,40.64361,22.93086,347001,shop_4,adult-cola,glass,500ml,0.83,57506
2828,31/08/14,Thessaloniki,40.64361,22.93086,349232,shop_4,adult-cola,glass,500ml,0.92,53766
3908,31/08/15,Thessaloniki,40.64361,22.93086,351650,shop_4,adult-cola,glass,500ml,1.13,43510
4987,31/08/16,Thessaloniki,40.64361,22.93086,351702,shop_4,adult-cola,glass,500ml,1.22,39931
6067,31/08/17,Thessaloniki,40.64361,22.93086,353001,shop_4,adult-cola,glass,500ml,1.22,41183
7146,31/08/18,Thessaloniki,40.64361,22.93086,354290,shop_4,adult-cola,glass,500ml,1.27,39643
854,31/10/12,Thessaloniki,40.64361,22.93086,346502,shop_4,adult-cola,glass,500ml,1.24,20052
1930,31/10/13,Thessaloniki,40.64361,22.93086,347001,shop_4,adult-cola,glass,500ml,1,29528
3011,31/10/14,Thessaloniki,40.64361,22.93086,349232,shop_4,adult-cola,glass,500ml,0.85,35304
4087,31/10/15,Thessaloniki,40.64361,22.93086,351650,shop_4,adult-cola,glass,500ml,1.01,30556
5170,31/10/16,Thessaloniki,40.64361,22.93086,351702,shop_4,adult-cola,glass,500ml,1.15,26617
6252,31/10/17,Thessaloniki,40.64361,22.93086,353001,shop_4,adult-cola,glass,500ml,1.07,30067
7368,31/10/18,Thessaloniki,40.64361,22.93086,354290,shop_4,adult-cola,glass,500ml,1.52,16451
1079,31/12/12,Thessaloniki,40.64361,22.93086,346502,shop_4,adult-cola,glass,500ml,1.26,21803
2111,31/12/13,Thessaloniki,40.64361,22.93086,347001,shop_4,adult-cola,glass,500ml,1.17,26378
3187,31/12/14,Thessaloniki,40.64361,22.93086,349232,shop_4,adult-cola,glass,500ml,1.19,26738
4270,31/12/15,Thessaloniki,40.64361,22.93086,351650,shop_4,adult-cola,glass,500ml,1.24,25675
5351,31/12/16,Thessaloniki,40.64361,22.93086,351702,shop_4,adult-cola,glass,500ml,0.9,39404
6479,31/12/17,Thessaloniki,40.64361,22.93086,353001,shop_4,adult-cola,glass,500ml,1.16,30413
7508,31/12/18,Thessaloniki,40.64361,22.93086,354290,shop_4,adult-cola,glass,500ml,0.89,40992
