soda.csv
id,date,city,lat,long,pop,shop,brand,container,capacity,price,quantity
1177,28/02/13,Athens,37.97945,23.71622,671022,shop_1,gazoza,plastic,1.5lt,0.84,15484
2257,28/02/14,Athens,37.97945,23.71622,668203,shop_1,gazoza,plastic,1.5lt,0.83,15869
3416,28/02/15,Athens,37.97945,23.71622,667237,shop_1,gazoza,plastic,1.5lt,0.71,17738
5499,28/02/17,Athens,37.97945,23.71622,665871,shop_1,gazoza,plastic,1.5lt,1.56,7113
6579,28/02/18,Athens,37.97945,23.71622,664046,shop_1,gazoza,plastic,1.5lt,1.08,13607
97,29/02/12,Athens,37.97945,23.71622,672130,shop_1,gazoza,plastic,1.5lt,1.35,7946
4416,29/02/16,Athens,37.97945,23.71622,665102,shop_1,gazoza,plastic,1.5lt,1.12,12538
279,30/04/12,Athens,37.97945,23.71622,672130,shop_1,gazoza,plastic,1.5lt,1.13,27350
1359,30/04/13,Athens,37.97945,23.71622,671022,shop_1,gazoza,plastic,1.5lt,0.96,34049
2440,30/04/14,Athens,37.97945,23.71622,668203,shop_1,gazoza,plastic,1.5lt,0.76,41616
3519,30/04/15,Athens,37.97945,23.71622,667237,shop_1,gazoza,plastic,1.5lt,1,34106
4671,30/04/16,Athens,37.97945,23.71622,665102,shop_1,gazoza,plastic,1.5lt,1.02,34203
5676,30/04/17,Athens,37.97945,23.71622,665871,shop_1,gazoza,plastic,1.5lt,1.22,28401
6827,30/04/18,Athens,37.97945,23.71622,664046,shop_1,gazoza,plastic,1.5lt,1.4,23796
455,30/06/12,Athens,37.97945,23.71622,672130,shop_1,gazoza,plastic,1.5lt,1.26,29018
1612,30/06/13,Athens,37.97945,23.71622,671022,shop_1,gazoza,plastic,1.5lt,0.84,49085
2619,30/06/14,Athens,37.97945,23.71622,668203,shop_1,gazoza,plastic,1.5lt,0.85,49641
3700,30/06/15,Athens,37.97945,23.71622,667237,shop_1,gazoza,plastic,1.5lt,1.06,41517
4779,30/06/16,Athens,37.97945,23.71622,665102,shop_1,gazoza,plastic,1.5lt,1.2,36530
5858,30/06/17,Athens,37.97945,23.71622,665871,shop_1,gazoza,plastic,1.5lt,1.19,37878
7009,30/06/18,Athens,37.97945,23.71622,664046,shop_1,gazoza,plastic,1.5lt,1.08,43298
729,30/09/12,Athens,37.97945,23.71622,672130,shop_1,gazoza,plastic,1.5lt,1.18,26959
1888,30/09/13,Athens,37.97945,23.71622,671022,shop_1,gazoza,plastic,1.5lt,0.58,50108
2889,30/09/14,Athens,37.97945,23.71622,668203,shop_1,gazoza,plastic,1.5lt,0.61,49550
3967,30/09/15,Athens,37.97945,23.71622,667237,shop_1,gazoza,plastic,1.5lt,1.35,23802
5047,30/09/16,Athens,37.97945,23.71622,665102,shop_1,gazoza,plastic,1.5lt,0.99,37287
6128,30/09/17,Athens,37.97945,23.71622,665871,shop_1,gazoza,plastic,1.5lt,1.47,21654
7289,30/09/18,Athens,37.97945,23.71622,664046,shop_1,gazoza,plastic,1.5lt,1.32,27754
910,30/11/12,Athens,37.97945,23.71622,672130,shop_1,gazoza,plastic,1.5lt,0.48,39608
2052,30/11/13,Athens,37.97945,23.71622,671022,shop_1,gazoza,plastic,1.5lt,1.04,24503
3145,30/11/14,Athens,37.97945,23.71622,668203,shop_1,gazoza,plastic,1.5lt,1.25,19539
4211,30/11/15,Athens,37.97945,23.71622,667237,shop_1,gazoza,plastic,1.5lt,1.33,18098
5230,30/11/16,Athens,37.97945,23.71622,665102,shop_1,gazoza,plastic,1.5lt,0.91,29730
6309,30/11/17,Athens,37.97945,23.71622,665871,shop_1,gazoza,plastic,1.5lt,1.31,19973
7388,30/11/18,Athens,37.97945,23.71622,664046,shop_1,gazoza,plastic,1.5lt,1.19,23688
86,31/01/12,Athens,37.97945,23.71622,672130,shop_1,gazoza,plastic,1.5lt,0.85,26884
1090,31/01/13,Athens,37.97945,23.71622,671022,shop_1,gazoza,plastic,1.5lt,0.94,25126
2169,31/01/14,Athens,37.97945,23.71622,668203,shop_1,gazoza,plastic,1.5lt,0.97,24978
3317,31/01/15,Athens,37.97945,23.71622,667237,shop_1,gazoza,plastic,1.5lt,1.09,22624
4328,31/01/16,Athens,37.97945,23.71622,665102,shop_1,gazoza,plastic,1.5lt,1.28,18688
5409,31/01/17,Athens,37.97945,23.71622,665871,shop_1,gazoza,plastic,1.5lt,1.14,22404
6486,31/01/18,Athens,37.97945,23.71622,664046,shop_1,gazoza,plastic,1.5lt,1.22,21295
257,31/03/12,Athens,37.97945,23.71622,672130,shop_1,gazoza,plastic,1.5lt,0.93,31097
1268,31/03/13,Athens,37.97945,23.71622,671022,shop_1,gazoza,plastic,1.5lt,0.56,43648
2349,31/03/14,Athens,37.97945,23.71622,668203,shop_1,gazoza,plastic,1.5lt,1.4,17984
3430,31/03/15,Athens,37.97945,23.71622,667237,shop_1,gazoza,plastic,1.5lt,1.13,27203
4508,31/03/16,Athens,37.97945,23.71622,665102,shop_1,gazoza,plastic,1.5lt,1.2,25607
5660,31/03/17,Athens,37.97945,23.71622,665871,shop_1,gazoza,plastic,1.5lt,1.15,27804
6666,31/03/18,Athens,37.97945,23.71622,664046,shop_1,gazoza,plastic,1.5lt,1.12,29307
448,31/05/12,Athens,37.97945,23.71622,672130,shop_1,gazoza,plastic,1.5lt,0.92,36675
1527,31/05/13,Athens,37.97945,23.71622,671022,shop_1,gazoza,plastic,1.5lt,1.14,29312
2530,31/05/14,Athens,37.97945,23.71622,668203,shop_1,gazoza,plastic,1.5lt,1.09,31875
3687,31/05/15,Athens,37.97945,23.71622,667237,shop_1,gazoza,plastic,1.5lt,0.77,43836
4686,31/05/16,Athens,37.97945,23.71622,665102,shop_1,gazoza,plastic,1.5lt,0.79,43902
5768,31/05/17,Athens,37.97945,23.71622,665871,shop_1,gazoza,plastic,1.5lt,1.43,22869
6847,31/05/18,Athens,37.97945,23.71622,664046,shop_1,gazoza,plastic,1.5lt,1.35,26626
548,31/07/12,Athens,37.97945,23.71622,672130,shop_1,gazoza,plastic,1.5lt,0.22,85465
1627,31/07/13,Athens,37.97945,23.71622,671022,shop_1,gazoza,plastic,1.5lt,1.1,36853
2784,31/07/14,Athens,37.97945,23.71622,668203,shop_1,gazoza,plastic,1.5lt,1.35,27088
3789,31/07/15,Athens,37.97945,23.71622,667237,shop_1,gazoza,plastic,1.5lt,1.27,31698
4870,31/07/16,Athens,37.97945,23.71622,665102,shop_1,gazoza,plastic,1.5lt,1.16,37307
5949,31/07/17,Athens,37.97945,23.71622,665871,shop_1,gazoza,plastic,1.5lt,1.62,19786
7029,31/07/18,Athens,37.97945,23.71622,664046,shop_1,gazoza,plastic,1.5lt,1.07,42880
637,31/08/12,Athens,37.97945,23.71622,672130,shop_1,gazoza,plastic,1.5lt,0.56,58213
1718,31/08/13,Athens,37.97945,23.71622,671022,shop_1,gazoza,plastic,1.5lt,1.05,37702
2796,31/08/14,Athens,37.97945,23.71622,668203,shop_1,gazoza,plastic,1.5lt,0.87,46075
3878,31/08/15,Athens,37.97945,23.71622,667237,shop_1,gazoza,plastic,1.5lt,1.28,30338
5025,31/08/16,Athens,37.97945,23.71622,665102,shop_1,gazoza,plastic,1.5lt,1.21,34073
6037,31/08/17,Athens,37.97945,23.71622,665871,shop_1,gazoza,plastic,1.5lt,1.18,36220
7181,31/08/18,Athens,37.97945,23.71622,664046,shop_1,gazoza,plastic,1.5lt,1.36,30295
818,31/10/12,Athens,37.97945,23.71622,672130,shop_1,gazoza,plastic,1.5lt,0.82,31662
1897,31/10/13,Athens,37.97945,23.71622,671022,shop_1,gazoza,plastic,1.5lt,0.88,30242
2978,31/10/14,Athens,37.97945,23.71622,668203,shop_1,gazoza,plastic,1.5lt,1.12,24182
4058,31/10/15,Athens,37.97945,23.71622,667237,shop_1,gazoza,plastic,1.5lt,0.93,29927
5137,31/10/16,Athens,37.97945,23.71622,665102,shop_1,gazoza,plastic,1.5lt,0.99,28928
6219,31/10/17,Athens,37.97945,23.71622,665871,shop_1,gazoza,plastic,1.5lt,1.32,20915
7300,31/10/18,Athens,37.97945,23.71622,664046,shop_1,gazoza,plastic,1.5lt,1.45,18117
998,31/12/12,Athens,37.97945,23.71622,672130,shop_1,gazoza,plastic,1.5lt,0.79,35371
2077,31/12/13,Athens,37.97945,23.71622,671022,shop_1,gazoza,plastic,1.5lt,1.17,23986
3157,31/12/14,Athens,37.97945,23.71622,668203,shop_1,gazoza,plastic,1.5lt,1.31,20458
4237,31/12/15,Athens,37.97945,23.71622,667237,shop_1,gazoza,plastic,1.5lt,0.95,32058
5320,31/12/16,Athens,37.97945,23.71622,665102,shop_1,gazoza,plastic,1.5lt,0.72,39302
6399,31/12/17,Athens,37.97945,23.71622,665871,shop_1,gazoza,plastic,1.5lt,1.31,22911
7477,31/12/18,Athens,37.97945,23.71622,664046,shop_1,gazoza,plastic,1.5lt,1.23,25987
1253,28/02/13,Athens,37.96245,23.68708,671022,shop_3,gazoza,plastic,1.5lt,1.37,9029
2304,28/02/14,Athens,37.96245,23.68708,668203,shop_3,gazoza,plastic,1.5lt,0.52,22550
3386,28/02/15,Athens,37.96245,23.68708,667237,shop_3,gazoza,plastic,1.5lt,1.14,13406
5577,28/02/17,Athens,37.96245,23.68708,665871,shop_3,gazoza,plastic,1.5lt,0.63,21480
6630,28/02/18,Athens,37.96245,23.68708,664046,shop_3,gazoza,plastic,1.5lt,1.52,8994
143,29/02/12,Athens,37.96245,23.68708,672130,shop_3,gazoza,plastic,1.5lt,0.98,14749
4467,29/02/16,Athens,37.96245,23.68708,665102,shop_3,gazoza,plastic,1.5lt,1.33,10983
330,30/04/12,Athens,37.96245,23.68708,672130,shop_3,gazoza,plastic,1.5lt,0.76,29264
1409,30/04/13,Athens,37.96245,23.68708,671022,shop_3,gazoza,plastic,1.5lt,1.2,18693
2494,30/04/14,Athens,37.96245,23.68708,668203,shop_3,gazoza,plastic,1.5lt,0.91,26574
3563,30/04/15,Athens,37.96245,23.68708,667237,shop_3,gazoza,plastic,1.5lt,1.23,19141
4648,30/04/16,Athens,37.96245,23.68708,665102,shop_3,gazoza,plastic,1.5lt,0.53,36476
5746,30/04/17,Athens,37.96245,23.68708,665871,shop_3,gazoza,plastic,1.5lt,1.51,14068
6809,30/04/18,Athens,37.96245,23.68708,664046,shop_3,gazoza,plastic,1.5lt,1.37,17888
507,30/06/12,Athens,37.96245,23.68708,672130,shop_3,gazoza,plastic,1.5lt,0.54,45876
1584,30/06/13,Athens,37.96245,23.68708,671022,shop_3,gazoza,plastic,1.5lt,0.62,43486
2672,30/06/14,Athens,37.96245,23.68708,668203,shop_3,gazoza,plastic,1.5lt,1.13,27638
3776,30/06/15,Athens,37.96245,23.68708,667237,shop_3,gazoza,plastic,1.5lt,0.92,35019
4825,30/06/16,Athens,37.96245,23.68708,665102,shop_3,gazoza,plastic,1.5lt,1.27,24682
5900,30/06/17,Athens,37.96245,23.68708,665871,shop_3,gazoza,plastic,1.5lt,1.56,16765
6987,30/06/18,Athens,,,664046,shop_3,gazoza,plastic,1.5lt,1.53,18581
781,30/09/12,Athens,37.96245,23.68708,672130,shop_3,gazoza,plastic,1.5lt,0.35,41312
1859,30/09/13,Athens,37.96245,23.68708,671022,shop_3,gazoza,plastic,1.5lt,1.06,22856
2939,30/09/14,Athens,37.96245,23.68708,668203,shop_3,gazoza,plastic,1.5lt,1.53,11701
4017,30/09/15,Athens,37.96245,23.68708,667237,shop_3,gazoza,plastic,1.5lt,1.15,21890
5094,30/09/16,Athens,37.96245,23.68708,665102,shop_3,gazoza,plastic,1.5lt,0.75,32150
6180,30/09/17,Athens,37.96245,23.68708,665871,shop_3,gazoza,plastic,1.5lt,1.08,24668
7276,30/09/18,Athens,37.96245,23.68708,664046,shop_3,gazoza,plastic,1.5lt,1.6,13113
962,30/11/12,Athens,37.96245,23.68708,672130,shop_3,gazoza,plastic,1.5lt,0.86,25180
2037,30/11/13,Athens,37.96245,23.68708,671022,shop_3,gazoza,plastic,1.5lt,1.36,13687
3123,30/11/14,Athens,37.96245,23.68708,668203,shop_3,gazoza,plastic,1.5lt,0.43,36006
4195,30/11/15,Athens,37.96245,23.68708,667237,shop_3,gazoza,plastic,1.5lt,1.39,14427
5281,30/11/16,Athens,37.96245,23.68708,665102,shop_3,gazoza,plastic,1.5lt,1,23597
6356,30/11/17,Athens,37.96245,23.68708,665871,shop_3,gazoza,plastic,1.5lt,1.4,15525
7438,30/11/18,Athens,37.96245,23.68708,664046,shop_3,gazoza,plastic,1.5lt,1.05,23552
55,31/01/12,Athens,37.96245,23.68708,672130,shop_3,gazoza,plastic,1.5lt,1.16,14480
1141,31/01/13,Athens,37.96245,23.68708,671022,shop_3,gazoza,plastic,1.5lt,0.77,22308
2215,31/01/14,Athens,37.96245,23.68708,668203,shop_3,gazoza,plastic,1.5lt,1.06,17321
3297,31/01/15,Athens,37.96245,23.68708,667237,shop_3,gazoza,plastic,1.5lt,1.28,13658
4376,31/01/16,Athens,37.96245,23.68708,665102,shop_3,gazoza,plastic,1.5lt,1.17,16134
5489,31/01/17,Athens,37.96245,23.68708,665871,shop_3,gazoza,plastic,1.5lt,1.4,12555
6535,31/01/18,Athens,37.96245,23.68708,664046,shop_3,gazoza,plastic,1.5lt,0.62,26427
235,31/03/12,Athens,37.96245,23.68708,672130,shop_3,gazoza,plastic,1.5lt,0.45,33115
1321,31/03/13,Athens,37.96245,23.68708,671022,shop_3,gazoza,plastic,1.5lt,1.02,20611
2417,31/03/14,Athens,37.96245,23.68708,668203,shop_3,gazoza,plastic,1.5lt,0.75,26887
3482,31/03/15,Athens,37.96245,23.68708,667237,shop_3,gazoza,plastic,1.5lt,1.05,20760
4588,31/03/16,Athens,37.96245,23.68708,665102,shop_3,gazoza,plastic,1.5lt,1.5,11996
5635,31/03/17,Athens,37.96245,23.68708,665871,shop_3,gazoza,plastic,1.5lt,1.41,14419
6716,31/03/18,Athens,37.96245,23.68708,664046,shop_3,gazoza,plastic,1.5lt,1.38,15650
445,31/05/12,Athens,37.96245,23.68708,672130,shop_3,gazoza,plastic,1.5lt,0.92,31466
1523,31/05/13,Athens,37.96245,23.68708,671022,shop_3,gazoza,plastic,1.5lt,1.11,26166
2582,31/05/14,Athens,37.96245,23.68708,668203,shop_3,gazoza,plastic,1.5lt,1.16,25512
3659,31/05/15,Athens,37.96245,23.68708,667237,shop_3,gazoza,plastic,1.5lt,1.15,26599
4730,31/05/16,Athens,37.96245,23.68708,665102,shop_3,gazoza,plastic,1.5lt,1.21,25343
5832,31/05/17,Athens,37.96245,23.68708,665871,shop_3,gazoza,plastic,1.5lt,1.02,31767
6897,31/05/18,Athens,37.96245,23.68708,664046,shop_3,gazoza,plastic,1.5lt,0.89,35827
600,31/07/12,Athens,37.96245,23.68708,672130,shop_3,gazoza,plastic,1.5lt,0.73,41012
1678,31/07/13,Athens,37.96245,23.68708,671022,shop_3,gazoza,plastic,1.5lt,1.23,24356
2757,31/07/14,Athens,37.96245,23.68708,668203,shop_3,gazoza,plastic,1.5lt,0.78,40341
3869,31/07/15,Athens,37.96245,23.68708,667237,shop_3,gazoza,plastic,1.5lt,1.2,27106
4916,31/07/16,Athens,37.96245,23.68708,665102,shop_3,gazoza,plastic,1.5lt,1.15,29685
5993,31/07/17,Athens,37.96245,23.68708,665871,shop_3,gazoza,plastic,1.5lt,1.33,24671
7082,31/07/18,Athens,37.96245,23.68708,664046,shop_3,gazoza,plastic,1.5lt,1.07,33460
684,31/08/12,Athens,37.96245,23.68708,672130,shop_3,gazoza,plastic,1.5lt,0.26,45913
1765,31/08/13,Athens,37.96245,23.68708,671022,shop_3,gazoza,plastic,1.5lt,1.3,17589
2845,31/08/14,Athens,37.96245,23.68708,668203,shop_3,gazoza,plastic,1.5lt,1.52,12587
3952,31/08/15,Athens,37.96245,23.68708,667237,shop_3,gazoza,plastic,1.5lt,0.63,36766
5007,31/08/16,Athens,37.96245,23.68708,665102,shop_3,gazoza,plastic,1.5lt,1.27,20581
6080,31/08/17,Athens,37.96245,23.68708,665871,shop_3,gazoza,plastic,1.5lt,1.58,13485
7164,31/08/18,Athens,37.96245,23.68708,664046,shop_3,gazoza,plastic,1.5lt,0.96,29429
874,31/10/12,Athens,37.96245,23.68708,672130,shop_3,gazoza,plastic,1.5lt,0.38,36308
1949,31/10/13,Athens,37.96245,23.68708,671022,shop_3,gazoza,plastic,1.5lt,1.07,20382
3032,31/10/14,Athens,37.96245,23.68708,668203,shop_3,gazoza,plastic,1.5lt,1.05,21418
4106,31/10/15,Athens,37.96245,23.68708,667237,shop_3,gazoza,plastic,1.5lt,1.17,19170
5185,31/10/16,Athens,37.96245,23.68708,665102,shop_3,gazoza,plastic,1.5lt,1.04,22514
6294,31/10/17,Athens,37.96245,23.68708,665871,shop_3,gazoza,plastic,1.5lt,1.45,14238
7348,31/10/18,Athens,37.96245,23.68708,664046,shop_3,gazoza,plastic,1.5lt,1.38,16292
1047,31/12/12,Athens,37.96245,23.68708,672130,shop_3,gazoza,plastic,1.5lt,0.72,26032
2129,31/12/13,Athens,37.96245,23.68708,671022,shop_3,gazoza,plastic,1.5lt,1.31,13591
3202,31/12/14,Athens,37.96245,23.68708,668203,shop_3,gazoza,plastic,1.5lt,1.09,18839
4290,31/12/15,Athens,37.96245,23.68708,667237,shop_3,gazoza,plastic,1.5lt,0.98,21786
5396,31/12/16,Athens,37.96245,23.68708,665102,shop_3,gazoza,plastic,1.5lt,0.76,26527
6444,31/12/17,Athens,37.96245,23.68708,665871,shop_3,gazoza,plastic,1.5lt,0.99,22212
7526,31/12/18,Athens,37.96245,23.68708,664046,shop_3,gazoza,plastic,1.5lt,1.63,10160
