soda.csv
id,date,city,lat,long,pop,shop,brand,container,capacity,price,quantity
1248,28/02/13,Irakleion,35.32787,25.14341,135432,shop_2,gazoza,plastic,1.5lt,0.91,27469
2268,28/02/14,Irakleion,35.32787,25.14341,136202,shop_2,gazoza,plastic,1.5lt,1.21,20132
3351,28/02/15,Irakleion,35.32787,25.14341,138560,shop_2,gazoza,plastic,1.5lt,1.03,25226
5512,28/02/17,Irakleion,35.32787,25.14341,138200,shop_2,gazoza,plastic,1.5lt,0.82,31517
6593,28/02/18,Irakleion,35.32787,25.14341,137154,shop_2,gazoza,plastic,1.5lt,1.27,21198
178,29/02/12,Irakleion,35.32787,25.14341,134219,shop_2,gazoza,plastic,1.5lt,1.12,21164
4429,29/02/16,Irakleion,35.32787,25.14341,137302,shop_2,gazoza,plastic,1.5lt,1.11,23995
292,30/04/12,Irakleion,35.32787,25.14341,134219,shop_2,gazoza,plastic,1.5lt,0.93,37551
1371,30/04/13,Irakleion,35.32787,25.14341,135432,shop_2,gazoza,plastic,1.5lt,1.08,32795
2453,30/04/14,Irakleion,35.32787,25.14341,136202,shop_2,gazoza,plastic,1.5lt,1.11,32524
3530,30/04/15,Irakleion,35.32787,25.14341,138560,shop_2,gazoza,plastic,1.5lt,0.82,44152
4609,30/04/16,Irakleion,35.32787,25.14341,137302,shop_2,gazoza,plastic,1.5lt,1.16,32631
5688,30/04/17,Irakleion,35.32787,25.14341,138200,shop_2,gazoza,plastic,1.5lt,1.25,30081
6769,30/04/18,Irakleion,35.32787,25.14341,137154,shop_2,gazoza,plastic,1.5lt,1.13,35111
467,30/06/12,Irakleion,35.32787,25.14341,134219,shop_2,gazoza,plastic,1.5lt,0.88,47534
1549,30/06/13,Irakleion,35.32787,25.14341,135432,shop_2,gazoza,plastic,1.5lt,1.04,41185
2633,30/06/14,Irakleion,35.32787,25.14341,136202,shop_2,gazoza,plastic,1.5lt,0.99,44231
3714,30/06/15,Irakleion,35.32787,25.14341,138560,shop_2,gazoza,plastic,1.5lt,1.03,43709
4792,30/06/16,Irakleion,35.32787,25.14341,137302,shop_2,gazoza,plastic,1.5lt,1.12,40638
5869,30/06/17,Irakleion,35.32787,25.14341,138200,shop_2,gazoza,plastic,1.5lt,1.06,44098
6951,30/06/18,Irakleion,35.32787,25.14341,137154,shop_2,gazoza,plastic,1.5lt,1.36,32592
742,30/09/12,Irakleion,35.32787,25.14341,134219,shop_2,gazoza,plastic,1.5lt,1.03,36672
1819,30/09/13,Irakleion,35.32787,25.14341,135432,shop_2,gazoza,plastic,1.5lt,0.75,49118
2900,30/09/14,Irakleion,35.32787,25.14341,136202,shop_2,gazoza,plastic,1.5lt,1.05,37696
3981,30/09/15,Irakleion,35.32787,25.14341,138560,shop_2,gazoza,plastic,1.5lt,1.03,39314
5057,30/09/16,Irakleion,35.32787,25.14341,137302,shop_2,gazoza,plastic,1.5lt,1.05,39470
6143,30/09/17,Irakleion,35.32787,25.14341,138200,shop_2,gazoza,plastic,1.5lt,1.2,34565
7272,30/09/18,Irakleion,35.32787,25.14341,137154,shop_2,gazoza,plastic,1.5lt,1.38,29051
984,30/11/12,Irakleion,35.32787,25.14341,134219,shop_2,gazoza,plastic,1.5lt,0.54,36874
1999,30/11/13,Irakleion,35.32787,25.14341,135432,shop_2,gazoza,plastic,1.5lt,1.02,24603
3079,30/11/14,Irakleion,35.32787,25.14341,136202,shop_2,gazoza,plastic,1.5lt,0.88,28908
4160,30/11/15,Irakleion,35.32787,25.14341,138560,shop_2,gazoza,plastic,1.5lt,1.06,24772
5243,30/11/16,Irakleion,35.32787,25.14341,137302,shop_2,gazoza,plastic,1.5lt,0.99,26884
6320,30/11/17,Irakleion,35.32787,25.14341,138200,shop_2,gazoza,plastic,1.5lt,1.4,17402
7468,30/11/18,Irakleion,35.32787,25.14341,137154,shop_2,gazoza,plastic,1.5lt,1.66,11938
18,31/01/12,Irakleion,35.32787,25.14341,134219,shop_2,gazoza,plastic,1.5lt,1,30757
1104,31/01/13,Irakleion,35.32787,25.14341,135432,shop_2,gazoza,plastic,1.5lt,1.07,28929
2181,31/01/14,Irakleion,35.32787,25.14341,136202,shop_2,gazoza,plastic,1.5lt,0.98,32908
3258,31/01/15,Irakleion,35.32787,25.14341,138560,shop_2,gazoza,plastic,1.5lt,1.05,31170
4342,31/01/16,Irakleion,35.32787,25.14341,137302,shop_2,gazoza,plastic,1.5lt,1.06,31753
5475,31/01/17,Irakleion,35.32787,25.14341,138200,shop_2,gazoza,plastic,1.5lt,1.05,32674
6496,31/01/18,Irakleion,35.32787,25.14341,137154,shop_2,gazoza,plastic,1.5lt,1.27,26491
198,31/03/12,Irakleion,35.32787,25.14341,134219,shop_2,gazoza,plastic,1.5lt,0.97,30527
1280,31/03/13,Irakleion,35.32787,25.14341,135432,shop_2,gazoza,plastic,1.5lt,1.36,18550
2429,31/03/14,Irakleion,35.32787,25.14341,136202,shop_2,gazoza,plastic,1.5lt,1.07,28767
3443,31/03/15,Irakleion,35.32787,25.14341,138560,shop_2,gazoza,plastic,1.5lt,1.13,27553
4520,31/03/16,Irakleion,35.32787,25.14341,137302,shop_2,gazoza,plastic,1.5lt,0.99,32354
5601,31/03/17,Irakleion,35.32787,25.14341,138200,shop_2,gazoza,plastic,1.5lt,0.81,38246
6679,31/03/18,Irakleion,35.32787,25.14341,137154,shop_2,gazoza,plastic,1.5lt,1.12,29829
378,31/05/12,Irakleion,35.32787,25.14341,134219,shop_2,gazoza,plastic,1.5lt,0.78,56600
1462,31/05/13,Irakleion,35.32787,25.14341,135432,shop_2,gazoza,plastic,1.5lt,1.08,42876
2543,31/05/14,Irakleion,35.32787,25.14341,136202,shop_2,gazoza,plastic,1.5lt,1.16,39919
3618,31/05/15,Irakleion,35.32787,25.14341,138560,shop_2,gazoza,plastic,1.5lt,0.97,50130
4696,31/05/16,Irakleion,35.32787,25.14341,137302,shop_2,gazoza,plastic,1.5lt,1.16,42295
5780,31/05/17,Irakleion,35.32787,25.14341,138200,shop_2,gazoza,plastic,1.5lt,1.21,41193
6858,31/05/18,Irakleion,35.32787,25.14341,137154,shop_2,gazoza,plastic,1.5lt,1.12,46147
562,31/07/12,Irakleion,35.32787,25.14341,134219,shop_2,gazoza,plastic,1.5lt,0.67,71805
1639,31/07/13,Irakleion,35.32787,25.14341,135432,shop_2,gazoza,plastic,1.5lt,0.75,68015
2720,31/07/14,Irakleion,35.32787,25.14341,136202,shop_2,gazoza,plastic,1.5lt,1.02,53659
3861,31/07/15,Irakleion,35.32787,25.14341,138560,shop_2,gazoza,plastic,1.5lt,1.11,50187
4947,31/07/16,Irakleion,35.32787,25.14341,137302,shop_2,gazoza,plastic,1.5lt,1.22,45690
5960,31/07/17,Irakleion,35.32787,25.14341,138200,shop_2,gazoza,plastic,1.5lt,1.34,40219
7042,31/07/18,Irakleion,35.32787,25.14341,137154,shop_2,gazoza,plastic,1.5lt,1.43,37016
701,31/08/12,Irakleion,35.32787,25.14341,134219,shop_2,gazoza,plastic,1.5lt,0.93,41595
1731,31/08/13,Irakleion,35.32787,25.14341,135432,shop_2,gazoza,plastic,1.5lt,0.98,40327
2810,31/08/14,Irakleion,35.32787,25.14341,136202,shop_2,gazoza,plastic,1.5lt,0.72,51654
3889,31/08/15,Irakleion,35.32787,25.14341,138560,shop_2,gazoza,plastic,1.5lt,1.27,30231
4968,31/08/16,Irakleion,35.32787,25.14341,137302,shop_2,gazoza,plastic,1.5lt,0.99,42449
6119,31/08/17,Irakleion,35.32787,25.14341,138200,shop_2,gazoza,plastic,1.5lt,1.38,28316
7127,31/08/18,Irakleion,35.32787,25.14341,137154,shop_2,gazoza,plastic,1.5lt,1.23,34801
832,31/10/12,Irakleion,35.32787,25.14341,134219,shop_2,gazoza,plastic,1.5lt,0.93,36455
1912,31/10/13,Irakleion,35.32787,25.14341,135432,shop_2,gazoza,plastic,1.5lt,0.88,38987
2989,31/10/14,Irakleion,35.32787,25.14341,136202,shop_2,gazoza,plastic,1.5lt,0.49,53861
4069,31/10/15,Irakleion,,25.14341,138560,shop_2,gazoza,plastic,1.5lt,1.28,26320
5151,31/10/16,Irakleion,35.32787,25.14341,137302,shop_2,gazoza,plastic,1.5lt,1.57,17259
6289,31/10/17,Irakleion,35.32787,25.14341,138200,shop_2,gazoza,plastic,1.5lt,0.83,43283
7312,31/10/18,Irakleion,35.32787,25.14341,137154,shop_2,gazoza,plastic,1.5lt,1.53,20759
1012,31/12/12,Irakleion,,25.14341,134219,shop_2,gazoza,plastic,1.5lt,0.98,35066
2090,31/12/13,Irakleion,35.32787,25.14341,135432,shop_2,gazoza,plastic,1.5lt,1.08,32335
3168,31/12/14,Irakleion,35.32787,25.14341,136202,shop_2,gazoza,plastic,1.5lt,1.08,33141
4248,31/12/15,Irakleion,35.32787,25.14341,138560,shop_2,gazoza,plastic,1.5lt,1.39,22806
5330,31/12/16,Irakleion,35.32787,25.14341,137302,shop_2,gazoza,plastic,1.5lt,0.91,40584
6410,31/12/17,Irakleion,35.32787,25.14341,138200,shop_2,gazoza,plastic,1.5lt,0.93,40514
7489,31/12/18,Irakleion,35.32787,25.14341,137154,shop_2,gazoza,plastic,1.5lt,1.09,35712
1240,28/02/13,Larisa,39.63689,22.41761,139242,shop_5,gazoza,plastic,1.5lt,1.19,11447
2317,28/02/14,Larisa,39.63689,22.41761,140563,shop_5,gazoza,plastic,1.5lt,0.96,15272
3401,28/02/15,Larisa,39.63689,22.41761,141732,shop_5,gazoza,plastic,1.5lt,0.46,22708
5560,28/02/17,Larisa,39.63689,22.41761,144302,shop_5,gazoza,plastic,1.5lt,1.14,13550
6644,28/02/18,Larisa,39.63689,22.41761,144651,shop_5,gazoza,plastic,1.5lt,1.19,13180
156,29/02/12,Larisa,39.63689,22.41761,137540,shop_5,gazoza,plastic,1.5lt,1,13945
4480,29/02/16,Larisa,39.63689,22.41761,142030,shop_5,gazoza,plastic,1.5lt,1.54,7516
342,30/04/12,Larisa,39.63689,22.41761,137540,shop_5,gazoza,plastic,1.5lt,1.02,27465
1421,30/04/13,Larisa,39.63689,22.41761,139242,shop_5,gazoza,plastic,1.5lt,0.44,45953
2505,30/04/14,Larisa,39.63689,22.41761,140563,shop_5,gazoza,plastic,1.5lt,1.01,29154
3575,30/04/15,Larisa,39.63689,22.41761,141732,shop_5,gazoza,plastic,1.5lt,0.92,32485
4661,30/04/16,Larisa,39.63689,22.41761,142030,shop_5,gazoza,plastic,1.5lt,1.25,23514
5735,30/04/17,Larisa,39.63689,22.41761,144302,shop_5,gazoza,plastic,1.5lt,1.61,14188
6824,30/04/18,Larisa,39.63689,22.41761,144651,shop_5,gazoza,plastic,1.5lt,1.26,24846
519,30/06/12,Larisa,39.63689,22.41761,137540,shop_5,gazoza,plastic,1.5lt,1.05,30098
1618,30/06/13,Larisa,39.63689,22.41761,139242,shop_5,gazoza,plastic,1.5lt,0.46,51129
2686,30/06/14,Larisa,39.63689,22.41761,140563,shop_5,gazoza,plastic,1.5lt,0.49,50528
3758,30/06/15,Larisa,39.63689,22.41761,141732,shop_5,gazoza,plastic,1.5lt,1.44,19535
4837,30/06/16,Larisa,39.63689,22.41761,142030,shop_5,gazoza,plastic,1.5lt,1.32,24319
5911,30/06/17,Larisa,39.63689,22.41761,144302,shop_5,gazoza,plastic,1.5lt,1.17,29966
6999,30/06/18,Larisa,39.63689,22.41761,144651,shop_5,gazoza,plastic,1.5lt,1.61,16973
790,30/09/12,Larisa,39.63689,22.41761,137540,shop_5,gazoza,plastic,1.5lt,0.74,35265
1870,30/09/13,Larisa,39.63689,22.41761,139242,shop_5,gazoza,plastic,1.5lt,1.2,22144
2951,30/09/14,Larisa,39.63689,22.41761,140563,shop_5,gazoza,plastic,1.5lt,0.73,36431
4030,30/09/15,Larisa,39.63689,22.41761,141732,shop_5,gazoza,plastic,1.5lt,1.05,27974
5107,30/09/16,Larisa,39.63689,22.41761,142030,shop_5,gazoza,plastic,1.5lt,1.23,23412
6192,30/09/17,Larisa,39.63689,22.41761,144302,shop_5,gazoza,plastic,1.5lt,1.39,19670
7262,30/09/18,Larisa,39.63689,22.41761,144651,shop_5,gazoza,plastic,1.5lt,1.16,26564
973,30/11/12,Larisa,39.63689,22.41761,137540,shop_5,gazoza,plastic,1.5lt,1.01,20065
2047,30/11/13,Larisa,39.63689,22.41761,139242,shop_5,gazoza,plastic,1.5lt,1,20793
3134,30/11/14,Larisa,39.63689,22.41761,140563,shop_5,gazoza,plastic,1.5lt,1.15,18099
4205,30/11/15,Larisa,39.63689,22.41761,141732,shop_5,gazoza,plastic,1.5lt,1.07,20221
5293,30/11/16,Larisa,39.63689,22.41761,142030,shop_5,gazoza,plastic,1.5lt,1.21,17734
6368,30/11/17,Larisa,39.63689,22.41761,144302,shop_5,gazoza,plastic,1.5lt,0.52,32243
7455,30/11/18,Larisa,39.63689,22.41761,144651,shop_5,gazoza,plastic,1.5lt,1.52,12621
65,31/01/12,Larisa,39.63689,22.41761,137540,shop_5,gazoza,plastic,1.5lt,0.84,26495
1151,31/01/13,Larisa,39.63689,22.41761,139242,shop_5,gazoza,plastic,1.5lt,1.19,18507
2226,31/01/14,Larisa,39.63689,22.41761,140563,shop_5,gazoza,plastic,1.5lt,1.12,20712
3310,31/01/15,Larisa,39.63689,22.41761,141732,shop_5,gazoza,plastic,1.5lt,0.61,33256
4406,31/01/16,Larisa,39.63689,22.41761,142030,shop_5,gazoza,plastic,1.5lt,0.63,33165
5470,31/01/17,Larisa,39.63689,22.41761,144302,shop_5,gazoza,plastic,1.5lt,1.58,12035
6545,31/01/18,Larisa,39.63689,22.41761,144651,shop_5,gazoza,plastic,1.5lt,1.53,13777
247,31/03/12,Larisa,39.63689,22.41761,137540,shop_5,gazoza,plastic,1.5lt,0.54,34972
1334,31/03/13,Larisa,39.63689,22.41761,139242,shop_5,gazoza,plastic,1.5lt,0.61,33339
2410,31/03/14,Larisa,39.63689,22.41761,140563,shop_5,gazoza,plastic,1.5lt,1.19,19494
3503,31/03/15,Larisa,39.63689,22.41761,141732,shop_5,gazoza,plastic,1.5lt,1.08,22720
4577,31/03/16,Larisa,39.63689,22.41761,142030,shop_5,gazoza,plastic,1.5lt,1.47,14205
5647,31/03/17,Larisa,39.63689,22.41761,144302,shop_5,gazoza,plastic,1.5lt,1.42,16088
6744,31/03/18,Larisa,39.63689,22.41761,144651,shop_5,gazoza,plastic,1.5lt,1.24,20593
431,31/05/12,Larisa,39.63689,22.41761,137540,shop_5,gazoza,plastic,1.5lt,0.68,41741
1512,31/05/13,Larisa,39.63689,22.41761,139242,shop_5,gazoza,plastic,1.5lt,1.13,27078
2593,31/05/14,Larisa,39.63689,22.41761,140563,shop_5,gazoza,plastic,1.5lt,1.24,24191
3671,31/05/15,Larisa,39.63689,22.41761,141732,shop_5,gazoza,plastic,1.5lt,1.13,28814
4741,31/05/16,Larisa,39.63689,22.41761,142030,shop_5,gazoza,plastic,1.5lt,1.39,21313
5843,31/05/17,Larisa,39.63689,22.41761,144302,shop_5,gazoza,plastic,1.5lt,1.12,30402
6910,31/05/18,Larisa,39.63689,22.41761,144651,shop_5,gazoza,plastic,1.5lt,0.78,41369
615,31/07/12,Larisa,39.63689,22.41761,137540,shop_5,gazoza,plastic,1.5lt,1.06,34961
1693,31/07/13,Larisa,39.63689,22.41761,139242,shop_5,gazoza,plastic,1.5lt,0.95,40513
2771,31/07/14,Larisa,39.63689,22.41761,140563,shop_5,gazoza,plastic,1.5lt,1.25,29409
3854,31/07/15,Larisa,39.63689,22.41761,141732,shop_5,gazoza,plastic,1.5lt,0.64,54420
4946,31/07/16,Larisa,39.63689,22.41761,142030,shop_5,gazoza,plastic,1.5lt,1.26,31209
6005,31/07/17,Larisa,39.63689,22.41761,144302,shop_5,gazoza,plastic,1.5lt,0.92,44934
7101,31/07/18,Larisa,39.63689,22.41761,144651,shop_5,gazoza,plastic,1.5lt,1.41,27602
696,31/08/12,Larisa,39.63689,22.41761,137540,shop_5,gazoza,plastic,1.5lt,0.85,38264
1777,31/08/13,Larisa,39.63689,22.41761,139242,shop_5,gazoza,plastic,1.5lt,0.87,37988
2858,31/08/14,Larisa,39.63689,22.41761,140563,shop_5,gazoza,plastic,1.5lt,1.19,27559
3940,31/08/15,Larisa,39.63689,22.41761,141732,shop_5,gazoza,plastic,1.5lt,1.39,21884
5020,31/08/16,Larisa,39.63689,22.41761,142030,shop_5,gazoza,plastic,1.5lt,1.04,34385
6093,31/08/17,Larisa,39.63689,22.41761,144302,shop_5,gazoza,plastic,1.5lt,0.79,43310
7176,31/08/18,Larisa,39.63689,22.41761,144651,shop_5,gazoza,plastic,1.5lt,1.36,25611
887,31/10/12,Larisa,39.63689,22.41761,137540,shop_5,gazoza,plastic,1.5lt,0.34,44656
1962,31/10/13,Larisa,39.63689,22.41761,139242,shop_5,gazoza,plastic,1.5lt,0.76,33114
3045,31/10/14,Larisa,39.63689,22.41761,140563,shop_5,gazoza,plastic,1.5lt,1.34,17539
4116,31/10/15,Larisa,39.63689,22.41761,141732,shop_5,gazoza,plastic,1.5lt,1.31,19191
5197,31/10/16,Larisa,39.63689,22.41761,142030,shop_5,gazoza,plastic,1.5lt,1.16,24008
6280,31/10/17,Larisa,39.63689,22.41761,144302,shop_5,gazoza,plastic,1.5lt,1.43,17682
7361,31/10/18,Larisa,39.63689,22.41761,144651,shop_5,gazoza,plastic,1.5lt,1.2,23984
1071,31/12/12,Larisa,39.63689,22.41761,137540,shop_5,gazoza,plastic,1.5lt,1.32,16149
2142,31/12/13,Larisa,39.63689,22.41761,139242,shop_5,gazoza,plastic,1.5lt,1.18,20581
3215,31/12/14,Larisa,39.63689,22.41761,140563,shop_5,gazoza,plastic,1.5lt,1.15,22081
4303,31/12/15,Larisa,39.63689,22.41761,141732,shop_5,gazoza,plastic,1.5lt,0.87,29920
5378,31/12/16,Larisa,39.63689,22.41761,142030,shop_5,gazoza,plastic,1.5lt,1.39,17276
6473,31/12/17,Larisa,39.63689,22.41761,144302,shop_5,gazoza,plastic,1.5lt,0.26,46047
7537,31/12/18,Larisa,39.63689,22.41761,144651,shop_5,gazoza,plastic,1.5lt,1.25,22136
