soda.csv
id,date,city,lat,long,pop,shop,brand,container,capacity,price,quantity
1255,28/02/13,Patra,38.24444,21.73444,166301,shop_6,gazoza,plastic,1.5lt,0.88,30639
2281,28/02/14,Patra,38.24444,21.73444,167242,shop_6,gazoza,plastic,1.5lt,1.12,24461
3362,28/02/15,Patra,38.24444,21.73444,167001,shop_6,gazoza,plastic,1.5lt,1.16,24009
5578,28/02/17,Patra,38.24444,21.73444,168501,shop_6,gazoza,plastic,1.5lt,1.35,20054
6606,28/02/18,Patra,38.24444,21.73444,168034,shop_6,gazoza,plastic,1.5lt,1.34,21053
167,29/02/12,Patra,38.24444,21.73444,164250,shop_6,gazoza,plastic,1.5lt,0.55,39745
4441,29/02/16,Patra,38.24444,21.73444,168254,shop_6,gazoza,plastic,1.5lt,1.14,25184
304,30/04/12,Patra,38.24444,21.73444,164250,shop_6,gazoza,plastic,1.5lt,0.75,65679
1382,30/04/13,Patra,38.24444,21.73444,166301,shop_6,gazoza,plastic,1.5lt,0.86,60368
2466,30/04/14,Patra,38.24444,21.73444,167242,shop_6,gazoza,plastic,1.5lt,1.03,51999
3541,30/04/15,Patra,38.24444,21.73444,167001,shop_6,gazoza,plastic,1.5lt,1.25,41788
4621,30/04/16,Patra,38.24444,21.73444,168254,shop_6,gazoza,plastic,1.5lt,1.06,53209
5702,30/04/17,Patra,38.24444,21.73444,168501,shop_6,gazoza,plastic,1.5lt,1.33,40375
6782,30/04/18,Patra,38.24444,21.73444,168034,shop_6,gazoza,plastic,1.5lt,1.24,46325
538,30/06/12,Patra,38.24444,21.73444,164250,shop_6,gazoza,plastic,1.5lt,0.93,62943
1562,30/06/13,Patra,38.24444,21.73444,166301,shop_6,gazoza,plastic,1.5lt,0.63,83450
2645,30/06/14,Patra,38.24444,21.73444,167242,shop_6,gazoza,plastic,1.5lt,0.99,61910
3779,30/06/15,Patra,38.24444,21.73444,167001,shop_6,gazoza,plastic,1.5lt,1.25,47525
4802,30/06/16,Patra,38.24444,21.73444,168254,shop_6,gazoza,plastic,1.5lt,1.08,59397
5877,30/06/17,Patra,38.24444,21.73444,168501,shop_6,gazoza,plastic,1.5lt,1.13,57498
6965,30/06/18,Patra,38.24444,21.73444,168034,shop_6,gazoza,plastic,1.5lt,1.5,37937
753,30/09/12,Patra,38.24444,21.73444,164250,shop_6,gazoza,plastic,1.5lt,0.39,87853
1832,30/09/13,Patra,38.24444,21.73444,166301,shop_6,gazoza,plastic,1.5lt,1.34,34388
2913,30/09/14,Patra,38.24444,21.73444,167242,shop_6,gazoza,plastic,1.5lt,1.02,53956
3996,30/09/15,Patra,38.24444,21.73444,167001,shop_6,gazoza,plastic,1.5lt,1.04,54058
5068,30/09/16,Patra,38.24444,21.73444,168254,shop_6,gazoza,plastic,1.5lt,1.25,43674
6156,30/09/17,Patra,,21.73444,168501,shop_6,gazoza,plastic,1.5lt,1.2,47873
7228,30/09/18,Patra,38.24444,21.73444,168034,shop_6,gazoza,plastic,1.5lt,1.29,44446
936,30/11/12,Patra,38.24444,21.73444,164250,shop_6,gazoza,plastic,1.5lt,1.21,30031
2057,30/11/13,Patra,38.24444,21.73444,166301,shop_6,gazoza,plastic,1.5lt,0.88,45457
3094,30/11/14,Patra,38.24444,21.73444,167242,shop_6,gazoza,plastic,1.5lt,0.79,50056
4173,30/11/15,Patra,38.24444,21.73444,167001,shop_6,gazoza,plastic,1.5lt,1.27,31224
5300,30/11/16,Patra,38.24444,21.73444,168254,shop_6,gazoza,plastic,1.5lt,0.77,52204
6331,30/11/17,Patra,38.24444,21.73444,168501,shop_6,gazoza,plastic,1.5lt,1.36,29536
7412,30/11/18,Patra,38.24444,21.73444,168034,shop_6,gazoza,plastic,1.5lt,1.19,37138
32,31/01/12,Patra,38.24444,21.73444,164250,shop_6,gazoza,plastic,1.5lt,0.73,47386
1116,31/01/13,Patra,38.24444,21.73444,166301,shop_6,gazoza,plastic,1.5lt,0.84,43812
2191,31/01/14,Patra,38.24444,21.73444,167242,shop_6,gazoza,plastic,1.5lt,1.28,27253
3270,31/01/15,Patra,38.24444,21.73444,167001,shop_6,gazoza,plastic,1.5lt,1.36,25231
4353,31/01/16,Patra,38.24444,21.73444,168254,shop_6,gazoza,plastic,1.5lt,0.95,41660
5483,31/01/17,Patra,38.24444,21.73444,168501,shop_6,gazoza,plastic,1.5lt,0.91,43831
6508,31/01/18,Patra,38.24444,21.73444,168034,shop_6,gazoza,plastic,1.5lt,1.43,25790
252,31/03/12,Patra,38.24444,21.73444,164250,shop_6,gazoza,plastic,1.5lt,1.03,37979
1336,31/03/13,Patra,38.24444,21.73444,166301,shop_6,gazoza,plastic,1.5lt,0.68,54119
2376,31/03/14,Patra,38.24444,21.73444,167242,shop_6,gazoza,plastic,1.5lt,1.35,26537
3455,31/03/15,Patra,38.24444,21.73444,167001,shop_6,gazoza,plastic,1.5lt,0.93,45328
4533,31/03/16,Patra,38.24444,21.73444,168254,shop_6,gazoza,plastic,1.5lt,1.29,31488
5613,31/03/17,Patra,38.24444,21.73444,168501,shop_6,gazoza,plastic,1.5lt,1.08,40958
6747,31/03/18,Patra,38.24444,21.73444,168034,shop_6,gazoza,plastic,1.5lt,1.12,40016
390,31/05/12,Patra,38.24444,21.73444,164250,shop_6,gazoza,plastic,1.5lt,0.7,73635
1529,31/05/13,Patra,38.24444,21.73444,166301,shop_6,gazoza,plastic,1.5lt,1.07,52414
2556,31/05/14,Patra,38.24444,21.73444,167242,shop_6,gazoza,plastic,1.5lt,1.07,53978
3631,31/05/15,Patra,38.24444,21.73444,167001,shop_6,gazoza,plastic,1.5lt,1.21,47306
4706,31/05/16,Patra,38.24444,21.73444,168254,shop_6,gazoza,plastic,1.5lt,1.31,43028
5792,31/05/17,Patra,38.24444,21.73444,168501,shop_6,gazoza,plastic,1.5lt,1.11,55276
6920,31/05/18,Patra,38.24444,21.73444,168034,shop_6,gazoza,plastic,1.5lt,1.02,61813
575,31/07/12,Patra,38.24444,21.73444,164250,shop_6,gazoza,plastic,1.5lt,0.86,82174
1650,31/07/13,Patra,38.24444,21.73444,166301,shop_6,gazoza,plastic,1.5lt,0.92,79351
2733,31/07/14,Patra,38.24444,21.73444,167242,shop_6,gazoza,plastic,1.5lt,0.95,78124
3813,31/07/15,Patra,,21.73444,167001,shop_6,gazoza,plastic,1.5lt,1.05,72176
4890,31/07/16,Patra,38.24444,21.73444,168254,shop_6,gazoza,plastic,1.5lt,0.93,82956
5971,31/07/17,Patra,38.24444,21.73444,168501,shop_6,gazoza,plastic,1.5lt,1.37,52981
7055,31/07/18,Patra,38.24444,21.73444,168034,shop_6,gazoza,plastic,1.5lt,1.44,50019
658,31/08/12,Patra,38.24444,21.73444,164250,shop_6,gazoza,plastic,1.5lt,0.76,72811
1741,31/08/13,Patra,38.24444,21.73444,166301,shop_6,gazoza,plastic,1.5lt,0.99,59414
2820,31/08/14,Patra,38.24444,21.73444,167242,shop_6,gazoza,plastic,1.5lt,1.14,51349
3902,31/08/15,Patra,38.24444,21.73444,167001,shop_6,gazoza,plastic,1.5lt,0.96,63667
5024,31/08/16,Patra,38.24444,21.73444,168254,shop_6,gazoza,plastic,1.5lt,1.26,47308
6060,31/08/17,Patra,38.24444,21.73444,168501,shop_6,gazoza,plastic,1.5lt,1.23,50758
7138,31/08/18,Patra,38.24444,21.73444,168034,shop_6,gazoza,plastic,1.5lt,1.15,56429
846,31/10/12,Patra,38.24444,21.73444,164250,shop_6,gazoza,plastic,1.5lt,0.8,49139
1923,31/10/13,Patra,38.24444,21.73444,166301,shop_6,gazoza,plastic,1.5lt,0.8,49813
3003,31/10/14,Patra,38.24444,21.73444,167242,shop_6,gazoza,plastic,1.5lt,1.29,29765
4081,31/10/15,Patra,38.24444,21.73444,167001,shop_6,gazoza,plastic,1.5lt,1.09,39292
5164,31/10/16,Patra,38.24444,21.73444,168254,shop_6,gazoza,plastic,1.5lt,1.05,42016
6246,31/10/17,Patra,38.24444,21.73444,168501,shop_6,gazoza,plastic,1.5lt,1.27,33694
7325,31/10/18,Patra,38.24444,21.73444,168034,shop_6,gazoza,plastic,1.5lt,1.2,37596
1023,31/12/12,Patra,38.24444,21.73444,164250,shop_6,gazoza,plastic,1.5lt,0.7,59301
2103,31/12/13,Patra,,,166301,shop_6,gazoza,plastic,1.5lt,1.05,43159
3179,31/12/14,Patra,38.24444,21.73444,167242,shop_6,gazoza,plastic,1.5lt,0.88,52277
4262,31/12/15,Patra,38.24444,21.73444,167001,shop_6,gazoza,plastic,1.5lt,1.12,41972
5344,31/12/16,Patra,38.24444,21.73444,168254,shop_6,gazoza,plastic,1.5lt,1.05,46624
6467,31/12/17,Patra,38.24444,21.73444,168501,shop_6,gazoza,plastic,1.5lt,1.48,28441
7501,31/12/18,Patra,38.24444,21.73444,168034,shop_6,gazoza,plastic,1.5lt,1.23,40326
1214,28/02/13,Thessaloniki,40.64361,22.93086,347001,shop_4,gazoza,plastic,1.5lt,0.89,26065
2327,28/02/14,Thessaloniki,40.64361,22.93086,349232,shop_4,gazoza,plastic,1.5lt,1.57,9974
3374,28/02/15,Thessaloniki,40.64361,22.93086,351650,shop_4,gazoza,plastic,1.5lt,1.24,18709
5539,28/02/17,Thessaloniki,40.64361,22.93086,353001,shop_4,gazoza,plastic,1.5lt,1.24,19884
6617,28/02/18,Thessaloniki,40.64361,22.93086,354290,shop_4,gazoza,plastic,1.5lt,1.27,19643
169,29/02/12,Thessaloniki,40.64361,22.93086,346502,shop_4,gazoza,plastic,1.5lt,0.38,38461
4454,29/02/16,Thessaloniki,40.64361,22.93086,351702,shop_4,gazoza,plastic,1.5lt,0.94,26237
318,30/04/12,Thessaloniki,40.64361,22.93086,346502,shop_4,gazoza,plastic,1.5lt,0.85,39721
1396,30/04/13,Thessaloniki,40.64361,22.93086,347001,shop_4,gazoza,plastic,1.5lt,0.64,47861
2480,30/04/14,Thessaloniki,40.64361,22.93086,349232,shop_4,gazoza,plastic,1.5lt,1.38,21725
3551,30/04/15,Thessaloniki,40.64361,22.93086,351650,shop_4,gazoza,plastic,1.5lt,1.13,31845
4635,30/04/16,Thessaloniki,40.64361,22.93086,351702,shop_4,gazoza,plastic,1.5lt,1.29,27020
5715,30/04/17,Thessaloniki,40.64361,22.93086,353001,shop_4,gazoza,plastic,1.5lt,1.02,36949
6796,30/04/18,Thessaloniki,40.64361,22.93086,354290,shop_4,gazoza,plastic,1.5lt,1.19,32188
493,30/06/12,Thessaloniki,40.64361,22.93086,346502,shop_4,gazoza,plastic,1.5lt,1.1,39616
1575,30/06/13,Thessaloniki,40.64361,22.93086,347001,shop_4,gazoza,plastic,1.5lt,0.73,58876
2658,30/06/14,Thessaloniki,40.64361,22.93086,349232,shop_4,gazoza,plastic,1.5lt,0.58,66774
3733,30/06/15,Thessaloniki,40.64361,22.93086,351650,shop_4,gazoza,plastic,1.5lt,1.09,43739
4852,30/06/16,Thessaloniki,40.64361,22.93086,351702,shop_4,gazoza,plastic,1.5lt,1.28,36273
5889,30/06/17,Thessaloniki,40.64361,22.93086,353001,shop_4,gazoza,plastic,1.5lt,1.47,28875
7012,30/06/18,Thessaloniki,40.64361,22.93086,354290,shop_4,gazoza,plastic,1.5lt,1.25,39671
767,30/09/12,Thessaloniki,40.64361,22.93086,346502,shop_4,gazoza,plastic,1.5lt,0.79,47744
2927,30/09/14,Thessaloniki,40.64361,22.93086,349232,shop_4,gazoza,plastic,1.5lt,1.03,39233
4007,30/09/15,Thessaloniki,40.64361,22.93086,351650,shop_4,gazoza,plastic,1.5lt,1.12,36409
5082,30/09/16,Thessaloniki,40.64361,22.93086,351702,shop_4,gazoza,plastic,1.5lt,1.09,38704
6168,30/09/17,Thessaloniki,40.64361,22.93086,353001,shop_4,gazoza,plastic,1.5lt,1.21,34794
7240,30/09/18,Thessaloniki,40.64361,22.93086,354290,shop_4,gazoza,plastic,1.5lt,1.34,30861
948,30/11/12,Thessaloniki,40.64361,22.93086,346502,shop_4,gazoza,plastic,1.5lt,0.89,31812
2025,30/11/13,Thessaloniki,40.64361,22.93086,347001,shop_4,gazoza,plastic,1.5lt,0.99,29589
3108,30/11/14,Thessaloniki,40.64361,22.93086,349232,shop_4,gazoza,plastic,1.5lt,0.98,30314
4227,30/11/15,Thessaloniki,40.64361,22.93086,351650,shop_4,gazoza,plastic,1.5lt,0.98,31140
5267,30/11/16,Thessaloniki,40.64361,22.93086,351702,shop_4,gazoza,plastic,1.5lt,0.96,32281
6342,30/11/17,Thessaloniki,40.64361,22.93086,353001,shop_4,gazoza,plastic,1.5lt,1.37,21187
7424,30/11/18,Thessaloniki,40.64361,22.93086,354290,shop_4,gazoza,plastic,1.5lt,1.34,22812
79,31/01/12,Thessaloniki,40.64361,22.93086,346502,shop_4,gazoza,plastic,1.5lt,0.71,42833
1128,31/01/13,Thessaloniki,40.64361,22.93086,347001,shop_4,gazoza,plastic,1.5lt,0.8,40186
2205,31/01/14,Thessaloniki,40.64361,22.93086,349232,shop_4,gazoza,plastic,1.5lt,0.97,35076
3283,31/01/15,Thessaloniki,40.64361,22.93086,351650,shop_4,gazoza,plastic,1.5lt,1.42,20622
4363,31/01/16,Thessaloniki,40.64361,22.93086,351702,shop_4,gazoza,plastic,1.5lt,1.18,29608
5443,31/01/17,Thessaloniki,40.64361,22.93086,353001,shop_4,gazoza,plastic,1.5lt,1.03,35118
6553,31/01/18,Thessaloniki,40.64361,22.93086,354290,shop_4,gazoza,plastic,1.5lt,1.4,24057
224,31/03/12,Thessaloniki,40.64361,22.93086,346502,shop_4,gazoza,plastic,1.5lt,0.6,50316
1308,31/03/13,Thessaloniki,40.64361,22.93086,347001,shop_4,gazoza,plastic,1.5lt,0.56,52415
2423,31/03/14,Thessaloniki,40.64361,22.93086,349232,shop_4,gazoza,plastic,1.5lt,1.22,28285
3469,31/03/15,Thessaloniki,40.64361,22.93086,351650,shop_4,gazoza,plastic,1.5lt,1.47,20340
4578,31/03/16,Thessaloniki,40.64361,22.93086,351702,shop_4,gazoza,plastic,1.5lt,1.1,34608
5655,31/03/17,Thessaloniki,40.64361,22.93086,353001,shop_4,gazoza,plastic,1.5lt,1.37,25766
6729,31/03/18,Thessaloniki,40.64361,22.93086,354290,shop_4,gazoza,plastic,1.5lt,1.21,32436
404,31/05/12,Thessaloniki,40.64361,22.93086,346502,shop_4,gazoza,plastic,1.5lt,0.42,73778
1489,31/05/13,Thessaloniki,40.64361,22.93086,347001,shop_4,gazoza,plastic,1.5lt,1.03,44668
2569,31/05/14,Thessaloniki,40.64361,22.93086,349232,shop_4,gazoza,plastic,1.5lt,1.09,42852
3645,31/05/15,Thessaloniki,40.64361,22.93086,351650,shop_4,gazoza,plastic,1.5lt,0.83,55977
4745,31/05/16,Thessaloniki,40.64361,22.93086,351702,shop_4,gazoza,plastic,1.5lt,1.18,40900
5840,31/05/17,Thessaloniki,40.64361,22.93086,353001,shop_4,gazoza,plastic,1.5lt,1.53,26172
6884,31/05/18,Thessaloniki,40.64361,22.93086,354290,shop_4,gazoza,plastic,1.5lt,1.48,29799
589,31/07/12,Thessaloniki,40.64361,22.93086,346502,shop_4,gazoza,plastic,1.5lt,0.47,99637
1665,31/07/13,Thessaloniki,40.64361,22.93086,347001,shop_4,gazoza,plastic,1.5lt,1.02,62879
2782,31/07/14,Thessaloniki,40.64361,22.93086,349232,shop_4,gazoza,plastic,1.5lt,0.91,71844
3826,31/07/15,Thessaloniki,40.64361,22.93086,351650,shop_4,gazoza,plastic,1.5lt,1.37,42914
4903,31/07/16,Thessaloniki,40.64361,22.93086,351702,shop_4,gazoza,plastic,1.5lt,1.45,40039
5981,31/07/17,Thessaloniki,40.64361,22.93086,353001,shop_4,gazoza,plastic,1.5lt,1.13,61710
7069,31/07/18,Thessaloniki,40.64361,22.93086,354290,shop_4,gazoza,plastic,1.5lt,1.17,60553
671,31/08/12,Thessaloniki,40.64361,22.93086,346502,shop_4,gazoza,plastic,1.5lt,0.97,49616
1754,31/08/13,Thessaloniki,40.64361,22.93086,347001,shop_4,gazoza,plastic,1.5lt,0.5,75500
2832,31/08/14,Thessaloniki,40.64361,22.93086,349232,shop_4,gazoza,plastic,1.5lt,1.04,48286
3915,31/08/15,Thessaloniki,40.64361,22.93086,351650,shop_4,gazoza,plastic,1.5lt,1.5,26590
4994,31/08/16,Thessaloniki,40.64361,22.93086,351702,shop_4,gazoza,plastic,1.5lt,1.11,46946
7151,31/08/18,Thessaloniki,40.64361,22.93086,354290,shop_4,gazoza,plastic,1.5lt,1,54591
860,31/10/12,Thessaloniki,40.64361,22.93086,346502,shop_4,gazoza,plastic,1.5lt,1.04,28805
1936,31/10/13,Thessaloniki,40.64361,22.93086,347001,shop_4,gazoza,plastic,1.5lt,0.91,33585
3017,31/10/14,Thessaloniki,40.64361,22.93086,349232,shop_4,gazoza,plastic,1.5lt,0.95,33168
4092,31/10/15,Thessaloniki,40.64361,22.93086,351650,shop_4,gazoza,plastic,1.5lt,0.84,37249
5206,31/10/16,Thessaloniki,40.64361,22.93086,351702,shop_4,gazoza,plastic,1.5lt,1.36,21745
6257,31/10/17,Thessaloniki,40.64361,22.93086,353001,shop_4,gazoza,plastic,1.5lt,1.31,23988
7336,31/10/18,Thessaloniki,40.64361,22.93086,354290,shop_4,gazoza,plastic,1.5lt,1.08,31568
1035,31/12/12,Thessaloniki,40.64361,22.93086,346502,shop_4,gazoza,plastic,1.5lt,0.79,43113
2117,31/12/13,Thessaloniki,40.64361,22.93086,347001,shop_4,gazoza,plastic,1.5lt,1.02,35072
3193,31/12/14,Thessaloniki,40.64361,22.93086,349232,shop_4,gazoza,plastic,1.5lt,0.93,39366
4277,31/12/15,Thessaloniki,40.64361,22.93086,351650,shop_4,gazoza,plastic,1.5lt,1.2,30400
5357,31/12/16,Thessaloniki,40.64361,22.93086,351702,shop_4,gazoza,plastic,1.5lt,0.99,38688
6478,31/12/17,Thessaloniki,40.64361,22.93086,353001,shop_4,gazoza,plastic,1.5lt,1.34,27115
7513,31/12/18,Thessaloniki,40.64361,22.93086,354290,shop_4,gazoza,plastic,1.5lt,1.24,31618
6074,31/08/17,Thessaloniki,40.64361,22.93086,353001,shop_4,gazoza,,1.5lt,1.38,35339
