soda.csv
id,date,city,lat,long,pop,shop,brand,container,capacity,price,quantity
1178,28/02/13,Athens,37.97945,23.71622,671022,shop_1,gazoza,can,330ml,0.19,47582
2258,28/02/14,Athens,37.97945,23.71622,668203,shop_1,gazoza,can,330ml,0.34,27518
3339,28/02/15,Athens,37.97945,23.71622,667237,shop_1,gazoza,can,330ml,0.42,17775
5566,28/02/17,Athens,37.97945,23.71622,665871,shop_1,gazoza,can,330ml,0.38,25024
6580,28/02/18,Athens,37.97945,23.71622,664046,shop_1,gazoza,can,330ml,0.49,12461
98,29/02/12,Athens,37.97945,23.71622,672130,shop_1,gazoza,can,330ml,0.23,41963
4417,29/02/16,Athens,37.97945,23.71622,665102,shop_1,gazoza,can,330ml,0.35,28285
280,30/04/12,Athens,,23.71622,672130,shop_1,gazoza,can,330ml,0.27,54223
1360,30/04/13,Athens,37.97945,23.71622,671022,shop_1,gazoza,can,330ml,0.29,51748
2441,30/04/14,Athens,37.97945,23.71622,668203,shop_1,gazoza,can,330ml,0.3,50015
3520,30/04/15,Athens,37.97945,23.71622,667237,shop_1,gazoza,can,330ml,0.43,25159
4597,30/04/16,Athens,37.97945,23.71622,665102,shop_1,gazoza,can,330ml,0.32,48723
5748,30/04/17,Athens,37.97945,23.71622,665871,shop_1,gazoza,can,330ml,0.32,50356
6758,30/04/18,Athens,37.97945,23.71622,664046,shop_1,gazoza,can,330ml,0.45,26804
456,30/06/12,Athens,37.97945,23.71622,672130,shop_1,gazoza,can,330ml,0.3,69978
1538,30/06/13,Athens,37.97945,23.71622,671022,shop_1,gazoza,can,330ml,0.2,100994
2620,30/06/14,Athens,37.97945,23.71622,668203,shop_1,gazoza,can,330ml,0.39,46366
3701,30/06/15,Athens,37.97945,23.71622,667237,shop_1,gazoza,can,330ml,0.36,56576
4853,30/06/16,Athens,37.97945,23.71622,665102,shop_1,gazoza,can,330ml,0.35,60959
5859,30/06/17,Athens,37.97945,23.71622,665871,shop_1,gazoza,can,330ml,0.42,42922
6939,30/06/18,Athens,37.97945,23.71622,664046,shop_1,gazoza,can,330ml,0.36,62193
730,30/09/12,Athens,37.97945,23.71622,672130,shop_1,gazoza,can,330ml,0.28,53922
1809,30/09/13,Athens,37.97945,23.71622,671022,shop_1,gazoza,can,330ml,0.36,36890
2956,30/09/14,Athens,37.97945,23.71622,668203,shop_1,gazoza,can,330ml,0.4,30884
3968,30/09/15,Athens,37.97945,23.71622,667237,shop_1,gazoza,can,330ml,0.33,48293
5127,30/09/16,Athens,37.97945,23.71622,665102,shop_1,gazoza,can,330ml,0.32,51329
6129,30/09/17,Athens,37.97945,23.71622,665871,shop_1,gazoza,can,330ml,0.38,39349
7267,30/09/18,Athens,37.97945,23.71622,664046,shop_1,gazoza,can,330ml,0.3,57468
985,30/11/12,Athens,37.97945,23.71622,672130,shop_1,gazoza,can,330ml,0.11,69182
1987,30/11/13,Athens,37.97945,23.71622,671022,shop_1,gazoza,can,330ml,0.35,29062
3067,30/11/14,Athens,37.97945,23.71622,668203,shop_1,gazoza,can,330ml,0.39,23934
4147,30/11/15,Athens,37.97945,23.71622,667237,shop_1,gazoza,can,330ml,0.27,44491
5231,30/11/16,Athens,37.97945,23.71622,665102,shop_1,gazoza,can,330ml,0.4,26161
6310,30/11/17,Athens,37.97945,23.71622,665871,shop_1,gazoza,can,330ml,0.38,29953
7389,30/11/18,Athens,37.97945,23.71622,664046,shop_1,gazoza,can,330ml,0.49,14900
75,31/01/12,Athens,37.97945,23.71622,672130,shop_1,gazoza,can,330ml,0.4,16367
1091,31/01/13,Athens,37.97945,23.71622,671022,shop_1,gazoza,can,330ml,0.36,24232
2170,31/01/14,Athens,37.97945,23.71622,668203,shop_1,gazoza,can,330ml,0.21,45892
3247,31/01/15,Athens,37.97945,23.71622,667237,shop_1,gazoza,can,330ml,0.37,24228
4329,31/01/16,Athens,37.97945,23.71622,665102,shop_1,gazoza,can,330ml,0.39,22326
5478,31/01/17,Athens,37.97945,23.71622,665871,shop_1,gazoza,can,330ml,0.36,27956
6487,31/01/18,Athens,37.97945,23.71622,664046,shop_1,gazoza,can,330ml,0.28,38107
267,31/03/12,Athens,37.97945,23.71622,672130,shop_1,gazoza,can,330ml,0.2,67246
1269,31/03/13,Athens,37.97945,23.71622,671022,shop_1,gazoza,can,330ml,0.33,41040
2350,31/03/14,Athens,37.97945,23.71622,668203,shop_1,gazoza,can,330ml,0.36,36672
3431,31/03/15,Athens,37.97945,23.71622,667237,shop_1,gazoza,can,330ml,0.38,34339
4509,31/03/16,Athens,37.97945,23.71622,665102,shop_1,gazoza,can,330ml,0.34,43570
5656,31/03/17,Athens,37.97945,23.71622,665871,shop_1,gazoza,can,330ml,0.35,42999
6667,31/03/18,Athens,37.97945,23.71622,664046,shop_1,gazoza,can,330ml,0.41,33720
369,31/05/12,Athens,37.97945,23.71622,672130,shop_1,gazoza,can,330ml,0.27,64702
1521,31/05/13,Athens,37.97945,23.71622,671022,shop_1,gazoza,can,330ml,0.3,60296
2531,31/05/14,Athens,37.97945,23.71622,668203,shop_1,gazoza,can,330ml,0.31,58718
3686,31/05/15,Athens,37.97945,23.71622,667237,shop_1,gazoza,can,330ml,0.4,38536
4687,31/05/16,Athens,37.97945,23.71622,665102,shop_1,gazoza,can,330ml,0.37,47516
5846,31/05/17,Athens,37.97945,23.71622,665871,shop_1,gazoza,can,330ml,0.46,26544
6928,31/05/18,Athens,37.97945,23.71622,664046,shop_1,gazoza,can,330ml,0.27,73346
549,31/07/12,Athens,37.97945,23.71622,672130,shop_1,gazoza,can,330ml,0.22,86420
1700,31/07/13,Athens,37.97945,23.71622,671022,shop_1,gazoza,can,330ml,0.33,56475
2708,31/07/14,Athens,37.97945,23.71622,668203,shop_1,gazoza,can,330ml,0.4,38962
3790,31/07/15,Athens,37.97945,23.71622,667237,shop_1,gazoza,can,330ml,0.31,67293
4871,31/07/16,Athens,37.97945,23.71622,665102,shop_1,gazoza,can,330ml,0.36,55087
5950,31/07/17,Athens,37.97945,23.71622,665871,shop_1,gazoza,can,330ml,0.37,55112
7030,31/07/18,Athens,37.97945,23.71622,664046,shop_1,gazoza,can,330ml,0.4,48730
713,31/08/12,Athens,37.97945,23.71622,672130,shop_1,gazoza,can,330ml,0.27,57779
1786,31/08/13,Athens,37.97945,23.71622,671022,shop_1,gazoza,can,330ml,0.29,54203
2797,31/08/14,Athens,37.97945,23.71622,668203,shop_1,gazoza,can,330ml,0.38,36450
3879,31/08/15,Athens,37.97945,23.71622,667237,shop_1,gazoza,can,330ml,0.35,43654
5035,31/08/16,Athens,37.97945,23.71622,665102,shop_1,gazoza,can,330ml,0.44,26403
6038,31/08/17,Athens,37.97945,23.71622,665871,shop_1,gazoza,can,330ml,0.31,54978
7117,31/08/18,Athens,37.97945,23.71622,664046,shop_1,gazoza,can,330ml,0.35,48138
819,31/10/12,Athens,37.97945,23.71622,672130,shop_1,gazoza,can,330ml,0.27,57172
1898,31/10/13,Athens,37.97945,23.71622,671022,shop_1,gazoza,can,330ml,0.25,64253
2979,31/10/14,Athens,37.97945,23.71622,668203,shop_1,gazoza,can,330ml,0.37,38763
4059,31/10/15,Athens,37.97945,23.71622,667237,shop_1,gazoza,can,330ml,0.41,31284
5138,31/10/16,Athens,37.97945,23.71622,665102,shop_1,gazoza,can,330ml,0.29,58962
6220,31/10/17,Athens,37.97945,23.71622,665871,shop_1,gazoza,can,330ml,0.35,47591
7301,31/10/18,Athens,37.97945,23.71622,664046,shop_1,gazoza,can,330ml,0.46,26089
999,31/12/12,Athens,37.97945,23.71622,672130,shop_1,gazoza,can,330ml,0.24,54655
2078,31/12/13,Athens,37.97945,23.71622,671022,shop_1,gazoza,can,330ml,0.3,43629
3158,31/12/14,Athens,37.97945,23.71622,668203,shop_1,gazoza,can,330ml,0.3,44801
4238,31/12/15,Athens,37.97945,23.71622,667237,shop_1,gazoza,can,330ml,0.41,25521
5321,31/12/16,Athens,37.97945,23.71622,665102,shop_1,gazoza,can,330ml,0.43,23059
6400,31/12/17,Athens,37.97945,23.71622,665871,shop_1,gazoza,can,330ml,0.46,19384
7546,31/12/18,Athens,37.97945,23.71622,664046,shop_1,gazoza,can,330ml,0.24,58782
1227,28/02/13,Athens,37.96245,23.68708,671022,shop_3,gazoza,can,330ml,0.36,18615
2305,28/02/14,Athens,37.96245,23.68708,668203,shop_3,gazoza,can,330ml,0.27,28905
3387,28/02/15,Athens,37.96245,23.68708,667237,shop_3,gazoza,can,330ml,0.44,11536
5575,28/02/17,Athens,37.96245,23.68708,665871,shop_3,gazoza,can,330ml,0.38,19752
6631,28/02/18,Athens,37.96245,23.68708,664046,shop_3,gazoza,can,330ml,0.23,34367
144,29/02/12,Athens,37.96245,23.68708,672130,shop_3,gazoza,can,330ml,0.23,31283
4468,29/02/16,Athens,37.96245,23.68708,665102,shop_3,gazoza,can,330ml,0.47,9214
331,30/04/12,Athens,37.96245,23.68708,672130,shop_3,gazoza,can,330ml,0.34,33934
1410,30/04/13,Athens,37.96245,23.68708,671022,shop_3,gazoza,can,330ml,0.3,42356
2495,30/04/14,Athens,37.96245,23.68708,668203,shop_3,gazoza,can,330ml,0.44,17538
3589,30/04/15,Athens,37.96245,23.68708,667237,shop_3,gazoza,can,330ml,0.37,31578
4649,30/04/16,Athens,,23.68708,665102,shop_3,gazoza,can,330ml,0.27,49960
5747,30/04/17,Athens,37.96245,23.68708,665871,shop_3,gazoza,can,330ml,0.35,38548
6838,30/04/18,Athens,37.96245,23.68708,664046,shop_3,gazoza,can,330ml,0.31,46232
508,30/06/12,Athens,37.96245,23.68708,672130,shop_3,gazoza,can,330ml,0.29,57740
1585,30/06/13,Athens,37.96245,23.68708,671022,shop_3,gazoza,can,330ml,0.23,74262
2673,30/06/14,Athens,37.96245,23.68708,668203,shop_3,gazoza,can,330ml,0.32,52898
3777,30/06/15,Athens,37.96245,23.68708,667237,shop_3,gazoza,can,330ml,0.28,63652
4826,30/06/16,Athens,37.96245,23.68708,665102,shop_3,gazoza,can,330ml,0.4,37206
5901,30/06/17,Athens,37.96245,23.68708,665871,shop_3,gazoza,can,330ml,0.4,40060
6988,30/06/18,Athens,37.96245,23.68708,664046,shop_3,gazoza,can,330ml,0.46,27664
805,30/09/12,Athens,37.96245,23.68708,672130,shop_3,gazoza,can,330ml,0.32,33084
1877,30/09/13,Athens,37.96245,23.68708,671022,shop_3,gazoza,can,330ml,0.26,45324
2958,30/09/14,Athens,37.96245,23.68708,668203,shop_3,gazoza,can,330ml,0.35,31123
4018,30/09/15,Athens,37.96245,23.68708,667237,shop_3,gazoza,can,330ml,0.47,12293
5095,30/09/16,Athens,37.96245,23.68708,665102,shop_3,gazoza,can,330ml,0.3,41418
6209,30/09/17,Athens,37.96245,23.68708,665871,shop_3,gazoza,can,330ml,0.41,25574
7253,30/09/18,Athens,37.96245,23.68708,664046,shop_3,gazoza,can,330ml,0.25,51002
963,30/11/12,Athens,37.96245,23.68708,672130,shop_3,gazoza,can,330ml,0.35,26078
2060,30/11/13,Athens,37.96245,23.68708,671022,shop_3,gazoza,can,330ml,0.23,47110
3124,30/11/14,Athens,37.96245,23.68708,668203,shop_3,gazoza,can,330ml,0.35,28811
4196,30/11/15,Athens,37.96245,23.68708,667237,shop_3,gazoza,can,330ml,0.42,20202
5308,30/11/16,Athens,37.96245,23.68708,665102,shop_3,gazoza,can,330ml,0.36,30383
6384,30/11/17,Athens,37.96245,23.68708,665871,shop_3,gazoza,can,330ml,0.33,35050
7439,30/11/18,Athens,37.96245,23.68708,664046,shop_3,gazoza,can,330ml,0.33,36750
70,31/01/12,Athens,37.96245,23.68708,672130,shop_3,gazoza,can,330ml,0.33,19886
1142,31/01/13,Athens,37.96245,23.68708,671022,shop_3,gazoza,can,330ml,0.39,14101
2216,31/01/14,Athens,37.96245,23.68708,668203,shop_3,gazoza,can,330ml,0.21,33934
3298,31/01/15,Athens,37.96245,23.68708,667237,shop_3,gazoza,can,330ml,0.31,24588
4377,31/01/16,Athens,37.96245,23.68708,665102,shop_3,gazoza,can,330ml,0.3,25577
5458,31/01/17,Athens,37.96245,23.68708,665871,shop_3,gazoza,can,330ml,0.42,14966
6536,31/01/18,Athens,37.96245,23.68708,664046,shop_3,gazoza,can,330ml,0.43,15035
236,31/03/12,Athens,37.96245,23.68708,672130,shop_3,gazoza,can,330ml,0.29,38321
1322,31/03/13,Athens,37.96245,23.68708,671022,shop_3,gazoza,can,330ml,0.28,42378
2396,31/03/14,Athens,37.96245,23.68708,668203,shop_3,gazoza,can,330ml,0.32,35288
3483,31/03/15,Athens,37.96245,23.68708,667237,shop_3,gazoza,can,330ml,0.36,30242
4584,31/03/16,Athens,37.96245,23.68708,665102,shop_3,gazoza,can,330ml,0.22,53684
5636,31/03/17,Athens,37.96245,23.68708,665871,shop_3,gazoza,can,330ml,0.47,16072
6717,31/03/18,Athens,37.96245,23.68708,664046,shop_3,gazoza,can,330ml,0.44,22443
419,31/05/12,Athens,37.96245,23.68708,672130,shop_3,gazoza,can,330ml,0.2,66656
1501,31/05/13,Athens,37.96245,23.68708,671022,shop_3,gazoza,can,330ml,0.27,54046
2583,31/05/14,Athens,37.96245,23.68708,668203,shop_3,gazoza,can,330ml,0.23,62328
3660,31/05/15,Athens,37.96245,23.68708,667237,shop_3,gazoza,can,330ml,0.34,42036
4766,31/05/16,Athens,37.96245,23.68708,665102,shop_3,gazoza,can,330ml,0.47,18357
5816,31/05/17,Athens,37.96245,23.68708,665871,shop_3,gazoza,can,330ml,0.49,16072
6898,31/05/18,Athens,37.96245,23.68708,664046,shop_3,gazoza,can,330ml,0.4,35502
601,31/07/12,Athens,37.96245,23.68708,672130,shop_3,gazoza,can,330ml,0.29,59667
1679,31/07/13,Athens,37.96245,23.68708,671022,shop_3,gazoza,can,330ml,0.32,55681
2758,31/07/14,Athens,37.96245,23.68708,668203,shop_3,gazoza,can,330ml,0.38,40827
3836,31/07/15,Athens,37.96245,23.68708,667237,shop_3,gazoza,can,330ml,0.36,48394
4937,31/07/16,Athens,37.96245,23.68708,665102,shop_3,gazoza,can,330ml,0.38,45693
5994,31/07/17,Athens,37.96245,23.68708,665871,shop_3,gazoza,can,330ml,0.34,55918
7083,31/07/18,Athens,37.96245,23.68708,664046,shop_3,gazoza,can,330ml,0.3,67704
685,31/08/12,Athens,37.96245,23.68708,672130,shop_3,gazoza,can,330ml,0.21,74902
1766,31/08/13,Athens,37.96245,23.68708,671022,shop_3,gazoza,can,330ml,0.31,52263
2846,31/08/14,Athens,37.96245,23.68708,668203,shop_3,gazoza,can,330ml,0.31,52278
3929,31/08/15,Athens,37.96245,23.68708,667237,shop_3,gazoza,can,330ml,0.41,30955
5030,31/08/16,Athens,37.96245,23.68708,665102,shop_3,gazoza,can,330ml,0.41,33849
6109,31/08/17,Athens,37.96245,23.68708,665871,shop_3,gazoza,can,330ml,0.35,49407
7165,31/08/18,Athens,37.96245,23.68708,664046,shop_3,gazoza,can,330ml,0.39,40629
897,31/10/12,Athens,37.96245,23.68708,672130,shop_3,gazoza,can,330ml,0.32,28633
1950,31/10/13,Athens,37.96245,23.68708,671022,shop_3,gazoza,can,330ml,0.27,37285
3033,31/10/14,Athens,37.96245,23.68708,668203,shop_3,gazoza,can,330ml,0.28,37130
4134,31/10/15,Athens,37.96245,23.68708,667237,shop_3,gazoza,can,330ml,0.4,21144
5186,31/10/16,Athens,37.96245,23.68708,665102,shop_3,gazoza,can,330ml,0.27,40658
6270,31/10/17,Athens,37.96245,23.68708,665871,shop_3,gazoza,can,330ml,0.43,19030
7349,31/10/18,Athens,37.96245,23.68708,664046,shop_3,gazoza,can,330ml,0.41,23636
1048,31/12/12,Athens,37.96245,23.68708,672130,shop_3,gazoza,can,330ml,0.32,32935
2130,31/12/13,Athens,37.96245,23.68708,671022,shop_3,gazoza,can,330ml,0.43,16504
3203,31/12/14,Athens,37.96245,23.68708,668203,shop_3,gazoza,can,330ml,0.31,37552
4291,31/12/15,Athens,37.96245,23.68708,667237,shop_3,gazoza,can,330ml,0.31,38041
5383,31/12/16,Athens,37.96245,23.68708,665102,shop_3,gazoza,can,330ml,0.33,36827
6445,31/12/17,Athens,37.96245,23.68708,665871,shop_3,gazoza,can,330ml,0.23,53236
7527,31/12/18,Athens,37.96245,23.68708,664046,shop_3,gazoza,can,330ml,0.44,22206
