soda.csv
id,date,city,lat,long,pop,shop,brand,container,capacity,price,quantity
1190,28/02/13,Irakleion,35.32787,25.14341,135432,shop_2,gazoza,can,330ml,0.27,40706
2269,28/02/14,Irakleion,35.32787,25.14341,136202,shop_2,gazoza,can,330ml,0.41,20701
3352,28/02/15,Irakleion,35.32787,25.14341,138560,shop_2,gazoza,can,330ml,0.4,23615
5513,28/02/17,Irakleion,35.32787,25.14341,138200,shop_2,gazoza,can,330ml,0.34,33879
6594,28/02/18,Irakleion,35.32787,25.14341,137154,shop_2,gazoza,can,330ml,0.43,21586
166,29/02/12,Irakleion,35.32787,25.14341,134219,shop_2,gazoza,can,330ml,0.22,47555
4489,29/02/16,Irakleion,35.32787,25.14341,137302,shop_2,gazoza,can,330ml,0.31,36850
293,30/04/12,Irakleion,35.32787,25.14341,134219,shop_2,gazoza,can,330ml,0.34,53114
1372,30/04/13,Irakleion,35.32787,25.14341,135432,shop_2,gazoza,can,330ml,0.34,55462
2454,30/04/14,Irakleion,35.32787,25.14341,136202,shop_2,gazoza,can,330ml,0.33,61670
3531,30/04/15,Irakleion,35.32787,25.14341,138560,shop_2,gazoza,can,330ml,0.36,53674
4610,30/04/16,Irakleion,35.32787,25.14341,137302,shop_2,gazoza,can,330ml,0.35,60940
5689,30/04/17,Irakleion,35.32787,25.14341,138200,shop_2,gazoza,can,330ml,0.37,57191
6829,30/04/18,Irakleion,35.32787,25.14341,137154,shop_2,gazoza,can,330ml,0.28,81658
468,30/06/12,Irakleion,35.32787,25.14341,134219,shop_2,gazoza,can,330ml,0.21,113603
1550,30/06/13,Irakleion,35.32787,25.14341,135432,shop_2,gazoza,can,330ml,0.38,53781
2695,30/06/14,Irakleion,35.32787,25.14341,136202,shop_2,gazoza,can,330ml,0.33,74892
3715,30/06/15,Irakleion,35.32787,25.14341,138560,shop_2,gazoza,can,330ml,0.33,77360
4793,30/06/16,Irakleion,35.32787,25.14341,137302,shop_2,gazoza,can,330ml,0.34,76681
5934,30/06/17,Irakleion,35.32787,25.14341,138200,shop_2,gazoza,can,330ml,0.39,63153
6952,30/06/18,Irakleion,35.32787,25.14341,137154,shop_2,gazoza,can,330ml,0.4,61904
743,30/09/12,Irakleion,35.32787,25.14341,134219,shop_2,gazoza,can,330ml,0.18,93035
1820,30/09/13,Irakleion,35.32787,25.14341,135432,shop_2,gazoza,can,330ml,0.21,84624
2901,30/09/14,Irakleion,35.32787,25.14341,136202,shop_2,gazoza,can,330ml,0.36,47765
3982,30/09/15,Irakleion,35.32787,25.14341,138560,shop_2,gazoza,can,330ml,0.4,37862
5125,30/09/16,Irakleion,35.32787,25.14341,137302,shop_2,gazoza,can,330ml,0.38,44566
6198,30/09/17,Irakleion,35.32787,25.14341,138200,shop_2,gazoza,can,330ml,0.42,37863
7216,30/09/18,Irakleion,35.32787,25.14341,137154,shop_2,gazoza,can,330ml,0.45,32848
923,30/11/12,Irakleion,35.32787,25.14341,134219,shop_2,gazoza,can,330ml,0.21,73231
2062,30/11/13,Irakleion,35.32787,25.14341,135432,shop_2,gazoza,can,330ml,0.27,59176
3080,30/11/14,Irakleion,35.32787,25.14341,136202,shop_2,gazoza,can,330ml,0.36,40883
4161,30/11/15,Irakleion,35.32787,25.14341,138560,shop_2,gazoza,can,330ml,0.4,32762
5244,30/11/16,Irakleion,35.32787,25.14341,137302,shop_2,gazoza,can,330ml,0.41,32387
6321,30/11/17,Irakleion,35.32787,25.14341,138200,shop_2,gazoza,can,330ml,0.37,43833
7401,30/11/18,Irakleion,35.32787,25.14341,137154,shop_2,gazoza,can,330ml,0.37,45855
19,31/01/12,Irakleion,35.32787,25.14341,134219,shop_2,gazoza,can,330ml,0.26,49688
1105,31/01/13,Irakleion,35.32787,25.14341,135432,shop_2,gazoza,can,330ml,0.34,34739
2182,31/01/14,Irakleion,35.32787,25.14341,136202,shop_2,gazoza,can,330ml,0.28,46715
3319,31/01/15,Irakleion,35.32787,25.14341,138560,shop_2,gazoza,can,330ml,0.41,25089
4343,31/01/16,Irakleion,35.32787,25.14341,137302,shop_2,gazoza,can,330ml,0.37,34200
5420,31/01/17,Irakleion,35.32787,25.14341,138200,shop_2,gazoza,can,330ml,0.39,32515
6549,31/01/18,Irakleion,35.32787,25.14341,137154,shop_2,gazoza,can,330ml,0.33,42408
199,31/03/12,Irakleion,35.32787,25.14341,134219,shop_2,gazoza,can,330ml,0.27,65904
1281,31/03/13,Irakleion,35.32787,25.14341,135432,shop_2,gazoza,can,330ml,0.34,47979
2362,31/03/14,Irakleion,35.32787,25.14341,136202,shop_2,gazoza,can,330ml,0.34,49296
3444,31/03/15,Irakleion,35.32787,25.14341,138560,shop_2,gazoza,can,330ml,0.3,62639
4579,31/03/16,Irakleion,35.32787,25.14341,137302,shop_2,gazoza,can,330ml,0.34,54492
5665,31/03/17,Irakleion,35.32787,25.14341,138200,shop_2,gazoza,can,330ml,0.35,51981
6680,31/03/18,Irakleion,35.32787,25.14341,137154,shop_2,gazoza,can,330ml,0.44,33428
379,31/05/12,Irakleion,35.32787,25.14341,134219,shop_2,gazoza,can,330ml,0.24,83250
1463,31/05/13,Irakleion,35.32787,25.14341,135432,shop_2,gazoza,can,330ml,0.36,50325
2607,31/05/14,Irakleion,35.32787,25.14341,136202,shop_2,gazoza,can,330ml,0.34,56362
3685,31/05/15,Irakleion,35.32787,25.14341,138560,shop_2,gazoza,can,330ml,0.26,83601
4697,31/05/16,Irakleion,35.32787,25.14341,137302,shop_2,gazoza,can,330ml,0.37,53194
5781,31/05/17,Irakleion,35.32787,25.14341,138200,shop_2,gazoza,can,330ml,0.37,56289
6859,31/05/18,Irakleion,35.32787,25.14341,137154,shop_2,gazoza,can,330ml,0.45,35570
563,31/07/12,Irakleion,35.32787,25.14341,134219,shop_2,gazoza,can,330ml,0.22,145287
1640,31/07/13,Irakleion,35.32787,25.14341,135432,shop_2,gazoza,can,330ml,0.35,83584
2721,31/07/14,Irakleion,35.32787,25.14341,136202,shop_2,gazoza,can,330ml,0.28,123384
3801,31/07/15,Irakleion,35.32787,25.14341,138560,shop_2,gazoza,can,330ml,0.4,70720
4942,31/07/16,Irakleion,35.32787,25.14341,137302,shop_2,gazoza,can,330ml,0.32,109263
5961,31/07/17,Irakleion,35.32787,25.14341,138200,shop_2,gazoza,can,330ml,0.44,58192
7043,31/07/18,Irakleion,35.32787,25.14341,137154,shop_2,gazoza,can,330ml,0.38,86475
647,31/08/12,Irakleion,35.32787,25.14341,134219,shop_2,gazoza,can,330ml,0.37,44337
1732,31/08/13,Irakleion,35.32787,25.14341,135432,shop_2,gazoza,can,330ml,0.27,76077
2811,31/08/14,Irakleion,35.32787,25.14341,136202,shop_2,gazoza,can,330ml,0.25,85681
3890,31/08/15,Irakleion,35.32787,25.14341,138560,shop_2,gazoza,can,330ml,0.33,62577
5034,31/08/16,Irakleion,35.32787,25.14341,137302,shop_2,gazoza,can,330ml,0.39,46988
6048,31/08/17,Irakleion,35.32787,25.14341,138200,shop_2,gazoza,can,330ml,0.34,64079
7195,31/08/18,Irakleion,35.32787,25.14341,137154,shop_2,gazoza,can,330ml,0.42,43679
833,31/10/12,Irakleion,35.32787,25.14341,134219,shop_2,gazoza,can,330ml,0.24,57589
1913,31/10/13,Irakleion,35.32787,25.14341,135432,shop_2,gazoza,can,330ml,0.3,47500
2990,31/10/14,Irakleion,35.32787,25.14341,136202,shop_2,gazoza,can,330ml,0.34,39810
4070,31/10/15,Irakleion,35.32787,25.14341,138560,shop_2,gazoza,can,330ml,0.35,39130
5152,31/10/16,Irakleion,35.32787,25.14341,137302,shop_2,gazoza,can,330ml,0.39,33798
6299,31/10/17,Irakleion,35.32787,25.14341,138200,shop_2,gazoza,can,330ml,0.39,35149
7313,31/10/18,Irakleion,35.32787,25.14341,137154,shop_2,gazoza,can,330ml,0.37,39852
1013,31/12/12,Irakleion,35.32787,25.14341,134219,shop_2,gazoza,can,330ml,0.31,61168
2091,31/12/13,Irakleion,35.32787,25.14341,135432,shop_2,gazoza,can,330ml,0.33,57364
3239,31/12/14,Irakleion,35.32787,25.14341,136202,shop_2,gazoza,can,330ml,0.3,65214
4319,31/12/15,Irakleion,35.32787,25.14341,138560,shop_2,gazoza,can,330ml,0.32,61898
5331,31/12/16,Irakleion,35.32787,25.14341,137302,shop_2,gazoza,can,330ml,0.37,52445
6411,31/12/17,Irakleion,35.32787,25.14341,138200,shop_2,gazoza,can,330ml,0.39,47261
7490,31/12/18,Irakleion,35.32787,25.14341,137154,shop_2,gazoza,can,330ml,0.36,57179
1257,28/02/13,Larisa,39.63689,22.41761,139242,shop_5,gazoza,can,330ml,0.27,32930
2318,28/02/14,Larisa,39.63689,22.41761,140563,shop_5,gazoza,can,330ml,0.32,26879
3397,28/02/15,Larisa,39.63689,22.41761,141732,shop_5,gazoza,can,330ml,0.32,28403
5573,28/02/17,Larisa,39.63689,22.41761,144302,shop_5,gazoza,can,330ml,0.39,21147
6645,28/02/18,Larisa,39.63689,22.41761,144651,shop_5,gazoza,can,330ml,0.36,26308
157,29/02/12,Larisa,39.63689,22.41761,137540,shop_5,gazoza,can,330ml,0.38,18011
4481,29/02/16,Larisa,39.63689,22.41761,142030,shop_5,gazoza,can,330ml,0.33,27552
343,30/04/12,Larisa,39.63689,22.41761,137540,shop_5,gazoza,can,330ml,0.32,42849
1435,30/04/13,Larisa,39.63689,22.41761,139242,shop_5,gazoza,can,330ml,0.29,50780
2514,30/04/14,Larisa,39.63689,22.41761,140563,shop_5,gazoza,can,330ml,0.32,45612
3576,30/04/15,Larisa,39.63689,22.41761,141732,shop_5,gazoza,can,330ml,0.33,46677
4662,30/04/16,Larisa,39.63689,22.41761,142030,shop_5,gazoza,can,330ml,0.39,34332
5736,30/04/17,Larisa,39.63689,22.41761,144302,shop_5,gazoza,can,330ml,0.4,35482
6821,30/04/18,Larisa,39.63689,22.41761,144651,shop_5,gazoza,can,330ml,0.32,52280
520,30/06/12,Larisa,39.63689,22.41761,137540,shop_5,gazoza,can,330ml,0.32,56729
1609,30/06/13,Larisa,39.63689,22.41761,139242,shop_5,gazoza,can,330ml,0.35,48469
2687,30/06/14,Larisa,39.63689,22.41761,140563,shop_5,gazoza,can,330ml,0.37,46894
3759,30/06/15,Larisa,39.63689,22.41761,141732,shop_5,gazoza,can,330ml,0.31,63948
4847,30/06/16,Larisa,39.63689,22.41761,142030,shop_5,gazoza,can,330ml,0.36,53702
5912,30/06/17,Larisa,39.63689,22.41761,144302,shop_5,gazoza,can,330ml,0.34,61554
7000,30/06/18,Larisa,39.63689,22.41761,144651,shop_5,gazoza,can,330ml,0.32,65954
791,30/09/12,Larisa,39.63689,22.41761,137540,shop_5,gazoza,can,330ml,0.33,43642
1871,30/09/13,Larisa,39.63689,22.41761,139242,shop_5,gazoza,can,330ml,0.32,48016
2952,30/09/14,Larisa,39.63689,22.41761,140563,shop_5,gazoza,can,330ml,0.31,51718
4031,30/09/15,Larisa,39.63689,22.41761,141732,shop_5,gazoza,can,330ml,0.38,38868
5118,30/09/16,Larisa,39.63689,22.41761,142030,shop_5,gazoza,can,330ml,0.37,42031
6193,30/09/17,Larisa,39.63689,22.41761,144302,shop_5,gazoza,can,330ml,0.35,47482
7263,30/09/18,Larisa,39.63689,22.41761,144651,shop_5,gazoza,can,330ml,0.31,58029
981,30/11/12,Larisa,39.63689,22.41761,137540,shop_5,gazoza,can,330ml,0.21,59991
2048,30/11/13,Larisa,39.63689,22.41761,139242,shop_5,gazoza,can,330ml,0.3,43696
3143,30/11/14,Larisa,39.63689,22.41761,140563,shop_5,gazoza,can,330ml,0.34,37293
4206,30/11/15,Larisa,39.63689,22.41761,141732,shop_5,gazoza,can,330ml,0.38,31220
5295,30/11/16,Larisa,39.63689,22.41761,142030,shop_5,gazoza,can,330ml,0.32,43462
6369,30/11/17,Larisa,39.63689,22.41761,144302,shop_5,gazoza,can,330ml,0.41,29270
7450,30/11/18,Larisa,39.63689,22.41761,144651,shop_5,gazoza,can,330ml,0.42,28664
66,31/01/12,Larisa,39.63689,22.41761,137540,shop_5,gazoza,can,330ml,0.27,41445
1152,31/01/13,Larisa,39.63689,22.41761,139242,shop_5,gazoza,can,330ml,0.39,23237
2227,31/01/14,Larisa,39.63689,22.41761,140563,shop_5,gazoza,can,330ml,0.35,30162
3311,31/01/15,Larisa,39.63689,22.41761,141732,shop_5,gazoza,can,330ml,0.34,32760
4389,31/01/16,Larisa,39.63689,22.41761,142030,shop_5,gazoza,can,330ml,0.35,32431
5486,31/01/17,Larisa,39.63689,22.41761,144302,shop_5,gazoza,can,330ml,0.27,46053
6568,31/01/18,Larisa,39.63689,22.41761,144651,shop_5,gazoza,can,330ml,0.42,25006
248,31/03/12,Larisa,39.63689,22.41761,137540,shop_5,gazoza,can,330ml,0.31,38927
1331,31/03/13,Larisa,39.63689,22.41761,139242,shop_5,gazoza,can,330ml,0.2,58831
2411,31/03/14,Larisa,39.63689,22.41761,140563,shop_5,gazoza,can,330ml,0.3,43345
3496,31/03/15,Larisa,39.63689,22.41761,141732,shop_5,gazoza,can,330ml,0.36,33590
4570,31/03/16,Larisa,39.63689,22.41761,142030,shop_5,gazoza,can,330ml,0.44,20481
5663,31/03/17,Larisa,39.63689,22.41761,144302,shop_5,gazoza,can,330ml,0.35,37843
6726,31/03/18,Larisa,39.63689,22.41761,144651,shop_5,gazoza,can,330ml,0.43,24704
432,31/05/12,Larisa,39.63689,22.41761,137540,shop_5,gazoza,can,330ml,0.37,31336
1513,31/05/13,Larisa,,22.41761,139242,shop_5,gazoza,can,330ml,0.33,41589
2594,31/05/14,Larisa,39.63689,22.41761,140563,shop_5,gazoza,can,330ml,0.34,40732
3688,31/05/15,Larisa,39.63689,22.41761,141732,shop_5,gazoza,can,330ml,0.25,59516
4742,31/05/16,Larisa,39.63689,22.41761,142030,shop_5,gazoza,can,330ml,0.33,45587
5827,31/05/17,Larisa,39.63689,22.41761,144302,shop_5,gazoza,can,330ml,0.41,31881
6911,31/05/18,Larisa,39.63689,22.41761,144651,shop_5,gazoza,can,330ml,0.36,41898
616,31/07/12,Larisa,39.63689,22.41761,137540,shop_5,gazoza,can,330ml,0.39,28771
2772,31/07/14,Larisa,39.63689,22.41761,140563,shop_5,gazoza,can,330ml,0.31,48003
3848,31/07/15,Larisa,39.63689,22.41761,141732,shop_5,gazoza,can,330ml,0.3,52686
4928,31/07/16,Larisa,39.63689,22.41761,142030,shop_5,gazoza,can,330ml,0.27,59206
6006,31/07/17,Larisa,39.63689,22.41761,144302,shop_5,gazoza,can,330ml,0.36,42811
7095,31/07/18,Larisa,,,144651,shop_5,gazoza,can,330ml,0.38,40281
697,31/08/12,Larisa,39.63689,22.41761,137540,shop_5,gazoza,can,330ml,0.2,72641
1778,31/08/13,Larisa,,22.41761,139242,shop_5,gazoza,can,330ml,0.27,57886
2859,31/08/14,Larisa,39.63689,22.41761,140563,shop_5,gazoza,can,330ml,0.37,38186
3941,31/08/15,Larisa,39.63689,22.41761,141732,shop_5,gazoza,can,330ml,0.45,20898
5021,31/08/16,Larisa,39.63689,22.41761,142030,shop_5,gazoza,can,330ml,0.34,47907
6094,31/08/17,Larisa,39.63689,22.41761,144302,shop_5,gazoza,can,330ml,0.33,51715
7186,31/08/18,Larisa,39.63689,22.41761,144651,shop_5,gazoza,can,330ml,0.42,33048
888,31/10/12,Larisa,39.63689,22.41761,137540,shop_5,gazoza,can,330ml,0.33,30802
1963,31/10/13,Larisa,39.63689,22.41761,139242,shop_5,gazoza,can,330ml,0.32,33478
3046,31/10/14,Larisa,39.63689,22.41761,140563,shop_5,gazoza,can,330ml,0.36,27939
4117,31/10/15,Larisa,39.63689,22.41761,141732,shop_5,gazoza,can,330ml,0.31,37009
5198,31/10/16,Larisa,39.63689,22.41761,142030,shop_5,gazoza,can,330ml,0.37,27983
6281,31/10/17,Larisa,39.63689,22.41761,144302,shop_5,gazoza,can,330ml,0.35,32239
7362,31/10/18,Larisa,39.63689,22.41761,144651,shop_5,gazoza,can,330ml,0.35,34172
1060,31/12/12,Larisa,39.63689,22.41761,137540,shop_5,gazoza,can,330ml,0.25,46834
2150,31/12/13,Larisa,39.63689,22.41761,139242,shop_5,gazoza,can,330ml,0.31,37471
3211,31/12/14,Larisa,39.63689,22.41761,140563,shop_5,gazoza,can,330ml,0.35,32204
4304,31/12/15,Larisa,39.63689,22.41761,141732,shop_5,gazoza,can,330ml,0.42,22026
5379,31/12/16,Larisa,39.63689,22.41761,142030,shop_5,gazoza,can,330ml,0.39,28383
6457,31/12/17,Larisa,39.63689,22.41761,144302,shop_5,gazoza,can,330ml,0.36,33818
7538,31/12/18,Larisa,39.63689,22.41761,144651,shop_5,gazoza,can,330ml,0.31,43512
1694,31/07/13,Larisa,39.63689,22.41761,139242,shop_5,gazoza,,330ml,0.36,37603
