soda.csv
id,date,city,lat,long,pop,shop,brand,container,capacity,price,quantity
1201,28/02/13,Patra,38.24444,21.73444,166301,shop_6,gazoza,can,330ml,0.29,58463
2282,28/02/14,Patra,38.24444,21.73444,167242,shop_6,gazoza,can,330ml,0.29,59681
3363,28/02/15,Patra,38.24444,21.73444,167001,shop_6,gazoza,can,330ml,0.29,61353
5526,28/02/17,Patra,38.24444,21.73444,168501,shop_6,gazoza,can,330ml,0.34,53037
6607,28/02/18,Patra,38.24444,21.73444,168034,shop_6,gazoza,can,330ml,0.45,30393
122,29/02/12,Patra,38.24444,21.73444,164250,shop_6,gazoza,can,330ml,0.28,60087
4494,29/02/16,Patra,38.24444,21.73444,168254,shop_6,gazoza,can,330ml,0.46,24640
305,30/04/12,Patra,38.24444,21.73444,164250,shop_6,gazoza,can,330ml,0.28,80606
1383,30/04/13,Patra,38.24444,21.73444,166301,shop_6,gazoza,can,330ml,0.32,71978
2467,30/04/14,Patra,38.24444,21.73444,167242,shop_6,gazoza,can,330ml,0.37,56288
3542,30/04/15,Patra,38.24444,21.73444,167001,shop_6,gazoza,can,330ml,0.3,82016
4622,30/04/16,Patra,38.24444,21.73444,168254,shop_6,gazoza,can,330ml,0.4,50529
5703,30/04/17,Patra,38.24444,21.73444,168501,shop_6,gazoza,can,330ml,0.36,65634
6837,30/04/18,Patra,38.24444,21.73444,168034,shop_6,gazoza,can,330ml,0.34,74767
481,30/06/12,Patra,38.24444,21.73444,164250,shop_6,gazoza,can,330ml,0.31,102517
1563,30/06/13,Patra,,21.73444,166301,shop_6,gazoza,can,330ml,0.32,98502
2646,30/06/14,Patra,38.24444,21.73444,167242,shop_6,gazoza,can,330ml,0.38,73866
3764,30/06/15,Patra,38.24444,21.73444,167001,shop_6,gazoza,can,330ml,0.32,105159
4803,30/06/16,Patra,38.24444,21.73444,168254,shop_6,gazoza,can,330ml,0.37,87404
5878,30/06/17,Patra,38.24444,21.73444,168501,shop_6,gazoza,can,330ml,0.34,100678
6966,30/06/18,Patra,38.24444,21.73444,168034,shop_6,gazoza,can,330ml,0.34,106327
754,30/09/12,Patra,38.24444,21.73444,164250,shop_6,gazoza,can,330ml,0.24,117297
1833,30/09/13,Patra,38.24444,21.73444,166301,shop_6,gazoza,can,330ml,0.33,81903
2914,30/09/14,Patra,38.24444,21.73444,167242,shop_6,gazoza,can,330ml,0.33,84881
3997,30/09/15,Patra,38.24444,21.73444,167001,shop_6,gazoza,can,330ml,0.37,71289
5069,30/09/16,Patra,38.24444,21.73444,168254,shop_6,gazoza,can,330ml,0.36,76293
6157,30/09/17,Patra,38.24444,21.73444,168501,shop_6,gazoza,can,330ml,0.34,87738
7275,30/09/18,Patra,38.24444,21.73444,168034,shop_6,gazoza,can,330ml,0.42,60715
937,30/11/12,Patra,38.24444,21.73444,164250,shop_6,gazoza,can,330ml,0.29,76563
2066,30/11/13,Patra,38.24444,21.73444,166301,shop_6,gazoza,can,330ml,0.33,64882
3095,30/11/14,Patra,38.24444,21.73444,167242,shop_6,gazoza,can,330ml,0.32,70913
4174,30/11/15,Patra,38.24444,21.73444,167001,shop_6,gazoza,can,330ml,0.39,49780
5305,30/11/16,Patra,38.24444,21.73444,168254,shop_6,gazoza,can,330ml,0.35,64768
6375,30/11/17,Patra,38.24444,21.73444,168501,shop_6,gazoza,can,330ml,0.36,62431
7413,30/11/18,Patra,38.24444,21.73444,168034,shop_6,gazoza,can,330ml,0.35,70189
33,31/01/12,Patra,38.24444,21.73444,164250,shop_6,gazoza,can,330ml,0.21,77667
1117,31/01/13,Patra,38.24444,21.73444,166301,shop_6,gazoza,can,330ml,0.34,46351
2192,31/01/14,Patra,38.24444,21.73444,167242,shop_6,gazoza,can,330ml,0.36,42601
3271,31/01/15,Patra,38.24444,21.73444,167001,shop_6,gazoza,can,330ml,0.31,56529
4354,31/01/16,Patra,38.24444,21.73444,168254,shop_6,gazoza,can,330ml,0.45,26249
5431,31/01/17,Patra,38.24444,21.73444,168501,shop_6,gazoza,can,330ml,0.37,45373
6509,31/01/18,Patra,38.24444,21.73444,168034,shop_6,gazoza,can,330ml,0.34,55336
213,31/03/12,Patra,38.24444,21.73444,164250,shop_6,gazoza,can,330ml,0.27,83074
1295,31/03/13,Patra,38.24444,21.73444,166301,shop_6,gazoza,can,330ml,0.37,51491
2415,31/03/14,Patra,38.24444,21.73444,167242,shop_6,gazoza,can,330ml,0.3,77279
3456,31/03/15,Patra,38.24444,21.73444,167001,shop_6,gazoza,can,330ml,0.31,74846
4534,31/03/16,Patra,38.24444,21.73444,168254,shop_6,gazoza,can,330ml,0.4,49391
5614,31/03/17,Patra,38.24444,21.73444,168501,shop_6,gazoza,can,330ml,0.41,50154
6690,31/03/18,Patra,38.24444,21.73444,168034,shop_6,gazoza,can,330ml,0.33,73217
391,31/05/12,Patra,38.24444,21.73444,164250,shop_6,gazoza,can,330ml,0.24,126691
1476,31/05/13,Patra,38.24444,21.73444,166301,shop_6,gazoza,can,330ml,0.3,101017
2557,31/05/14,Patra,38.24444,21.73444,167242,shop_6,gazoza,can,330ml,0.26,122389
3632,31/05/15,Patra,38.24444,21.73444,167001,shop_6,gazoza,can,330ml,0.38,73695
4707,31/05/16,Patra,38.24444,21.73444,168254,shop_6,gazoza,can,330ml,0.43,55972
5793,31/05/17,Patra,38.24444,21.73444,168501,shop_6,gazoza,can,330ml,0.39,74363
6871,31/05/18,Patra,38.24444,21.73444,168034,shop_6,gazoza,can,330ml,0.4,72645
625,31/07/12,Patra,38.24444,21.73444,164250,shop_6,gazoza,can,330ml,0.22,142857
1651,31/07/13,Patra,38.24444,21.73444,166301,shop_6,gazoza,can,330ml,0.34,87663
2734,31/07/14,Patra,38.24444,21.73444,167242,shop_6,gazoza,can,330ml,0.35,85122
3814,31/07/15,Patra,38.24444,21.73444,167001,shop_6,gazoza,can,330ml,0.34,92806
4891,31/07/16,Patra,38.24444,21.73444,168254,shop_6,gazoza,can,330ml,0.42,62864
5972,31/07/17,Patra,38.24444,21.73444,168501,shop_6,gazoza,can,330ml,0.3,116770
7056,31/07/18,Patra,38.24444,21.73444,168034,shop_6,gazoza,can,330ml,0.42,70705
659,31/08/12,Patra,38.24444,21.73444,164250,shop_6,gazoza,can,330ml,0.3,100600
1742,31/08/13,Patra,38.24444,21.73444,166301,shop_6,gazoza,can,330ml,0.3,104027
2821,31/08/14,Patra,38.24444,21.73444,167242,shop_6,gazoza,can,330ml,0.27,119725
3903,31/08/15,Patra,38.24444,21.73444,167001,shop_6,gazoza,can,330ml,0.39,69500
4980,31/08/16,Patra,38.24444,21.73444,168254,shop_6,gazoza,can,330ml,0.41,67679
6061,31/08/17,Patra,38.24444,21.73444,168501,shop_6,gazoza,can,330ml,0.31,113486
7139,31/08/18,Patra,38.24444,21.73444,168034,shop_6,gazoza,can,330ml,0.4,75641
847,31/10/12,Patra,38.24444,21.73444,164250,shop_6,gazoza,can,330ml,0.27,81654
1924,31/10/13,Patra,38.24444,21.73444,166301,shop_6,gazoza,can,330ml,0.31,72980
3004,31/10/14,Patra,38.24444,21.73444,167242,shop_6,gazoza,can,330ml,0.29,78579
4131,31/10/15,Patra,38.24444,21.73444,167001,shop_6,gazoza,can,330ml,0.35,63309
5165,31/10/16,Patra,38.24444,21.73444,168254,shop_6,gazoza,can,330ml,0.43,42251
6247,31/10/17,Patra,38.24444,21.73444,168501,shop_6,gazoza,can,330ml,0.39,56743
7326,31/10/18,Patra,38.24444,21.73444,168034,shop_6,gazoza,can,330ml,0.35,70282
1024,31/12/12,Patra,38.24444,21.73444,164250,shop_6,gazoza,can,330ml,0.25,91445
2104,31/12/13,Patra,38.24444,21.73444,166301,shop_6,gazoza,can,330ml,0.36,57095
3180,31/12/14,Patra,38.24444,21.73444,167242,shop_6,gazoza,can,330ml,0.33,69618
4263,31/12/15,Patra,38.24444,21.73444,167001,shop_6,gazoza,can,330ml,0.34,68817
5345,31/12/16,Patra,38.24444,21.73444,168254,shop_6,gazoza,can,330ml,0.33,72802
6422,31/12/17,Patra,38.24444,21.73444,168501,shop_6,gazoza,can,330ml,0.34,74358
7502,31/12/18,Patra,38.24444,21.73444,168034,shop_6,gazoza,can,330ml,0.43,48980
1259,28/02/13,Thessaloniki,40.64361,22.93086,347001,shop_4,gazoza,can,330ml,0.34,33283
2294,28/02/14,Thessaloniki,40.64361,22.93086,349232,shop_4,gazoza,can,330ml,0.35,32507
3375,28/02/15,Thessaloniki,40.64361,22.93086,351650,shop_4,gazoza,can,330ml,0.36,32425
5579,28/02/17,Thessaloniki,40.64361,22.93086,353001,shop_4,gazoza,can,330ml,0.39,28989
6651,28/02/18,Thessaloniki,40.64361,22.93086,354290,shop_4,gazoza,can,330ml,0.24,54780
135,29/02/12,Thessaloniki,40.64361,22.93086,346502,shop_4,gazoza,can,330ml,0.28,41854
4455,29/02/16,Thessaloniki,40.64361,22.93086,351702,shop_4,gazoza,can,330ml,0.41,25631
319,30/04/12,Thessaloniki,40.64361,22.93086,346502,shop_4,gazoza,can,330ml,0.31,62442
1397,30/04/13,Thessaloniki,40.64361,22.93086,347001,shop_4,gazoza,can,330ml,0.35,51807
2481,30/04/14,Thessaloniki,40.64361,22.93086,349232,shop_4,gazoza,can,330ml,0.3,69570
3552,30/04/15,Thessaloniki,40.64361,22.93086,351650,shop_4,gazoza,can,330ml,0.31,68996
4636,30/04/16,Thessaloniki,40.64361,22.93086,351702,shop_4,gazoza,can,330ml,0.34,62602
5716,30/04/17,Thessaloniki,40.64361,22.93086,353001,shop_4,gazoza,can,330ml,0.43,39192
6834,30/04/18,Thessaloniki,40.64361,22.93086,354290,shop_4,gazoza,can,330ml,0.33,69350
494,30/06/12,Thessaloniki,40.64361,22.93086,346502,shop_4,gazoza,can,330ml,0.32,79847
1576,30/06/13,Thessaloniki,40.64361,22.93086,347001,shop_4,gazoza,can,330ml,0.25,112253
2659,30/06/14,Thessaloniki,40.64361,22.93086,349232,shop_4,gazoza,can,330ml,0.33,82370
3734,30/06/15,Thessaloniki,40.64361,22.93086,351650,shop_4,gazoza,can,330ml,0.31,95120
4813,30/06/16,Thessaloniki,40.64361,22.93086,351702,shop_4,gazoza,can,330ml,0.42,54360
5937,30/06/17,Thessaloniki,40.64361,22.93086,353001,shop_4,gazoza,can,330ml,0.34,85319
6973,30/06/18,Thessaloniki,40.64361,22.93086,354290,shop_4,gazoza,can,330ml,0.41,63669
768,30/09/12,Thessaloniki,40.64361,22.93086,346502,shop_4,gazoza,can,330ml,0.22,84047
1848,30/09/13,Thessaloniki,40.64361,22.93086,347001,shop_4,gazoza,can,330ml,0.36,46185
2928,30/09/14,Thessaloniki,40.64361,22.93086,349232,shop_4,gazoza,can,330ml,0.29,67863
4008,30/09/15,Thessaloniki,40.64361,22.93086,351650,shop_4,gazoza,can,330ml,0.43,31099
5113,30/09/16,Thessaloniki,40.64361,22.93086,351702,shop_4,gazoza,can,330ml,0.37,50560
6169,30/09/17,Thessaloniki,40.64361,22.93086,353001,shop_4,gazoza,can,330ml,0.3,69082
7271,30/09/18,Thessaloniki,40.64361,22.93086,354290,shop_4,gazoza,can,330ml,0.41,43753
949,30/11/12,Thessaloniki,40.64361,22.93086,346502,shop_4,gazoza,can,330ml,0.27,59197
2026,30/11/13,Thessaloniki,40.64361,22.93086,347001,shop_4,gazoza,can,330ml,0.35,40974
3109,30/11/14,Thessaloniki,40.64361,22.93086,349232,shop_4,gazoza,can,330ml,0.32,49155
4185,30/11/15,Thessaloniki,40.64361,22.93086,351650,shop_4,gazoza,can,330ml,0.37,40136
5268,30/11/16,Thessaloniki,40.64361,22.93086,351702,shop_4,gazoza,can,330ml,0.34,49107
6343,30/11/17,Thessaloniki,40.64361,22.93086,353001,shop_4,gazoza,can,330ml,0.45,26113
7425,30/11/18,Thessaloniki,40.64361,22.93086,354290,shop_4,gazoza,can,330ml,0.29,62409
43,31/01/12,Thessaloniki,40.64361,22.93086,346502,shop_4,gazoza,can,330ml,0.28,48918
1167,31/01/13,Thessaloniki,40.64361,22.93086,347001,shop_4,gazoza,can,330ml,0.27,53951
2206,31/01/14,Thessaloniki,40.64361,22.93086,349232,shop_4,gazoza,can,330ml,0.3,47981
3284,31/01/15,Thessaloniki,40.64361,22.93086,351650,shop_4,gazoza,can,330ml,0.41,28750
4364,31/01/16,Thessaloniki,40.64361,22.93086,351702,shop_4,gazoza,can,330ml,0.31,47868
5444,31/01/17,Thessaloniki,40.64361,22.93086,353001,shop_4,gazoza,can,330ml,0.39,34092
6522,31/01/18,Thessaloniki,40.64361,22.93086,354290,shop_4,gazoza,can,330ml,0.42,30308
225,31/03/12,Thessaloniki,40.64361,22.93086,346502,shop_4,gazoza,can,330ml,0.29,61129
1309,31/03/13,Thessaloniki,40.64361,22.93086,347001,shop_4,gazoza,can,330ml,0.29,62186
2386,31/03/14,Thessaloniki,40.64361,22.93086,349232,shop_4,gazoza,can,330ml,0.39,39179
3470,31/03/15,Thessaloniki,40.64361,22.93086,351650,shop_4,gazoza,can,330ml,0.37,44935
4574,31/03/16,Thessaloniki,40.64361,22.93086,351702,shop_4,gazoza,can,330ml,0.28,69978
5627,31/03/17,Thessaloniki,40.64361,22.93086,353001,shop_4,gazoza,can,330ml,0.37,50454
6734,31/03/18,Thessaloniki,40.64361,22.93086,354290,shop_4,gazoza,can,330ml,0.38,49788
405,31/05/12,Thessaloniki,40.64361,22.93086,346502,shop_4,gazoza,can,330ml,0.27,86675
1490,31/05/13,Thessaloniki,40.64361,22.93086,347001,shop_4,gazoza,can,330ml,0.27,86229
2570,31/05/14,Thessaloniki,40.64361,22.93086,349232,shop_4,gazoza,can,330ml,0.24,100448
3646,31/05/15,Thessaloniki,40.64361,22.93086,351650,shop_4,gazoza,can,330ml,0.38,55433
4718,31/05/16,Thessaloniki,40.64361,22.93086,351702,shop_4,gazoza,can,330ml,0.39,54290
5805,31/05/17,Thessaloniki,40.64361,22.93086,353001,shop_4,gazoza,can,330ml,0.4,53493
6885,31/05/18,Thessaloniki,40.64361,22.93086,354290,shop_4,gazoza,can,330ml,0.44,42929
590,31/07/12,Thessaloniki,40.64361,22.93086,346502,shop_4,gazoza,can,330ml,0.29,92431
1666,31/07/13,Thessaloniki,40.64361,22.93086,347001,shop_4,gazoza,can,330ml,0.36,68245
2744,31/07/14,Thessaloniki,40.64361,22.93086,349232,shop_4,gazoza,can,330ml,0.32,86851
3827,31/07/15,Thessaloniki,40.64361,22.93086,351650,shop_4,gazoza,can,330ml,0.37,70264
4904,31/07/16,Thessaloniki,40.64361,22.93086,351702,shop_4,gazoza,can,330ml,0.36,78948
5982,31/07/17,Thessaloniki,40.64361,22.93086,353001,shop_4,gazoza,can,330ml,0.32,94255
7070,31/07/18,Thessaloniki,40.64361,22.93086,354290,shop_4,gazoza,can,330ml,0.35,86431
672,31/08/12,Thessaloniki,40.64361,22.93086,346502,shop_4,gazoza,can,330ml,0.27,100164
1755,31/08/13,Thessaloniki,40.64361,22.93086,347001,shop_4,gazoza,can,330ml,0.36,65121
2833,31/08/14,Thessaloniki,40.64361,22.93086,349232,shop_4,gazoza,can,330ml,0.27,101423
3916,31/08/15,Thessaloniki,40.64361,22.93086,351650,shop_4,gazoza,can,330ml,0.36,71628
4995,31/08/16,Thessaloniki,40.64361,,351702,shop_4,gazoza,can,330ml,0.31,93404
6105,31/08/17,Thessaloniki,40.64361,22.93086,353001,shop_4,gazoza,can,330ml,0.43,50465
7182,31/08/18,Thessaloniki,40.64361,22.93086,354290,shop_4,gazoza,can,330ml,0.38,71557
861,31/10/12,Thessaloniki,40.64361,22.93086,346502,shop_4,gazoza,can,330ml,0.3,56685
1973,31/10/13,Thessaloniki,40.64361,22.93086,347001,shop_4,gazoza,can,330ml,0.26,68032
3018,31/10/14,Thessaloniki,40.64361,22.93086,349232,shop_4,gazoza,can,330ml,0.34,48989
4093,31/10/15,Thessaloniki,40.64361,22.93086,351650,shop_4,gazoza,can,330ml,0.31,59380
5211,31/10/16,Thessaloniki,40.64361,22.93086,351702,shop_4,gazoza,can,330ml,0.33,54754
6285,31/10/17,Thessaloniki,40.64361,22.93086,353001,shop_4,gazoza,can,330ml,0.35,52714
7337,31/10/18,Thessaloniki,40.64361,22.93086,354290,shop_4,gazoza,can,330ml,0.49,22381
1036,31/12/12,Thessaloniki,40.64361,22.93086,346502,shop_4,gazoza,can,330ml,0.35,51585
2118,31/12/13,Thessaloniki,40.64361,22.93086,347001,shop_4,gazoza,can,330ml,0.21,97481
3232,31/12/14,Thessaloniki,40.64361,22.93086,349232,shop_4,gazoza,can,330ml,0.37,52510
4278,31/12/15,Thessaloniki,40.64361,22.93086,351650,shop_4,gazoza,can,330ml,0.31,71337
5358,31/12/16,Thessaloniki,40.64361,22.93086,351702,shop_4,gazoza,can,330ml,0.37,54456
6433,31/12/17,Thessaloniki,40.64361,22.93086,353001,shop_4,gazoza,can,330ml,0.37,57093
