soda.csv
id,date,city,lat,long,pop,shop,brand,container,capacity,price,quantity
1176,28/02/13,Athens,37.97945,23.71622,671022,shop_1,gazoza,glass,500ml,0.64,18299
2256,28/02/14,Athens,37.97945,23.71622,668203,shop_1,gazoza,glass,500ml,0.61,20855
3338,28/02/15,Athens,37.97945,23.71622,667237,shop_1,gazoza,glass,500ml,0.55,25397
5498,28/02/17,Athens,37.97945,23.71622,665871,shop_1,gazoza,glass,500ml,0.76,14414
6578,28/02/18,Athens,37.97945,23.71622,664046,shop_1,gazoza,glass,500ml,0.65,21542
96,29/02/12,Athens,37.97945,23.71622,672130,shop_1,gazoza,glass,500ml,0.73,11362
4492,29/02/16,Athens,37.97945,23.71622,665102,shop_1,gazoza,glass,500ml,0.52,27892
278,30/04/12,Athens,37.97945,23.71622,672130,shop_1,gazoza,glass,500ml,0.5,52986
1358,30/04/13,Athens,37.97945,23.71622,671022,shop_1,gazoza,glass,500ml,0.54,49301
2439,30/04/14,Athens,37.97945,23.71622,668203,shop_1,gazoza,glass,500ml,0.54,51178
3518,30/04/15,Athens,37.97945,23.71622,667237,shop_1,gazoza,glass,500ml,0.77,23206
4678,30/04/16,Athens,37.97945,23.71622,665102,shop_1,gazoza,glass,500ml,0.75,28405
5739,30/04/17,Athens,37.97945,23.71622,665871,shop_1,gazoza,glass,500ml,0.66,40327
6757,30/04/18,Athens,37.97945,23.71622,664046,shop_1,gazoza,glass,500ml,0.75,31574
524,30/06/12,Athens,37.97945,23.71622,672130,shop_1,gazoza,glass,500ml,0.54,60876
1601,30/06/13,Athens,37.97945,23.71622,671022,shop_1,gazoza,glass,500ml,0.64,45837
2618,30/06/14,Athens,37.97945,23.71622,668203,shop_1,gazoza,glass,500ml,0.66,44511
3699,30/06/15,Athens,37.97945,23.71622,667237,shop_1,gazoza,glass,500ml,0.59,58662
4778,30/06/16,Athens,37.97945,23.71622,665102,shop_1,gazoza,glass,500ml,0.57,63073
5857,30/06/17,Athens,37.97945,23.71622,665871,shop_1,gazoza,glass,500ml,0.75,37975
6938,30/06/18,Athens,37.97945,23.71622,664046,shop_1,gazoza,glass,500ml,0.74,41118
728,30/09/12,Athens,37.97945,23.71622,672130,shop_1,gazoza,glass,500ml,0.65,31812
1808,30/09/13,Athens,37.97945,23.71622,671022,shop_1,gazoza,glass,500ml,0.46,56871
2888,30/09/14,Athens,37.97945,23.71622,668203,shop_1,gazoza,glass,500ml,0.61,40121
3966,30/09/15,Athens,37.97945,23.71622,667237,shop_1,gazoza,glass,500ml,0.79,20328
5115,30/09/16,Athens,37.97945,23.71622,665102,shop_1,gazoza,glass,500ml,0.73,28585
6127,30/09/17,Athens,37.97945,23.71622,665871,shop_1,gazoza,glass,500ml,0.62,42900
7205,30/09/18,Athens,37.97945,23.71622,664046,shop_1,gazoza,glass,500ml,0.63,42716
909,30/11/12,Athens,37.97945,23.71622,672130,shop_1,gazoza,glass,500ml,0.5,49775
2059,30/11/13,Athens,37.97945,23.71622,671022,shop_1,gazoza,glass,500ml,0.54,46315
3066,30/11/14,Athens,37.97945,23.71622,668203,shop_1,gazoza,glass,500ml,0.75,23035
4212,30/11/15,Athens,37.97945,23.71622,667237,shop_1,gazoza,glass,500ml,0.62,39658
5229,30/11/16,Athens,37.97945,23.71622,665102,shop_1,gazoza,glass,500ml,0.68,34431
6308,30/11/17,Athens,37.97945,23.71622,665871,shop_1,gazoza,glass,500ml,0.71,32668
7387,30/11/18,Athens,37.97945,23.71622,664046,shop_1,gazoza,glass,500ml,0.68,37750
7,31/01/12,Athens,37.97945,23.71622,672130,shop_1,gazoza,glass,500ml,0.49,44734
1089,31/01/13,Athens,37.97945,23.71622,671022,shop_1,gazoza,glass,500ml,0.68,26337
2168,31/01/14,Athens,37.97945,23.71622,668203,shop_1,gazoza,glass,500ml,0.63,32982
4327,31/01/16,Athens,37.97945,23.71622,665102,shop_1,gazoza,glass,500ml,0.71,27536
5408,31/01/17,Athens,37.97945,23.71622,665871,shop_1,gazoza,glass,500ml,0.71,28763
6485,31/01/18,Athens,37.97945,23.71622,664046,shop_1,gazoza,glass,500ml,0.77,24297
186,31/03/12,Athens,37.97945,23.71622,672130,shop_1,gazoza,glass,500ml,0.65,30816
1267,31/03/13,Athens,37.97945,23.71622,671022,shop_1,gazoza,glass,500ml,0.52,47421
2348,31/03/14,Athens,37.97945,23.71622,668203,shop_1,gazoza,glass,500ml,0.6,40042
3429,31/03/15,Athens,37.97945,23.71622,667237,shop_1,gazoza,glass,500ml,0.64,36611
4507,31/03/16,Athens,37.97945,23.71622,665102,shop_1,gazoza,glass,500ml,0.62,40479
5588,31/03/17,Athens,37.97945,23.71622,665871,shop_1,gazoza,glass,500ml,0.78,24310
6665,31/03/18,Athens,37.97945,23.71622,664046,shop_1,gazoza,glass,500ml,0.68,37182
368,31/05/12,Athens,37.97945,23.71622,672130,shop_1,gazoza,glass,500ml,0.67,34211
1448,31/05/13,Athens,37.97945,23.71622,671022,shop_1,gazoza,glass,500ml,0.64,40590
2529,31/05/14,Athens,37.97945,23.71622,668203,shop_1,gazoza,glass,500ml,0.56,54015
3678,31/05/15,Athens,37.97945,23.71622,667237,shop_1,gazoza,glass,500ml,0.56,56241
4685,31/05/16,Athens,37.97945,23.71622,665102,shop_1,gazoza,glass,500ml,0.68,41103
5767,31/05/17,Athens,37.97945,23.71622,665871,shop_1,gazoza,glass,500ml,0.72,37253
6846,31/05/18,Athens,37.97945,23.71622,664046,shop_1,gazoza,glass,500ml,0.64,49552
547,31/07/12,Athens,37.97945,23.71622,672130,shop_1,gazoza,glass,500ml,0.43,91220
1626,31/07/13,Athens,37.97945,23.71622,671022,shop_1,gazoza,glass,500ml,0.67,48089
2707,31/07/14,Athens,37.97945,23.71622,668203,shop_1,gazoza,glass,500ml,0.7,44527
3788,31/07/15,Athens,37.97945,23.71622,667237,shop_1,gazoza,glass,500ml,0.56,72618
4869,31/07/16,Athens,37.97945,23.71622,665102,shop_1,gazoza,glass,500ml,0.67,55250
5948,31/07/17,Athens,37.97945,23.71622,665871,shop_1,gazoza,glass,500ml,0.74,45658
7028,31/07/18,Athens,37.97945,23.71622,664046,shop_1,gazoza,glass,500ml,0.72,52214
636,31/08/12,Athens,37.97945,23.71622,672130,shop_1,gazoza,glass,500ml,0.72,26581
1717,31/08/13,Athens,37.97945,23.71622,671022,shop_1,gazoza,glass,500ml,0.46,64222
2795,31/08/14,Athens,37.97945,23.71622,668203,shop_1,gazoza,glass,500ml,0.59,47669
3877,31/08/15,Athens,37.97945,23.71622,667237,shop_1,gazoza,glass,500ml,0.58,51050
5036,31/08/16,Athens,37.97945,23.71622,665102,shop_1,gazoza,glass,500ml,0.73,33082
6036,31/08/17,Athens,37.97945,23.71622,665871,shop_1,gazoza,glass,500ml,0.7,39127
7116,31/08/18,Athens,37.97945,23.71622,664046,shop_1,gazoza,glass,500ml,0.7,40927
895,31/10/12,Athens,37.97945,23.71622,672130,shop_1,gazoza,glass,500ml,0.51,57395
1976,31/10/13,Athens,37.97945,23.71622,671022,shop_1,gazoza,glass,500ml,0.57,49672
2977,31/10/14,Athens,37.97945,23.71622,668203,shop_1,gazoza,glass,500ml,0.68,36652
4128,31/10/15,Athens,37.97945,23.71622,667237,shop_1,gazoza,glass,500ml,0.53,58570
5201,31/10/16,Athens,37.97945,23.71622,665102,shop_1,gazoza,glass,500ml,0.65,44834
6218,31/10/17,Athens,37.97945,23.71622,665871,shop_1,gazoza,glass,500ml,0.68,42442
7299,31/10/18,Athens,37.97945,23.71622,664046,shop_1,gazoza,glass,500ml,0.88,18587
997,31/12/12,Athens,37.97945,23.71622,672130,shop_1,gazoza,glass,500ml,0.63,27331
2076,31/12/13,Athens,37.97945,23.71622,671022,shop_1,gazoza,glass,500ml,0.58,33425
3156,31/12/14,Athens,37.97945,23.71622,668203,shop_1,gazoza,glass,500ml,0.49,43649
4309,31/12/15,Athens,37.97945,23.71622,667237,shop_1,gazoza,glass,500ml,0.78,17268
5319,31/12/16,Athens,37.97945,23.71622,665102,shop_1,gazoza,glass,500ml,0.7,26274
6398,31/12/17,Athens,37.97945,23.71622,665871,shop_1,gazoza,glass,500ml,0.67,30410
7476,31/12/18,Athens,37.97945,,664046,shop_1,gazoza,glass,500ml,0.65,32945
1226,28/02/13,Athens,37.96245,23.68708,671022,shop_3,gazoza,glass,500ml,0.51,23685
2303,28/02/14,Athens,37.96245,23.68708,668203,shop_3,gazoza,glass,500ml,0.73,11718
3385,28/02/15,Athens,37.96245,23.68708,667237,shop_3,gazoza,glass,500ml,0.62,18651
5550,28/02/17,Athens,,,665871,shop_3,gazoza,glass,500ml,0.84,8433
6629,28/02/18,Athens,37.96245,23.68708,664046,shop_3,gazoza,glass,500ml,0.71,16340
164,29/02/12,Athens,37.96245,23.68708,672130,shop_3,gazoza,glass,500ml,0.48,24822
4466,29/02/16,Athens,37.96245,23.68708,665102,shop_3,gazoza,glass,500ml,0.62,19539
348,30/04/12,Athens,37.96245,23.68708,672130,shop_3,gazoza,glass,500ml,0.57,34124
1408,30/04/13,Athens,37.96245,23.68708,671022,shop_3,gazoza,glass,500ml,0.52,40653
2493,30/04/14,Athens,37.96245,23.68708,668203,shop_3,gazoza,glass,500ml,0.64,30117
3562,30/04/15,Athens,37.96245,23.68708,667237,shop_3,gazoza,glass,500ml,0.82,13584
4647,30/04/16,Athens,37.96245,23.68708,665102,shop_3,gazoza,glass,500ml,0.68,29135
5726,30/04/17,Athens,37.96245,23.68708,665871,shop_3,gazoza,glass,500ml,0.67,31124
6808,30/04/18,Athens,37.96245,23.68708,664046,shop_3,gazoza,glass,500ml,0.59,39456
506,30/06/12,Athens,37.96245,23.68708,672130,shop_3,gazoza,glass,500ml,0.63,37339
1614,30/06/13,Athens,37.96245,23.68708,671022,shop_3,gazoza,glass,500ml,0.55,51612
2671,30/06/14,Athens,37.96245,23.68708,668203,shop_3,gazoza,glass,500ml,0.39,73781
3745,30/06/15,Athens,37.96245,23.68708,667237,shop_3,gazoza,glass,500ml,0.76,26139
4848,30/06/16,Athens,37.96245,23.68708,665102,shop_3,gazoza,glass,500ml,0.67,39982
5899,30/06/17,Athens,37.96245,23.68708,665871,shop_3,gazoza,glass,500ml,0.66,42600
6986,30/06/18,Athens,37.96245,23.68708,664046,shop_3,gazoza,glass,500ml,0.83,24356
780,30/09/12,Athens,37.96245,23.68708,672130,shop_3,gazoza,glass,500ml,0.56,35479
1874,30/09/13,Athens,37.96245,23.68708,671022,shop_3,gazoza,glass,500ml,0.76,15963
2938,30/09/14,Athens,37.96245,23.68708,668203,shop_3,gazoza,glass,500ml,0.48,45476
4043,30/09/15,Athens,37.96245,23.68708,667237,shop_3,gazoza,glass,500ml,0.58,37514
5093,30/09/16,Athens,37.96245,23.68708,665102,shop_3,gazoza,glass,500ml,0.65,31278
6179,30/09/17,Athens,37.96245,23.68708,665871,shop_3,gazoza,glass,500ml,0.71,27549
7252,30/09/18,Athens,37.96245,23.68708,664046,shop_3,gazoza,glass,500ml,0.75,25062
961,30/11/12,Athens,37.96245,23.68708,672130,shop_3,gazoza,glass,500ml,0.58,31705
2067,30/11/13,Athens,37.96245,23.68708,671022,shop_3,gazoza,glass,500ml,0.51,40092
3122,30/11/14,Athens,37.96245,23.68708,668203,shop_3,gazoza,glass,500ml,0.69,24399
4194,30/11/15,Athens,37.96245,23.68708,667237,shop_3,gazoza,glass,500ml,0.81,14539
5280,30/11/16,Athens,37.96245,23.68708,665102,shop_3,gazoza,glass,500ml,0.65,30075
6355,30/11/17,Athens,37.96245,23.68708,665871,shop_3,gazoza,glass,500ml,0.65,31487
7437,30/11/18,Athens,37.96245,23.68708,664046,shop_3,gazoza,glass,500ml,0.59,38484
54,31/01/12,Athens,37.96245,23.68708,672130,shop_3,gazoza,glass,500ml,0.38,35931
1140,31/01/13,Athens,37.96245,23.68708,671022,shop_3,gazoza,glass,500ml,0.69,15913
2214,31/01/14,Athens,37.96245,23.68708,668203,shop_3,gazoza,glass,500ml,0.64,20172
3296,31/01/15,Athens,37.96245,23.68708,667237,shop_3,gazoza,glass,500ml,0.55,27138
4375,31/01/16,Athens,37.96245,23.68708,665102,shop_3,gazoza,glass,500ml,0.72,16960
5457,31/01/17,Athens,37.96245,23.68708,665871,shop_3,gazoza,glass,500ml,0.78,13600
6534,31/01/18,Athens,,23.68708,664046,shop_3,gazoza,glass,500ml,0.75,16748
234,31/03/12,Athens,37.96245,23.68708,672130,shop_3,gazoza,glass,500ml,0.61,27346
1320,31/03/13,Athens,37.96245,23.68708,671022,shop_3,gazoza,glass,500ml,0.65,24833
2419,31/03/14,Athens,37.96245,23.68708,668203,shop_3,gazoza,glass,500ml,0.7,21460
3481,31/03/15,Athens,37.96245,23.68708,667237,shop_3,gazoza,glass,500ml,0.66,25947
4557,31/03/16,Athens,37.96245,23.68708,665102,shop_3,gazoza,glass,500ml,0.5,40876
5661,31/03/17,Athens,37.96245,23.68708,665871,shop_3,gazoza,glass,500ml,0.78,18170
6715,31/03/18,Athens,37.96245,23.68708,664046,shop_3,gazoza,glass,500ml,0.57,36987
418,31/05/12,Athens,37.96245,23.68708,672130,shop_3,gazoza,glass,500ml,0.44,55426
1500,31/05/13,Athens,37.96245,23.68708,671022,shop_3,gazoza,glass,500ml,0.65,31627
2581,31/05/14,Athens,37.96245,23.68708,668203,shop_3,gazoza,glass,500ml,0.65,33563
3658,31/05/15,Athens,37.96245,23.68708,667237,shop_3,gazoza,glass,500ml,0.57,43809
4729,31/05/16,Athens,37.96245,23.68708,665102,shop_3,gazoza,glass,500ml,0.72,29363
5815,31/05/17,Athens,37.96245,23.68708,665871,shop_3,gazoza,glass,500ml,0.68,34260
6896,31/05/18,Athens,37.96245,23.68708,664046,shop_3,gazoza,glass,500ml,0.79,24640
599,31/07/12,Athens,37.96245,23.68708,672130,shop_3,gazoza,glass,500ml,0.5,65396
1677,31/07/13,Athens,37.96245,23.68708,671022,shop_3,gazoza,glass,500ml,0.62,48464
2756,31/07/14,Athens,37.96245,23.68708,668203,shop_3,gazoza,glass,500ml,0.62,50268
3835,31/07/15,Athens,37.96245,23.68708,667237,shop_3,gazoza,glass,500ml,0.63,50008
4915,31/07/16,Athens,37.96245,23.68708,665102,shop_3,gazoza,glass,500ml,0.76,32497
5992,31/07/17,Athens,37.96245,23.68708,665871,shop_3,gazoza,glass,500ml,0.68,47135
7081,31/07/18,Athens,37.96245,23.68708,664046,shop_3,gazoza,glass,500ml,0.69,47506
683,31/08/12,Athens,37.96245,23.68708,672130,shop_3,gazoza,glass,500ml,0.61,34845
1764,31/08/13,Athens,37.96245,23.68708,671022,shop_3,gazoza,glass,500ml,0.66,30606
2844,31/08/14,Athens,37.96245,23.68708,668203,shop_3,gazoza,glass,500ml,0.64,34184
3928,31/08/15,Athens,37.96245,23.68708,667237,shop_3,gazoza,glass,500ml,0.56,45322
5006,31/08/16,Athens,37.96245,23.68708,665102,shop_3,gazoza,glass,500ml,0.68,32827
6111,31/08/17,Athens,37.96245,23.68708,665871,shop_3,gazoza,glass,500ml,0.56,47438
7163,31/08/18,Athens,37.96245,23.68708,664046,shop_3,gazoza,glass,500ml,0.76,28149
873,31/10/12,Athens,37.96245,23.68708,672130,shop_3,gazoza,glass,500ml,0.51,32603
1948,31/10/13,Athens,37.96245,23.68708,671022,shop_3,gazoza,glass,500ml,0.59,26679
3031,31/10/14,Athens,37.96245,23.68708,668203,shop_3,gazoza,glass,500ml,0.48,36426
4105,31/10/15,Athens,37.96245,23.68708,667237,shop_3,gazoza,glass,500ml,0.77,14791
5204,31/10/16,Athens,37.96245,23.68708,665102,shop_3,gazoza,glass,500ml,0.64,26152
6269,31/10/17,Athens,37.96245,23.68708,665871,shop_3,gazoza,glass,500ml,0.72,20883
7347,31/10/18,Athens,37.96245,23.68708,664046,shop_3,gazoza,glass,500ml,0.8,15969
1046,31/12/12,Athens,37.96245,23.68708,672130,shop_3,gazoza,glass,500ml,0.54,29906
2128,31/12/13,Athens,37.96245,23.68708,671022,shop_3,gazoza,glass,500ml,0.33,47955
3201,31/12/14,Athens,37.96245,23.68708,668203,shop_3,gazoza,glass,500ml,0.85,7321
4289,31/12/15,Athens,37.96245,23.68708,667237,shop_3,gazoza,glass,500ml,0.83,9920
5392,31/12/16,Athens,37.96245,23.68708,665102,shop_3,gazoza,glass,500ml,0.73,19415
6443,31/12/17,Athens,37.96245,23.68708,665871,shop_3,gazoza,glass,500ml,0.64,26841
