soda.csv
id,date,city,lat,long,pop,shop,brand,container,capacity,price,quantity
1189,28/02/13,Irakleion,35.32787,25.14341,135432,shop_2,gazoza,glass,500ml,0.71,18326
2267,28/02/14,Irakleion,35.32787,25.14341,136202,shop_2,gazoza,glass,500ml,0.65,24798
3350,28/02/15,Irakleion,35.32787,25.14341,138560,shop_2,gazoza,glass,500ml,0.64,26467
5511,28/02/17,Irakleion,35.32787,25.14341,138200,shop_2,gazoza,glass,500ml,0.75,20119
6592,28/02/18,Irakleion,35.32787,,137154,shop_2,gazoza,glass,500ml,0.61,32007
110,29/02/12,Irakleion,35.32787,25.14341,134219,shop_2,gazoza,glass,500ml,0.59,27468
4428,29/02/16,Irakleion,35.32787,25.14341,137302,shop_2,gazoza,glass,500ml,0.54,36093
291,30/04/12,Irakleion,35.32787,25.14341,134219,shop_2,gazoza,glass,500ml,0.66,34618
1370,30/04/13,Irakleion,35.32787,25.14341,135432,shop_2,gazoza,glass,500ml,0.62,41765
2452,30/04/14,Irakleion,35.32787,25.14341,136202,shop_2,gazoza,glass,500ml,0.56,52376
3529,30/04/15,Irakleion,35.32787,25.14341,138560,shop_2,gazoza,glass,500ml,0.62,45002
4667,30/04/16,Irakleion,35.32787,25.14341,137302,shop_2,gazoza,glass,500ml,0.58,52600
5687,30/04/17,Irakleion,35.32787,25.14341,138200,shop_2,gazoza,glass,500ml,0.69,39370
6768,30/04/18,Irakleion,35.32787,25.14341,137154,shop_2,gazoza,glass,500ml,0.75,34068
537,30/06/12,Irakleion,35.32787,25.14341,134219,shop_2,gazoza,glass,500ml,0.46,88605
1615,30/06/13,Irakleion,35.32787,25.14341,135432,shop_2,gazoza,glass,500ml,0.57,70568
2694,30/06/14,Irakleion,35.32787,25.14341,136202,shop_2,gazoza,glass,500ml,0.62,63052
3713,30/06/15,Irakleion,35.32787,25.14341,138560,shop_2,gazoza,glass,500ml,0.72,46415
4791,30/06/16,Irakleion,35.32787,25.14341,137302,shop_2,gazoza,glass,500ml,0.74,45833
5868,30/06/17,Irakleion,35.32787,25.14341,138200,shop_2,gazoza,glass,500ml,0.71,52665
6950,30/06/18,Irakleion,35.32787,25.14341,137154,shop_2,gazoza,glass,500ml,0.69,59892
741,30/09/12,Irakleion,35.32787,25.14341,134219,shop_2,gazoza,glass,500ml,0.56,56264
1818,30/09/13,Irakleion,35.32787,25.14341,135432,shop_2,gazoza,glass,500ml,0.65,43240
2899,30/09/14,Irakleion,35.32787,25.14341,136202,shop_2,gazoza,glass,500ml,0.56,61194
3980,30/09/15,Irakleion,35.32787,25.14341,138560,shop_2,gazoza,glass,500ml,0.63,51102
5056,30/09/16,Irakleion,35.32787,25.14341,137302,shop_2,gazoza,glass,500ml,0.71,41129
6142,30/09/17,Irakleion,35.32787,25.14341,138200,shop_2,gazoza,glass,500ml,0.69,46996
7215,30/09/18,Irakleion,35.32787,25.14341,137154,shop_2,gazoza,glass,500ml,0.68,49308
922,30/11/12,Irakleion,35.32787,25.14341,134219,shop_2,gazoza,glass,500ml,0.58,50004
1998,30/11/13,Irakleion,35.32787,25.14341,135432,shop_2,gazoza,glass,500ml,0.65,41646
3078,30/11/14,Irakleion,35.32787,25.14341,136202,shop_2,gazoza,glass,500ml,0.72,33185
4159,30/11/15,Irakleion,35.32787,25.14341,138560,shop_2,gazoza,glass,500ml,0.56,57577
5302,30/11/16,Irakleion,35.32787,25.14341,137302,shop_2,gazoza,glass,500ml,0.62,50738
6319,30/11/17,Irakleion,35.32787,25.14341,138200,shop_2,gazoza,glass,500ml,0.75,34920
7400,30/11/18,Irakleion,35.32787,25.14341,137154,shop_2,gazoza,glass,500ml,0.6,57528
17,31/01/12,Irakleion,35.32787,25.14341,134219,shop_2,gazoza,glass,500ml,0.58,41378
1103,31/01/13,Irakleion,35.32787,25.14341,135432,shop_2,gazoza,glass,500ml,0.63,36510
2180,31/01/14,Irakleion,35.32787,25.14341,136202,shop_2,gazoza,glass,500ml,0.56,46988
3257,31/01/15,Irakleion,35.32787,25.14341,138560,shop_2,gazoza,glass,500ml,0.76,24097
4341,31/01/16,Irakleion,35.32787,25.14341,137302,shop_2,gazoza,glass,500ml,0.7,33488
5419,31/01/17,Irakleion,35.32787,25.14341,138200,shop_2,gazoza,glass,500ml,0.69,36593
6558,31/01/18,Irakleion,35.32787,25.14341,137154,shop_2,gazoza,glass,500ml,0.54,54774
197,31/03/12,Irakleion,35.32787,25.14341,134219,shop_2,gazoza,glass,500ml,0.59,45858
1345,31/03/13,Irakleion,35.32787,25.14341,135432,shop_2,gazoza,glass,500ml,0.63,42115
2361,31/03/14,Irakleion,35.32787,25.14341,136202,shop_2,gazoza,glass,500ml,0.58,51291
3442,31/03/15,Irakleion,35.32787,25.14341,138560,shop_2,gazoza,glass,500ml,0.64,45199
4519,31/03/16,Irakleion,35.32787,25.14341,137302,shop_2,gazoza,glass,500ml,0.68,41553
5600,31/03/17,Irakleion,35.32787,25.14341,138200,shop_2,gazoza,glass,500ml,0.63,49679
6678,31/03/18,Irakleion,35.32787,25.14341,137154,shop_2,gazoza,glass,500ml,0.74,36411
435,31/05/12,Irakleion,35.32787,25.14341,134219,shop_2,gazoza,glass,500ml,0.46,72786
1461,31/05/13,Irakleion,35.32787,25.14341,135432,shop_2,gazoza,glass,500ml,0.65,44599
2542,31/05/14,Irakleion,35.32787,25.14341,136202,shop_2,gazoza,glass,500ml,0.65,46489
3617,31/05/15,Irakleion,35.32787,25.14341,138560,shop_2,gazoza,glass,500ml,0.61,53981
4695,31/05/16,Irakleion,35.32787,25.14341,137302,shop_2,gazoza,glass,500ml,0.61,57258
5847,31/05/17,Irakleion,35.32787,25.14341,138200,shop_2,gazoza,glass,500ml,0.85,22186
6857,31/05/18,Irakleion,35.32787,25.14341,137154,shop_2,gazoza,glass,500ml,0.67,51467
561,31/07/12,Irakleion,35.32787,25.14341,134219,shop_2,gazoza,glass,500ml,0.59,69696
1638,31/07/13,Irakleion,35.32787,25.14341,135432,shop_2,gazoza,glass,500ml,0.65,61294
2719,31/07/14,Irakleion,35.32787,25.14341,136202,shop_2,gazoza,glass,500ml,0.65,62885
3800,31/07/15,Irakleion,35.32787,25.14341,138560,shop_2,gazoza,glass,500ml,0.6,76956
4881,31/07/16,Irakleion,35.32787,25.14341,137302,shop_2,gazoza,glass,500ml,0.71,57343
5959,31/07/17,Irakleion,35.32787,25.14341,138200,shop_2,gazoza,glass,500ml,0.75,52517
7099,31/07/18,Irakleion,35.32787,25.14341,137154,shop_2,gazoza,glass,500ml,0.53,98224
646,31/08/12,Irakleion,35.32787,25.14341,134219,shop_2,gazoza,glass,500ml,0.45,83762
1730,31/08/13,Irakleion,35.32787,25.14341,135432,shop_2,gazoza,glass,500ml,0.67,45875
2809,31/08/14,Irakleion,35.32787,25.14341,136202,shop_2,gazoza,glass,500ml,0.62,56424
3888,31/08/15,Irakleion,35.32787,25.14341,138560,shop_2,gazoza,glass,500ml,0.71,42821
4967,31/08/16,Irakleion,35.32787,25.14341,137302,shop_2,gazoza,glass,500ml,0.68,51559
6047,31/08/17,Irakleion,35.32787,25.14341,138200,shop_2,gazoza,glass,500ml,0.7,51019
7126,31/08/18,Irakleion,35.32787,25.14341,137154,shop_2,gazoza,glass,500ml,0.66,58951
831,31/10/12,Irakleion,35.32787,25.14341,134219,shop_2,gazoza,glass,500ml,0.47,54619
1911,31/10/13,Irakleion,35.32787,25.14341,135432,shop_2,gazoza,glass,500ml,0.63,35899
3059,31/10/14,Irakleion,35.32787,25.14341,136202,shop_2,gazoza,glass,500ml,0.66,34435
4068,31/10/15,Irakleion,35.32787,25.14341,138560,shop_2,gazoza,glass,500ml,0.76,24273
5150,31/10/16,Irakleion,35.32787,25.14341,137302,shop_2,gazoza,glass,500ml,0.63,40395
6232,31/10/17,Irakleion,35.32787,25.14341,138200,shop_2,gazoza,glass,500ml,0.59,46598
7311,31/10/18,Irakleion,35.32787,25.14341,137154,shop_2,gazoza,glass,500ml,0.75,30732
1011,31/12/12,Irakleion,35.32787,25.14341,134219,shop_2,gazoza,glass,500ml,0.52,60011
2089,31/12/13,Irakleion,35.32787,25.14341,135432,shop_2,gazoza,glass,500ml,0.7,33961
3219,31/12/14,Irakleion,35.32787,25.14341,136202,shop_2,gazoza,glass,500ml,0.56,57001
4247,31/12/15,Irakleion,35.32787,25.14341,138560,shop_2,gazoza,glass,500ml,0.54,61583
5382,31/12/16,Irakleion,35.32787,25.14341,137302,shop_2,gazoza,glass,500ml,0.78,28699
6409,31/12/17,Irakleion,35.32787,25.14341,138200,shop_2,gazoza,glass,500ml,0.75,35852
7488,31/12/18,Irakleion,35.32787,25.14341,137154,shop_2,gazoza,glass,500ml,0.65,51730
1239,28/02/13,Larisa,39.63689,22.41761,139242,shop_5,gazoza,glass,500ml,0.64,17866
2316,28/02/14,Larisa,39.63689,22.41761,140563,shop_5,gazoza,glass,500ml,0.63,19221
3396,28/02/15,Larisa,39.63689,22.41761,141732,shop_5,gazoza,glass,500ml,0.4,34021
5559,28/02/17,Larisa,39.63689,22.41761,144302,shop_5,gazoza,glass,500ml,0.79,12461
6643,28/02/18,Larisa,39.63689,22.41761,144651,shop_5,gazoza,glass,500ml,0.89,7773
155,29/02/12,Larisa,39.63689,22.41761,137540,shop_5,gazoza,glass,500ml,0.52,24485
4479,29/02/16,Larisa,39.63689,22.41761,142030,shop_5,gazoza,glass,500ml,0.63,20862
341,30/04/12,Larisa,39.63689,22.41761,137540,shop_5,gazoza,glass,500ml,0.56,33570
1430,30/04/13,Larisa,39.63689,22.41761,139242,shop_5,gazoza,glass,500ml,0.59,31424
2504,30/04/14,Larisa,39.63689,22.41761,140563,shop_5,gazoza,glass,500ml,0.73,19718
3580,30/04/15,Larisa,39.63689,22.41761,141732,shop_5,gazoza,glass,500ml,0.47,44909
4660,30/04/16,Larisa,39.63689,22.41761,142030,shop_5,gazoza,glass,500ml,0.72,23759
5734,30/04/17,Larisa,39.63689,22.41761,144302,shop_5,gazoza,glass,500ml,0.68,28488
6820,30/04/18,Larisa,39.63689,22.41761,144651,shop_5,gazoza,glass,500ml,0.75,23664
518,30/06/12,Larisa,39.63689,22.41761,137540,shop_5,gazoza,glass,500ml,0.57,48890
1595,30/06/13,Larisa,39.63689,22.41761,139242,shop_5,gazoza,glass,500ml,0.44,68414
2685,30/06/14,Larisa,39.63689,22.41761,140563,shop_5,gazoza,glass,500ml,0.71,32201
3757,30/06/15,Larisa,39.63689,22.41761,141732,shop_5,gazoza,glass,500ml,0.73,31835
4836,30/06/16,Larisa,39.63689,22.41761,142030,shop_5,gazoza,glass,500ml,0.67,41722
5910,30/06/17,Larisa,39.63689,22.41761,144302,shop_5,gazoza,glass,500ml,0.72,36422
6998,30/06/18,Larisa,39.63689,22.41761,144651,shop_5,gazoza,glass,500ml,0.66,47000
807,30/09/12,Larisa,39.63689,22.41761,137540,shop_5,gazoza,glass,500ml,0.54,42234
1869,30/09/13,Larisa,39.63689,22.41761,139242,shop_5,gazoza,glass,500ml,0.7,25862
2950,30/09/14,Larisa,39.63689,22.41761,140563,shop_5,gazoza,glass,500ml,0.64,33660
4029,30/09/15,Larisa,39.63689,22.41761,141732,shop_5,gazoza,glass,500ml,0.49,52382
5106,30/09/16,Larisa,39.63689,22.41761,142030,shop_5,gazoza,glass,500ml,0.61,40575
6191,30/09/17,Larisa,39.63689,22.41761,144302,shop_5,gazoza,glass,500ml,0.74,27845
7261,30/09/18,Larisa,39.63689,22.41761,144651,shop_5,gazoza,glass,500ml,0.77,26706
972,30/11/12,Larisa,39.63689,22.41761,137540,shop_5,gazoza,glass,500ml,0.39,52602
2046,30/11/13,Larisa,39.63689,22.41761,139242,shop_5,gazoza,glass,500ml,0.59,33294
3133,30/11/14,Larisa,39.63689,22.41761,140563,shop_5,gazoza,glass,500ml,0.63,31001
4204,30/11/15,Larisa,39.63689,22.41761,141732,shop_5,gazoza,glass,500ml,0.63,32045
5292,30/11/16,Larisa,39.63689,22.41761,142030,shop_5,gazoza,glass,500ml,0.76,21317
6367,30/11/17,Larisa,39.63689,22.41761,144302,shop_5,gazoza,glass,500ml,0.79,19886
7449,30/11/18,Larisa,39.63689,22.41761,144651,shop_5,gazoza,glass,500ml,0.72,27966
64,31/01/12,Larisa,39.63689,22.41761,137540,shop_5,gazoza,glass,500ml,0.59,27498
1161,31/01/13,Larisa,39.63689,22.41761,139242,shop_5,gazoza,glass,500ml,0.4,45807
2225,31/01/14,Larisa,39.63689,22.41761,140563,shop_5,gazoza,glass,500ml,0.55,32944
3309,31/01/15,Larisa,39.63689,22.41761,141732,shop_5,gazoza,glass,500ml,0.74,18166
4400,31/01/16,Larisa,39.63689,22.41761,142030,shop_5,gazoza,glass,500ml,0.82,13127
5469,31/01/17,Larisa,39.63689,22.41761,144302,shop_5,gazoza,glass,500ml,0.64,28621
6544,31/01/18,Larisa,39.63689,22.41761,144651,shop_5,gazoza,glass,500ml,0.75,21205
246,31/03/12,Larisa,39.63689,22.41761,137540,shop_5,gazoza,glass,500ml,0.4,55401
1330,31/03/13,Larisa,39.63689,22.41761,139242,shop_5,gazoza,glass,500ml,0.68,25882
2409,31/03/14,Larisa,39.63689,22.41761,140563,shop_5,gazoza,glass,500ml,0.64,31968
3508,31/03/15,Larisa,39.63689,22.41761,141732,shop_5,gazoza,glass,500ml,0.79,18284
4569,31/03/16,Larisa,39.63689,22.41761,142030,shop_5,gazoza,glass,500ml,0.66,32421
5646,31/03/17,Larisa,39.63689,22.41761,144302,shop_5,gazoza,glass,500ml,0.66,34671
6725,31/03/18,Larisa,39.63689,22.41761,144651,shop_5,gazoza,glass,500ml,0.65,36115
439,31/05/12,Larisa,39.63689,22.41761,137540,shop_5,gazoza,glass,500ml,0.54,52301
1511,31/05/13,Larisa,39.63689,22.41761,139242,shop_5,gazoza,glass,500ml,0.47,63515
2592,31/05/14,Larisa,39.63689,22.41761,140563,shop_5,gazoza,glass,500ml,0.6,47304
3670,31/05/15,Larisa,39.63689,22.41761,141732,shop_5,gazoza,glass,500ml,0.61,48250
4740,31/05/16,Larisa,39.63689,22.41761,142030,shop_5,gazoza,glass,500ml,0.73,33004
5848,31/05/17,Larisa,39.63689,22.41761,144302,shop_5,gazoza,glass,500ml,0.72,37217
6909,31/05/18,Larisa,39.63689,22.41761,144651,shop_5,gazoza,glass,500ml,0.84,22524
614,31/07/12,Larisa,39.63689,22.41761,137540,shop_5,gazoza,glass,500ml,0.41,71746
1692,31/07/13,Larisa,39.63689,22.41761,139242,shop_5,gazoza,glass,500ml,0.61,44319
2770,31/07/14,Larisa,39.63689,22.41761,140563,shop_5,gazoza,glass,500ml,0.6,48725
3847,31/07/15,Larisa,39.63689,22.41761,141732,shop_5,gazoza,glass,500ml,0.66,41482
6004,31/07/17,Larisa,39.63689,22.41761,144302,shop_5,gazoza,glass,500ml,0.72,37688
7094,31/07/18,Larisa,39.63689,22.41761,144651,shop_5,gazoza,glass,500ml,0.88,18997
695,31/08/12,Larisa,39.63689,22.41761,137540,shop_5,gazoza,glass,500ml,0.51,46581
1787,31/08/13,Larisa,39.63689,22.41761,139242,shop_5,gazoza,glass,500ml,0.66,30713
2868,31/08/14,Larisa,39.63689,22.41761,140563,shop_5,gazoza,glass,500ml,0.61,38502
3958,31/08/15,Larisa,39.63689,22.41761,141732,shop_5,gazoza,glass,500ml,0.83,14736
5033,31/08/16,Larisa,39.63689,22.41761,142030,shop_5,gazoza,glass,500ml,0.66,35507
6092,31/08/17,Larisa,39.63689,22.41761,144302,shop_5,gazoza,glass,500ml,0.6,43485
7189,31/08/18,Larisa,39.63689,22.41761,144651,shop_5,gazoza,glass,500ml,0.61,43168
886,31/10/12,Larisa,39.63689,22.41761,137540,shop_5,gazoza,glass,500ml,0.43,49125
1961,31/10/13,Larisa,39.63689,22.41761,139242,shop_5,gazoza,glass,500ml,0.61,31670
3044,31/10/14,Larisa,39.63689,22.41761,140563,shop_5,gazoza,glass,500ml,0.66,28550
4115,31/10/15,Larisa,39.63689,22.41761,141732,shop_5,gazoza,glass,500ml,0.8,16019
5196,31/10/16,Larisa,39.63689,22.41761,142030,shop_5,gazoza,glass,500ml,0.77,20756
6279,31/10/17,Larisa,39.63689,22.41761,144302,shop_5,gazoza,glass,500ml,0.59,38553
7360,31/10/18,Larisa,39.63689,22.41761,144651,shop_5,gazoza,glass,500ml,0.63,35812
1059,31/12/12,Larisa,39.63689,22.41761,137540,shop_5,gazoza,glass,500ml,0.49,58837
2141,31/12/13,Larisa,39.63689,22.41761,139242,shop_5,gazoza,glass,500ml,0.64,39989
3234,31/12/14,Larisa,39.63689,22.41761,140563,shop_5,gazoza,glass,500ml,0.74,27012
4302,31/12/15,Larisa,39.63689,22.41761,141732,shop_5,gazoza,glass,500ml,0.56,54149
5377,31/12/16,Larisa,39.63689,22.41761,142030,shop_5,gazoza,glass,500ml,0.7,37362
6456,31/12/17,Larisa,39.63689,22.41761,144302,shop_5,gazoza,glass,500ml,0.7,38691
7536,31/12/18,Larisa,39.63689,22.41761,144651,shop_5,gazoza,glass,500ml,0.66,45724
4927,31/07/16,Larisa,39.63689,22.41761,142030,shop_5,gazoza,,500ml,0.64,46809
