soda.csv
id,date,city,lat,long,pop,shop,brand,container,capacity,price,quantity
1251,28/02/13,Patra,38.24444,21.73444,166301,shop_6,gazoza,glass,500ml,0.41,76120
2331,28/02/14,Patra,38.24444,21.73444,167242,shop_6,gazoza,glass,500ml,0.84,15292
3361,28/02/15,Patra,38.24444,21.73444,167001,shop_6,gazoza,glass,500ml,0.71,35653
5525,28/02/17,Patra,38.24444,21.73444,168501,shop_6,gazoza,glass,500ml,0.65,48715
6605,28/02/18,Patra,38.24444,21.73444,168034,shop_6,gazoza,glass,500ml,0.6,57216
121,29/02/12,Patra,38.24444,21.73444,164250,shop_6,gazoza,glass,500ml,0.6,46017
4440,29/02/16,Patra,38.24444,21.73444,168254,shop_6,gazoza,glass,500ml,0.67,43238
303,30/04/12,Patra,38.24444,21.73444,164250,shop_6,gazoza,glass,500ml,0.6,71100
1436,30/04/13,Patra,38.24444,21.73444,166301,shop_6,gazoza,glass,500ml,0.65,63159
2465,30/04/14,Patra,38.24444,21.73444,167242,shop_6,gazoza,glass,500ml,0.57,83920
3540,30/04/15,Patra,38.24444,21.73444,167001,shop_6,gazoza,glass,500ml,0.55,91516
4620,30/04/16,Patra,38.24444,21.73444,168254,shop_6,gazoza,glass,500ml,0.65,73644
5745,30/04/17,Patra,38.24444,21.73444,168501,shop_6,gazoza,glass,500ml,0.71,62409
6781,30/04/18,Patra,38.24444,21.73444,168034,shop_6,gazoza,glass,500ml,0.75,57559
480,30/06/12,Patra,38.24444,21.73444,164250,shop_6,gazoza,glass,500ml,0.45,144973
1561,30/06/13,Patra,38.24444,21.73444,166301,shop_6,gazoza,glass,500ml,0.57,108474
2644,30/06/14,Patra,38.24444,21.73444,167242,shop_6,gazoza,glass,500ml,0.63,95274
3722,30/06/15,Patra,38.24444,21.73444,167001,shop_6,gazoza,glass,500ml,0.62,102398
4801,30/06/16,Patra,38.24444,21.73444,168254,shop_6,gazoza,glass,500ml,0.65,96549
5876,30/06/17,Patra,38.24444,21.73444,168501,shop_6,gazoza,glass,500ml,0.73,77063
6964,30/06/18,Patra,38.24444,21.73444,168034,shop_6,gazoza,glass,500ml,0.86,44942
752,30/09/12,Patra,38.24444,21.73444,164250,shop_6,gazoza,glass,500ml,0.5,99073
1886,30/09/13,Patra,38.24444,21.73444,166301,shop_6,gazoza,glass,500ml,0.68,56416
2912,30/09/14,Patra,38.24444,21.73444,167242,shop_6,gazoza,glass,500ml,0.58,85406
5129,30/09/16,Patra,38.24444,21.73444,168254,shop_6,gazoza,glass,500ml,0.61,82527
7281,30/09/18,Patra,38.24444,21.73444,168034,shop_6,gazoza,glass,500ml,0.74,61026
935,30/11/12,Patra,38.24444,21.73444,164250,shop_6,gazoza,glass,500ml,0.53,63292
2012,30/11/13,Patra,38.24444,21.73444,166301,shop_6,gazoza,glass,500ml,0.62,49852
3093,30/11/14,Patra,38.24444,21.73444,167242,shop_6,gazoza,glass,500ml,0.66,45397
4172,30/11/15,Patra,38.24444,21.73444,167001,shop_6,gazoza,glass,500ml,0.49,75689
5256,30/11/16,Patra,38.24444,21.73444,168254,shop_6,gazoza,glass,500ml,0.77,33721
6377,30/11/17,Patra,38.24444,21.73444,168501,shop_6,gazoza,glass,500ml,0.74,40164
7411,30/11/18,Patra,38.24444,,168034,shop_6,gazoza,glass,500ml,0.68,51877
31,31/01/12,Patra,38.24444,21.73444,164250,shop_6,gazoza,glass,500ml,0.57,56428
1156,31/01/13,Patra,38.24444,21.73444,166301,shop_6,gazoza,glass,500ml,0.53,64460
2239,31/01/14,Patra,38.24444,21.73444,167242,shop_6,gazoza,glass,500ml,0.74,31848
3269,31/01/15,Patra,38.24444,21.73444,167001,shop_6,gazoza,glass,500ml,0.68,44982
4394,31/01/16,Patra,38.24444,21.73444,168254,shop_6,gazoza,glass,500ml,0.66,50260
5430,31/01/17,Patra,38.24444,21.73444,168501,shop_6,gazoza,glass,500ml,0.66,51523
6557,31/01/18,Patra,38.24444,21.73444,168034,shop_6,gazoza,glass,500ml,0.65,54806
212,31/03/12,Patra,38.24444,21.73444,164250,shop_6,gazoza,glass,500ml,0.63,47949
1294,31/03/13,Patra,38.24444,21.73444,166301,shop_6,gazoza,glass,500ml,0.54,66019
2375,31/03/14,Patra,38.24444,21.73444,167242,shop_6,gazoza,glass,500ml,0.71,39194
3454,31/03/15,Patra,38.24444,21.73444,167001,shop_6,gazoza,glass,500ml,0.74,35889
4532,31/03/16,Patra,38.24444,21.73444,168254,shop_6,gazoza,glass,500ml,0.58,65523
5612,31/03/17,Patra,38.24444,21.73444,168501,shop_6,gazoza,glass,500ml,0.69,50193
6739,31/03/18,Patra,38.24444,21.73444,168034,shop_6,gazoza,glass,500ml,0.59,67303
389,31/05/12,Patra,38.24444,21.73444,164250,shop_6,gazoza,glass,500ml,0.51,89074
1475,31/05/13,Patra,38.24444,21.73444,166301,shop_6,gazoza,glass,500ml,0.58,76522
2555,31/05/14,Patra,38.24444,21.73444,167242,shop_6,gazoza,glass,500ml,0.59,75547
3630,31/05/15,Patra,38.24444,21.73444,167001,shop_6,gazoza,glass,500ml,0.64,67864
4757,31/05/16,Patra,38.24444,21.73444,168254,shop_6,gazoza,glass,500ml,0.69,61157
5791,31/05/17,Patra,38.24444,21.73444,168501,shop_6,gazoza,glass,500ml,0.69,63218
6870,31/05/18,Patra,38.24444,21.73444,168034,shop_6,gazoza,glass,500ml,0.8,45353
574,31/07/12,Patra,38.24444,21.73444,164250,shop_6,gazoza,glass,500ml,0.52,118467
1649,31/07/13,Patra,38.24444,21.73444,166301,shop_6,gazoza,glass,500ml,0.53,120975
2732,31/07/14,Patra,38.24444,21.73444,167242,shop_6,gazoza,glass,500ml,0.64,89670
3856,31/07/15,Patra,38.24444,21.73444,167001,shop_6,gazoza,glass,500ml,0.64,94878
4889,31/07/16,Patra,38.24444,21.73444,168254,shop_6,gazoza,glass,500ml,0.71,77874
6017,31/07/17,Patra,38.24444,21.73444,168501,shop_6,gazoza,glass,500ml,0.68,91946
7054,31/07/18,Patra,38.24444,21.73444,168034,shop_6,gazoza,glass,500ml,0.78,65867
714,31/08/12,Patra,38.24444,21.73444,164250,shop_6,gazoza,glass,500ml,0.48,119943
1740,31/08/13,Patra,38.24444,21.73444,166301,shop_6,gazoza,glass,500ml,0.56,100261
2872,31/08/14,Patra,38.24444,21.73444,167242,shop_6,gazoza,glass,500ml,0.69,69679
3901,31/08/15,Patra,38.24444,21.73444,167001,shop_6,gazoza,glass,500ml,0.69,74009
4979,31/08/16,Patra,38.24444,21.73444,168254,shop_6,gazoza,glass,500ml,0.68,78413
6106,31/08/17,Patra,38.24444,21.73444,168501,shop_6,gazoza,glass,500ml,0.66,88528
7190,31/08/18,Patra,38.24444,21.73444,168034,shop_6,gazoza,glass,500ml,0.74,71114
845,31/10/12,Patra,38.24444,21.73444,164250,shop_6,gazoza,glass,500ml,0.5,71371
1968,31/10/13,Patra,38.24444,21.73444,166301,shop_6,gazoza,glass,500ml,0.58,59854
3002,31/10/14,Patra,38.24444,21.73444,167242,shop_6,gazoza,glass,500ml,0.61,57000
4080,31/10/15,Patra,38.24444,21.73444,167001,shop_6,gazoza,glass,500ml,0.61,59732
5163,31/10/16,Patra,38.24444,21.73444,168254,shop_6,gazoza,glass,500ml,0.73,41245
6245,31/10/17,Patra,38.24444,21.73444,168501,shop_6,gazoza,glass,500ml,0.77,38177
7324,31/10/18,Patra,38.24444,21.73444,168034,shop_6,gazoza,glass,500ml,0.7,51068
1067,31/12/12,Patra,38.24444,21.73444,164250,shop_6,gazoza,glass,500ml,0.58,55913
2102,31/12/13,Patra,38.24444,21.73444,166301,shop_6,gazoza,glass,500ml,0.62,50256
3223,31/12/14,Patra,38.24444,21.73444,167242,shop_6,gazoza,glass,500ml,0.46,80198
4261,31/12/15,Patra,38.24444,21.73444,167001,shop_6,gazoza,glass,500ml,0.61,57243
5388,31/12/16,Patra,38.24444,21.73444,168254,shop_6,gazoza,glass,500ml,0.71,43373
6421,31/12/17,Patra,38.24444,21.73444,168501,shop_6,gazoza,glass,500ml,0.76,37562
7500,31/12/18,Patra,38.24444,21.73444,168034,shop_6,gazoza,glass,500ml,0.76,39268
3995,30/09/15,Patra,38.24444,21.73444,167001,shop_6,gazoza,,500ml,0.73,53633
6155,30/09/17,Patra,38.24444,21.73444,168501,shop_6,gazoza,,500ml,0.65,76651
1213,28/02/13,Thessaloniki,40.64361,22.93086,347001,shop_4,gazoza,glass,500ml,0.66,23519
2293,28/02/14,Thessaloniki,40.64361,22.93086,349232,shop_4,gazoza,glass,500ml,0.62,28573
3373,28/02/15,Thessaloniki,40.64361,22.93086,351650,shop_4,gazoza,glass,500ml,0.65,26653
5538,28/02/17,Thessaloniki,40.64361,22.93086,353001,shop_4,gazoza,glass,500ml,0.65,29058
6616,28/02/18,Thessaloniki,40.64361,22.93086,354290,shop_4,gazoza,glass,500ml,0.59,35074
134,29/02/12,Thessaloniki,40.64361,22.93086,346502,shop_4,gazoza,glass,500ml,0.61,26542
4453,29/02/16,Thessaloniki,40.64361,22.93086,351702,shop_4,gazoza,glass,500ml,0.7,23956
317,30/04/12,Thessaloniki,40.64361,22.93086,346502,shop_4,gazoza,glass,500ml,0.56,66331
1395,30/04/13,Thessaloniki,40.64361,22.93086,347001,shop_4,gazoza,glass,500ml,0.59,63662
2479,30/04/14,Thessaloniki,40.64361,22.93086,349232,shop_4,gazoza,glass,500ml,0.47,88642
3550,30/04/15,Thessaloniki,40.64361,,351650,shop_4,gazoza,glass,500ml,0.61,65661
4634,30/04/16,Thessaloniki,40.64361,22.93086,351702,shop_4,gazoza,glass,500ml,0.68,55455
5714,30/04/17,Thessaloniki,40.64361,22.93086,353001,shop_4,gazoza,glass,500ml,0.73,48745
6795,30/04/18,Thessaloniki,40.64361,22.93086,354290,shop_4,gazoza,glass,500ml,0.87,27061
530,30/06/12,Thessaloniki,40.64361,22.93086,346502,shop_4,gazoza,glass,500ml,0.6,63280
1574,30/06/13,Thessaloniki,40.64361,22.93086,347001,shop_4,gazoza,glass,500ml,0.52,80759
2657,30/06/14,Thessaloniki,40.64361,22.93086,349232,shop_4,gazoza,glass,500ml,0.51,85715
3732,30/06/15,Thessaloniki,40.64361,22.93086,351650,shop_4,gazoza,glass,500ml,0.61,68413
5888,30/06/17,Thessaloniki,40.64361,22.93086,353001,shop_4,gazoza,glass,500ml,0.68,59074
7013,30/06/18,Thessaloniki,40.64361,22.93086,354290,shop_4,gazoza,glass,500ml,0.81,38282
766,30/09/12,Thessaloniki,40.64361,22.93086,346502,shop_4,gazoza,glass,500ml,0.61,51119
1846,30/09/13,Thessaloniki,40.64361,22.93086,347001,shop_4,gazoza,glass,500ml,0.57,59532
2926,30/09/14,Thessaloniki,40.64361,22.93086,349232,shop_4,gazoza,glass,500ml,0.69,41510
4006,30/09/15,Thessaloniki,40.64361,22.93086,351650,shop_4,gazoza,glass,500ml,0.71,40362
5081,30/09/16,Thessaloniki,40.64361,22.93086,351702,shop_4,gazoza,glass,500ml,0.57,66326
6167,30/09/17,Thessaloniki,40.64361,22.93086,353001,shop_4,gazoza,glass,500ml,0.58,66638
7239,30/09/18,Thessaloniki,40.64361,22.93086,354290,shop_4,gazoza,glass,500ml,0.76,40600
947,30/11/12,Thessaloniki,40.64361,22.93086,346502,shop_4,gazoza,glass,500ml,0.5,58307
2024,30/11/13,Thessaloniki,40.64361,22.93086,347001,shop_4,gazoza,glass,500ml,0.56,51616
3107,30/11/14,Thessaloniki,40.64361,22.93086,349232,shop_4,gazoza,glass,500ml,0.63,43159
4184,30/11/15,Thessaloniki,40.64361,22.93086,351650,shop_4,gazoza,glass,500ml,0.66,40801
5266,30/11/16,Thessaloniki,40.64361,22.93086,351702,shop_4,gazoza,glass,500ml,0.65,43737
6373,30/11/17,Thessaloniki,40.64361,22.93086,353001,shop_4,gazoza,glass,500ml,0.73,35457
7423,30/11/18,Thessaloniki,40.64361,22.93086,354290,shop_4,gazoza,glass,500ml,0.76,33272
82,31/01/12,Thessaloniki,40.64361,22.93086,346502,shop_4,gazoza,glass,500ml,0.56,39056
1163,31/01/13,Thessaloniki,40.64361,22.93086,347001,shop_4,gazoza,glass,500ml,0.63,33261
2204,31/01/14,Thessaloniki,40.64361,22.93086,349232,shop_4,gazoza,glass,500ml,0.47,52247
3282,31/01/15,Thessaloniki,40.64361,22.93086,351650,shop_4,gazoza,glass,500ml,0.67,31390
4362,31/01/16,Thessaloniki,40.64361,22.93086,351702,shop_4,gazoza,glass,500ml,0.7,29888
5442,31/01/17,Thessaloniki,40.64361,22.93086,353001,shop_4,gazoza,glass,500ml,0.81,20181
6521,31/01/18,Thessaloniki,40.64361,22.93086,354290,shop_4,gazoza,glass,500ml,0.66,37043
223,31/03/12,Thessaloniki,40.64361,22.93086,346502,shop_4,gazoza,glass,500ml,0.53,59663
1307,31/03/13,Thessaloniki,40.64361,22.93086,347001,shop_4,gazoza,glass,500ml,0.52,64389
2385,31/03/14,Thessaloniki,40.64361,22.93086,349232,shop_4,gazoza,glass,500ml,0.67,41815
3468,31/03/15,Thessaloniki,40.64361,22.93086,351650,shop_4,gazoza,glass,500ml,0.66,45372
4545,31/03/16,Thessaloniki,40.64361,22.93086,351702,shop_4,gazoza,glass,500ml,0.66,47626
5626,31/03/17,Thessaloniki,40.64361,22.93086,353001,shop_4,gazoza,glass,500ml,0.68,47726
6702,31/03/18,Thessaloniki,40.64361,22.93086,354290,shop_4,gazoza,glass,500ml,0.77,36412
403,31/05/12,Thessaloniki,40.64361,22.93086,346502,shop_4,gazoza,glass,500ml,0.61,52364
1488,31/05/13,Thessaloniki,40.64361,22.93086,347001,shop_4,gazoza,glass,500ml,0.66,45355
2568,31/05/14,Thessaloniki,40.64361,22.93086,349232,shop_4,gazoza,glass,500ml,0.5,75301
3644,31/05/15,Thessaloniki,40.64361,22.93086,351650,shop_4,gazoza,glass,500ml,0.59,62135
4753,31/05/16,Thessaloniki,40.64361,22.93086,351702,shop_4,gazoza,glass,500ml,0.77,34273
5804,31/05/17,Thessaloniki,40.64361,22.93086,353001,shop_4,gazoza,glass,500ml,0.63,59796
6883,31/05/18,Thessaloniki,40.64361,22.93086,354290,shop_4,gazoza,glass,500ml,0.74,44298
588,31/07/12,Thessaloniki,40.64361,22.93086,346502,shop_4,gazoza,glass,500ml,0.52,90780
1664,31/07/13,Thessaloniki,40.64361,22.93086,347001,shop_4,gazoza,glass,500ml,0.54,89189
2743,31/07/14,Thessaloniki,40.64361,22.93086,349232,shop_4,gazoza,glass,500ml,0.61,74450
3825,31/07/15,Thessaloniki,40.64361,22.93086,351650,shop_4,gazoza,glass,500ml,0.71,56069
4902,31/07/16,Thessaloniki,40.64361,22.93086,351702,shop_4,gazoza,glass,500ml,0.71,58236
5980,31/07/17,Thessaloniki,40.64361,22.93086,353001,shop_4,gazoza,glass,500ml,0.65,74875
7068,31/07/18,Thessaloniki,40.64361,22.93086,354290,shop_4,gazoza,glass,500ml,0.76,54326
670,31/08/12,Thessaloniki,40.64361,22.93086,346502,shop_4,gazoza,glass,500ml,0.63,60703
1753,31/08/13,Thessaloniki,40.64361,22.93086,347001,shop_4,gazoza,glass,500ml,0.57,79079
2874,31/08/14,Thessaloniki,40.64361,22.93086,349232,shop_4,gazoza,glass,500ml,0.52,90905
3914,31/08/15,Thessaloniki,40.64361,22.93086,351650,shop_4,gazoza,glass,500ml,0.61,75806
4993,31/08/16,Thessaloniki,40.64361,22.93086,351702,shop_4,gazoza,glass,500ml,0.72,55121
6073,31/08/17,Thessaloniki,40.64361,22.93086,353001,shop_4,gazoza,glass,500ml,0.71,60026
7150,31/08/18,Thessaloniki,40.64361,22.93086,354290,shop_4,gazoza,glass,500ml,0.74,56671
859,31/10/12,Thessaloniki,40.64361,22.93086,346502,shop_4,gazoza,glass,500ml,0.52,55524
1935,31/10/13,Thessaloniki,40.64361,22.93086,347001,shop_4,gazoza,glass,500ml,0.57,49977
3016,31/10/14,Thessaloniki,40.64361,22.93086,349232,shop_4,gazoza,glass,500ml,0.74,28529
4091,31/10/15,Thessaloniki,40.64361,22.93086,351650,shop_4,gazoza,glass,500ml,0.64,44777
5175,31/10/16,Thessaloniki,40.64361,22.93086,351702,shop_4,gazoza,glass,500ml,0.67,42318
6256,31/10/17,Thessaloniki,40.64361,22.93086,353001,shop_4,gazoza,glass,500ml,0.66,45631
7335,31/10/18,Thessaloniki,40.64361,22.93086,354290,shop_4,gazoza,glass,500ml,0.69,43412
1034,31/12/12,Thessaloniki,40.64361,22.93086,346502,shop_4,gazoza,glass,500ml,0.59,50951
2151,31/12/13,Thessaloniki,40.64361,22.93086,347001,shop_4,gazoza,glass,500ml,0.74,28931
3192,31/12/14,Thessaloniki,40.64361,22.93086,349232,shop_4,gazoza,glass,500ml,0.56,60250
4276,31/12/15,Thessaloniki,40.64361,22.93086,351650,shop_4,gazoza,glass,500ml,0.49,73238
5398,31/12/16,Thessaloniki,40.64361,22.93086,351702,shop_4,gazoza,glass,500ml,0.73,38536
6432,31/12/17,Thessaloniki,40.64361,22.93086,353001,shop_4,gazoza,glass,500ml,0.67,49203
7512,31/12/18,Thessaloniki,40.64361,22.93086,354290,shop_4,gazoza,glass,500ml,0.7,46670
