soda.csv
id,date,city,lat,long,pop,shop,brand,container,capacity,price,quantity
1219,28/02/13,Athens,37.96245,23.68708,671022,shop_3,kinder-cola,plastic,1.5lt,3.54,3396
2334,28/02/14,Athens,37.96245,23.68708,668203,shop_3,kinder-cola,plastic,1.5lt,1.8,6314
3380,28/02/15,Athens,37.96245,23.68708,667237,shop_3,kinder-cola,plastic,1.5lt,1.85,6298
5544,28/02/17,Athens,37.96245,23.68708,665871,shop_3,kinder-cola,plastic,1.5lt,4.11,3010
6621,28/02/18,Athens,37.96245,23.68708,664046,shop_3,kinder-cola,plastic,1.5lt,3.85,3523
140,29/02/12,Athens,37.96245,23.68708,672130,shop_3,kinder-cola,plastic,1.5lt,2.89,4359
4459,29/02/16,Athens,37.96245,23.68708,665102,shop_3,kinder-cola,plastic,1.5lt,2.95,4671
324,30/04/12,Athens,37.96245,23.68708,672130,shop_3,kinder-cola,plastic,1.5lt,2.8,9279
1402,30/04/13,Athens,37.96245,23.68708,671022,shop_3,kinder-cola,plastic,1.5lt,3.74,6330
2486,30/04/14,Athens,37.96245,23.68708,668203,shop_3,kinder-cola,plastic,1.5lt,3.37,7835
3555,30/04/15,Athens,37.96245,23.68708,667237,shop_3,kinder-cola,plastic,1.5lt,3.53,7546
4641,30/04/16,Athens,37.96245,23.68708,665102,shop_3,kinder-cola,plastic,1.5lt,2.26,11779
5742,30/04/17,Athens,37.96245,23.68708,665871,shop_3,kinder-cola,plastic,1.5lt,3.76,7296
6801,30/04/18,Athens,37.96245,23.68708,664046,shop_3,kinder-cola,plastic,1.5lt,1.3,14974
498,30/06/12,Athens,37.96245,23.68708,672130,shop_3,kinder-cola,plastic,1.5lt,3.45,8156
1619,30/06/13,Athens,37.96245,23.68708,671022,shop_3,kinder-cola,plastic,1.5lt,3.1,9808
2664,30/06/14,Athens,37.96245,23.68708,668203,shop_3,kinder-cola,plastic,1.5lt,2.2,13503
3738,30/06/15,Athens,,,667237,shop_3,kinder-cola,plastic,1.5lt,0.54,19866
4855,30/06/16,Athens,37.96245,23.68708,665102,shop_3,kinder-cola,plastic,1.5lt,4.33,6087
5892,30/06/17,Athens,37.96245,23.68708,665871,shop_3,kinder-cola,plastic,1.5lt,3.03,11045
6978,30/06/18,Athens,37.96245,23.68708,664046,shop_3,kinder-cola,plastic,1.5lt,4.32,6735
806,30/09/12,Athens,37.96245,23.68708,672130,shop_3,kinder-cola,plastic,1.5lt,3.53,5762
1853,30/09/13,Athens,37.96245,23.68708,671022,shop_3,kinder-cola,plastic,1.5lt,2.08,10115
2933,30/09/14,Athens,37.96245,23.68708,668203,shop_3,kinder-cola,plastic,1.5lt,1.97,10542
4036,30/09/15,Athens,37.96245,23.68708,667237,shop_3,kinder-cola,plastic,1.5lt,3.8,5652
5086,30/09/16,Athens,37.96245,23.68708,665102,shop_3,kinder-cola,plastic,1.5lt,3.33,7129
6173,30/09/17,Athens,37.96245,23.68708,665871,shop_3,kinder-cola,plastic,1.5lt,3.22,7596
7285,30/09/18,Athens,37.96245,23.68708,664046,shop_3,kinder-cola,plastic,1.5lt,2.98,8390
953,30/11/12,Athens,37.96245,23.68708,672130,shop_3,kinder-cola,plastic,1.5lt,2.6,7695
2029,30/11/13,Athens,37.96245,23.68708,671022,shop_3,kinder-cola,plastic,1.5lt,3.74,4885
3114,30/11/14,Athens,37.96245,23.68708,668203,shop_3,kinder-cola,plastic,1.5lt,2.73,7659
4188,30/11/15,Athens,37.96245,23.68708,667237,shop_3,kinder-cola,plastic,1.5lt,3.6,5645
5272,30/11/16,Athens,37.96245,23.68708,665102,shop_3,kinder-cola,plastic,1.5lt,1.6,10704
6348,30/11/17,Athens,37.96245,23.68708,665871,shop_3,kinder-cola,plastic,1.5lt,2.11,9576
7430,30/11/18,Athens,37.96245,23.68708,664046,shop_3,kinder-cola,plastic,1.5lt,4.53,4017
46,31/01/12,Athens,37.96245,23.68708,672130,shop_3,kinder-cola,plastic,1.5lt,3.21,5630
1133,31/01/13,Athens,37.96245,23.68708,671022,shop_3,kinder-cola,plastic,1.5lt,1.77,9271
2237,31/01/14,Athens,37.96245,23.68708,668203,shop_3,kinder-cola,plastic,1.5lt,2.87,6772
3289,31/01/15,Athens,37.96245,23.68708,667237,shop_3,kinder-cola,plastic,1.5lt,2.47,7852
4368,31/01/16,Athens,37.96245,23.68708,665102,shop_3,kinder-cola,plastic,1.5lt,3.38,5903
5449,31/01/17,Athens,37.96245,23.68708,665871,shop_3,kinder-cola,plastic,1.5lt,4.01,4678
6527,31/01/18,Athens,37.96245,23.68708,664046,shop_3,kinder-cola,plastic,1.5lt,3.28,6437
229,31/03/12,Athens,37.96245,23.68708,672130,shop_3,kinder-cola,plastic,1.5lt,3.67,5045
1314,31/03/13,Athens,37.96245,23.68708,671022,shop_3,kinder-cola,plastic,1.5lt,2.15,9351
2390,31/03/14,Athens,37.96245,23.68708,668203,shop_3,kinder-cola,plastic,1.5lt,3.2,6720
3475,31/03/15,Athens,37.96245,23.68708,667237,shop_3,kinder-cola,plastic,1.5lt,1.72,10701
4550,31/03/16,Athens,37.96245,23.68708,665102,shop_3,kinder-cola,plastic,1.5lt,3.25,6935
5658,31/03/17,Athens,37.96245,23.68708,665871,shop_3,kinder-cola,plastic,1.5lt,2.55,8814
6707,31/03/18,Athens,37.96245,23.68708,664046,shop_3,kinder-cola,plastic,1.5lt,4.41,4435
410,31/05/12,Athens,37.96245,23.68708,672130,shop_3,kinder-cola,plastic,1.5lt,3.14,9988
1494,31/05/13,Athens,37.96245,23.68708,671022,shop_3,kinder-cola,plastic,1.5lt,2.98,10936
2573,31/05/14,Athens,37.96245,23.68708,668203,shop_3,kinder-cola,plastic,1.5lt,2.57,12861
3651,31/05/15,Athens,37.96245,23.68708,667237,shop_3,kinder-cola,plastic,1.5lt,2.53,13262
4723,31/05/16,Athens,37.96245,23.68708,665102,shop_3,kinder-cola,plastic,1.5lt,3.72,8851
5808,31/05/17,Athens,37.96245,23.68708,665871,shop_3,kinder-cola,plastic,1.5lt,3.71,9163
6929,31/05/18,Athens,37.96245,23.68708,664046,shop_3,kinder-cola,plastic,1.5lt,2.23,14961
594,31/07/12,Athens,37.96245,23.68708,672130,shop_3,kinder-cola,plastic,1.5lt,3.4,9206
1707,31/07/13,Athens,37.96245,23.68708,671022,shop_3,kinder-cola,plastic,1.5lt,1.93,15829
2749,31/07/14,Athens,37.96245,23.68708,668203,shop_3,kinder-cola,plastic,1.5lt,3.38,9939
3864,31/07/15,Athens,37.96245,23.68708,667237,shop_3,kinder-cola,plastic,1.5lt,1.9,16330
4909,31/07/16,Athens,37.96245,23.68708,665102,shop_3,kinder-cola,plastic,1.5lt,3.44,10290
5986,31/07/17,Athens,37.96245,23.68708,665871,shop_3,kinder-cola,plastic,1.5lt,2.14,15692
7074,31/07/18,Athens,37.96245,23.68708,664046,shop_3,kinder-cola,plastic,1.5lt,4.79,5608
676,31/08/12,Athens,37.96245,23.68708,672130,shop_3,kinder-cola,plastic,1.5lt,2.73,11373
1757,31/08/13,Athens,37.96245,23.68708,671022,shop_3,kinder-cola,plastic,1.5lt,2.97,10622
2838,31/08/14,Athens,37.96245,23.68708,668203,shop_3,kinder-cola,plastic,1.5lt,3.03,10641
3920,31/08/15,Athens,37.96245,23.68708,667237,shop_3,kinder-cola,plastic,1.5lt,1.4,17167
4998,31/08/16,Athens,37.96245,23.68708,665102,shop_3,kinder-cola,plastic,1.5lt,3.84,8111
6099,31/08/17,Athens,37.96245,23.68708,665871,shop_3,kinder-cola,plastic,1.5lt,2.9,11850
7156,31/08/18,Athens,37.96245,23.68708,664046,shop_3,kinder-cola,plastic,1.5lt,4.11,7702
866,31/10/12,Athens,37.96245,23.68708,672130,shop_3,kinder-cola,plastic,1.5lt,3.92,4722
1940,31/10/13,Athens,37.96245,23.68708,671022,shop_3,kinder-cola,plastic,1.5lt,3.75,5470
3023,31/10/14,Athens,37.96245,23.68708,668203,shop_3,kinder-cola,plastic,1.5lt,3.14,7444
4098,31/10/15,Athens,37.96245,23.68708,667237,shop_3,kinder-cola,plastic,1.5lt,2.34,9888
5179,31/10/16,Athens,37.96245,23.68708,665102,shop_3,kinder-cola,plastic,1.5lt,3.4,7114
6261,31/10/17,Athens,37.96245,23.68708,665871,shop_3,kinder-cola,plastic,1.5lt,2.32,10197
7341,31/10/18,Athens,37.96245,23.68708,664046,shop_3,kinder-cola,plastic,1.5lt,1.83,11606
1041,31/12/12,Athens,37.96245,23.68708,672130,shop_3,kinder-cola,plastic,1.5lt,2.39,8705
2121,31/12/13,Athens,37.96245,23.68708,671022,shop_3,kinder-cola,plastic,1.5lt,3.06,7005
3196,31/12/14,Athens,37.96245,23.68708,668203,shop_3,kinder-cola,plastic,1.5lt,2.26,9322
4281,31/12/15,Athens,37.96245,23.68708,667237,shop_3,kinder-cola,plastic,1.5lt,3.58,6005
5362,31/12/16,Athens,37.96245,23.68708,665102,shop_3,kinder-cola,plastic,1.5lt,3.7,5877
6438,31/12/17,Athens,37.96245,23.68708,665871,shop_3,kinder-cola,plastic,1.5lt,4.03,5259
7554,31/12/18,Athens,37.96245,23.68708,664046,shop_3,kinder-cola,plastic,1.5lt,1.91,10670
1250,28/02/13,Athens,37.97945,23.71622,671022,shop_1,kinder-cola,plastic,1.5lt,2.66,7921
2250,28/02/14,Athens,37.97945,23.71622,668203,shop_1,kinder-cola,plastic,1.5lt,3.14,6808
3331,28/02/15,Athens,37.97945,23.71622,667237,shop_1,kinder-cola,plastic,1.5lt,1.87,10253
5491,28/02/17,Athens,37.97945,23.71622,665871,shop_1,kinder-cola,plastic,1.5lt,2.63,8563
6571,28/02/18,Athens,37.97945,23.71622,664046,shop_1,kinder-cola,plastic,1.5lt,4.02,5357
91,29/02/12,Athens,37.97945,23.71622,672130,shop_1,kinder-cola,plastic,1.5lt,2.9,7114
4411,29/02/16,Athens,37.97945,23.71622,665102,shop_1,kinder-cola,plastic,1.5lt,3.75,5624
271,30/04/12,Athens,37.97945,23.71622,672130,shop_1,kinder-cola,plastic,1.5lt,3.53,9002
1350,30/04/13,Athens,37.97945,23.71622,671022,shop_1,kinder-cola,plastic,1.5lt,2.97,11883
2431,30/04/14,Athens,37.97945,23.71622,668203,shop_1,kinder-cola,plastic,1.5lt,3,12025
3511,30/04/15,Athens,37.97945,23.71622,667237,shop_1,kinder-cola,plastic,1.5lt,3.03,12169
4590,30/04/16,Athens,37.97945,23.71622,665102,shop_1,kinder-cola,plastic,1.5lt,2.39,15127
5671,30/04/17,Athens,37.97945,23.71622,665871,shop_1,kinder-cola,plastic,1.5lt,3.55,10557
6750,30/04/18,Athens,37.97945,23.71622,664046,shop_1,kinder-cola,plastic,1.5lt,2.34,15720
529,30/06/12,Athens,37.97945,23.71622,672130,shop_1,kinder-cola,plastic,1.5lt,3.81,8949
1608,30/06/13,Athens,37.97945,23.71622,671022,shop_1,kinder-cola,plastic,1.5lt,2.33,17075
2611,30/06/14,Athens,37.97945,23.71622,668203,shop_1,kinder-cola,plastic,1.5lt,3.13,13271
3691,30/06/15,Athens,37.97945,23.71622,667237,shop_1,kinder-cola,plastic,1.5lt,3.4,12306
4771,30/06/16,Athens,37.97945,23.71622,665102,shop_1,kinder-cola,plastic,1.5lt,2.8,15571
5851,30/06/17,Athens,37.97945,23.71622,665871,shop_1,kinder-cola,plastic,1.5lt,3.32,13350
6931,30/06/18,Athens,37.97945,23.71622,664046,shop_1,kinder-cola,plastic,1.5lt,2.01,19783
721,30/09/12,Athens,37.97945,23.71622,672130,shop_1,kinder-cola,plastic,1.5lt,2.9,12141
1801,30/09/13,Athens,37.97945,23.71622,671022,shop_1,kinder-cola,plastic,1.5lt,3.2,11065
2881,30/09/14,Athens,37.97945,23.71622,668203,shop_1,kinder-cola,plastic,1.5lt,3.31,10886
3960,30/09/15,Athens,37.97945,23.71622,667237,shop_1,kinder-cola,plastic,1.5lt,2.01,16859
5041,30/09/16,Athens,37.97945,23.71622,665102,shop_1,kinder-cola,plastic,1.5lt,1.94,17348
6120,30/09/17,Athens,37.97945,23.71622,665871,shop_1,kinder-cola,plastic,1.5lt,3.31,11777
7200,30/09/18,Athens,37.97945,23.71622,664046,shop_1,kinder-cola,plastic,1.5lt,4.27,8110
901,30/11/12,Athens,37.97945,23.71622,672130,shop_1,kinder-cola,plastic,1.5lt,3.63,6213
1980,30/11/13,Athens,37.97945,23.71622,671022,shop_1,kinder-cola,plastic,1.5lt,2.74,9353
3061,30/11/14,Athens,37.97945,23.71622,668203,shop_1,kinder-cola,plastic,1.5lt,2.66,9800
4141,30/11/15,Athens,37.97945,23.71622,667237,shop_1,kinder-cola,plastic,1.5lt,3.14,8494
6301,30/11/17,Athens,37.97945,23.71622,665871,shop_1,kinder-cola,plastic,1.5lt,3.68,7278
7381,30/11/18,Athens,37.97945,23.71622,664046,shop_1,kinder-cola,plastic,1.5lt,1.88,12756
1,31/01/12,Athens,37.97945,23.71622,672130,shop_1,kinder-cola,plastic,1.5lt,2.86,6727
1081,31/01/13,Athens,37.97945,23.71622,671022,shop_1,kinder-cola,plastic,1.5lt,2.47,7861
2161,31/01/14,Athens,37.97945,23.71622,668203,shop_1,kinder-cola,plastic,1.5lt,1.95,9263
3240,31/01/15,Athens,37.97945,23.71622,667237,shop_1,kinder-cola,plastic,1.5lt,4.26,3841
4320,31/01/16,Athens,37.97945,23.71622,665102,shop_1,kinder-cola,plastic,1.5lt,2.71,7683
5401,31/01/17,Athens,37.97945,23.71622,665871,shop_1,kinder-cola,plastic,1.5lt,3.62,5725
6480,31/01/18,Athens,37.97945,23.71622,664046,shop_1,kinder-cola,plastic,1.5lt,3.1,7056
181,31/03/12,Athens,37.97945,23.71622,672130,shop_1,kinder-cola,plastic,1.5lt,2.87,10955
1261,31/03/13,Athens,37.97945,23.71622,671022,shop_1,kinder-cola,plastic,1.5lt,2.4,13149
2340,31/03/14,Athens,37.97945,23.71622,668203,shop_1,kinder-cola,plastic,1.5lt,2.22,14098
3421,31/03/15,Athens,37.97945,23.71622,667237,shop_1,kinder-cola,plastic,1.5lt,2.26,14100
4501,31/03/16,Athens,37.97945,23.71622,665102,shop_1,kinder-cola,plastic,1.5lt,3.84,8231
5581,31/03/17,Athens,37.97945,23.71622,665871,shop_1,kinder-cola,plastic,1.5lt,4.54,5909
6660,31/03/18,Athens,37.97945,23.71622,664046,shop_1,kinder-cola,plastic,1.5lt,2.87,12403
361,31/05/12,Athens,37.97945,23.71622,672130,shop_1,kinder-cola,plastic,1.5lt,2.75,14585
1441,31/05/13,Athens,37.97945,23.71622,671022,shop_1,kinder-cola,plastic,1.5lt,2.99,13658
2521,31/05/14,Athens,37.97945,23.71622,668203,shop_1,kinder-cola,plastic,1.5lt,3.18,13033
3601,31/05/15,Athens,37.97945,23.71622,667237,shop_1,kinder-cola,plastic,1.5lt,2.7,15762
4767,31/05/16,Athens,37.97945,23.71622,665102,shop_1,kinder-cola,plastic,1.5lt,2.27,18116
5837,31/05/17,Athens,37.97945,23.71622,665871,shop_1,kinder-cola,plastic,1.5lt,3.76,11234
6840,31/05/18,Athens,37.97945,,664046,shop_1,kinder-cola,plastic,1.5lt,3.3,13753
541,31/07/12,Athens,37.97945,23.71622,672130,shop_1,kinder-cola,plastic,1.5lt,2.36,19372
1708,31/07/13,Athens,37.97945,23.71622,671022,shop_1,kinder-cola,plastic,1.5lt,3.18,14702
2701,31/07/14,Athens,37.97945,23.71622,668203,shop_1,kinder-cola,plastic,1.5lt,3.54,13033
3781,31/07/15,Athens,37.97945,23.71622,667237,shop_1,kinder-cola,plastic,1.5lt,3.02,16467
4861,31/07/16,Athens,37.97945,23.71622,665102,shop_1,kinder-cola,plastic,1.5lt,2.14,21809
5941,31/07/17,Athens,37.97945,23.71622,665871,shop_1,kinder-cola,plastic,1.5lt,3.27,15790
7021,31/07/18,Athens,37.97945,23.71622,664046,shop_1,kinder-cola,plastic,1.5lt,3.42,15326
704,31/08/12,Athens,37.97945,23.71622,672130,shop_1,kinder-cola,plastic,1.5lt,3.63,11100
1783,31/08/13,Athens,37.97945,23.71622,671022,shop_1,kinder-cola,plastic,1.5lt,3,15264
2879,31/08/14,Athens,37.97945,23.71622,668203,shop_1,kinder-cola,plastic,1.5lt,1.19,25920
3871,31/08/15,Athens,37.97945,23.71622,667237,shop_1,kinder-cola,plastic,1.5lt,2.56,18413
5029,31/08/16,Athens,37.97945,23.71622,665102,shop_1,kinder-cola,plastic,1.5lt,3.61,12991
6030,31/08/17,Athens,37.97945,23.71622,665871,shop_1,kinder-cola,plastic,1.5lt,4.28,9788
7188,31/08/18,Athens,37.97945,23.71622,664046,shop_1,kinder-cola,plastic,1.5lt,2.66,18741
811,31/10/12,Athens,37.97945,23.71622,672130,shop_1,kinder-cola,plastic,1.5lt,3.42,7398
1979,31/10/13,Athens,37.97945,23.71622,671022,shop_1,kinder-cola,plastic,1.5lt,2.43,11129
2970,31/10/14,Athens,37.97945,23.71622,668203,shop_1,kinder-cola,plastic,1.5lt,3.28,8408
4051,31/10/15,Athens,37.97945,23.71622,667237,shop_1,kinder-cola,plastic,1.5lt,3.9,6568
5131,31/10/16,Athens,37.97945,23.71622,665102,shop_1,kinder-cola,plastic,1.5lt,2.49,11455
6211,31/10/17,Athens,37.97945,23.71622,665871,shop_1,kinder-cola,plastic,1.5lt,3.35,8857
7291,31/10/18,Athens,37.97945,23.71622,664046,shop_1,kinder-cola,plastic,1.5lt,1.94,13499
991,31/12/12,Athens,37.97945,23.71622,672130,shop_1,kinder-cola,plastic,1.5lt,3.85,6914
2071,31/12/13,Athens,37.97945,23.71622,671022,shop_1,kinder-cola,plastic,1.5lt,2,14898
3151,31/12/14,Athens,37.97945,23.71622,668203,shop_1,kinder-cola,plastic,1.5lt,2.46,13190
4231,31/12/15,Athens,37.97945,23.71622,667237,shop_1,kinder-cola,plastic,1.5lt,3.04,11120
5311,31/12/16,Athens,37.97945,23.71622,665102,shop_1,kinder-cola,plastic,1.5lt,2.78,12388
6391,31/12/17,Athens,37.97945,23.71622,665871,shop_1,kinder-cola,plastic,1.5lt,4.24,7092
7555,31/12/18,Athens,37.97945,23.71622,664046,shop_1,kinder-cola,plastic,1.5lt,2.52,13760
