soda.csv
id,date,city,lat,long,pop,shop,brand,container,capacity,price,quantity
1182,28/02/13,Irakleion,35.32787,25.14341,135432,shop_2,kinder-cola,plastic,1.5lt,2.61,8891
2328,28/02/14,Irakleion,35.32787,25.14341,136202,shop_2,kinder-cola,plastic,1.5lt,3.18,7411
3343,28/02/15,Irakleion,35.32787,25.14341,138560,shop_2,kinder-cola,plastic,1.5lt,3.66,6238
5503,28/02/17,Irakleion,35.32787,25.14341,138200,shop_2,kinder-cola,plastic,1.5lt,2.82,8939
6585,28/02/18,Irakleion,35.32787,25.14341,137154,shop_2,kinder-cola,plastic,1.5lt,2.82,9104
103,29/02/12,Irakleion,35.32787,25.14341,134219,shop_2,kinder-cola,plastic,1.5lt,2.34,9527
4422,29/02/16,Irakleion,35.32787,25.14341,137302,shop_2,kinder-cola,plastic,1.5lt,3.5,6910
285,30/04/12,Irakleion,35.32787,25.14341,134219,shop_2,kinder-cola,plastic,1.5lt,3.3,11857
1364,30/04/13,Irakleion,35.32787,25.14341,135432,shop_2,kinder-cola,plastic,1.5lt,3.76,9783
2446,30/04/14,Irakleion,35.32787,25.14341,136202,shop_2,kinder-cola,plastic,1.5lt,1.77,20481
3524,30/04/15,Irakleion,35.32787,25.14341,138560,shop_2,kinder-cola,plastic,1.5lt,3.22,13365
4601,30/04/16,Irakleion,35.32787,25.14341,137302,shop_2,kinder-cola,plastic,1.5lt,2.96,14967
5681,30/04/17,Irakleion,35.32787,25.14341,138200,shop_2,kinder-cola,plastic,1.5lt,2.97,15210
6762,30/04/18,Irakleion,35.32787,25.14341,137154,shop_2,kinder-cola,plastic,1.5lt,2.87,15989
460,30/06/12,Irakleion,35.32787,25.14341,134219,shop_2,kinder-cola,plastic,1.5lt,3.46,12345
1542,30/06/13,Irakleion,35.32787,25.14341,135432,shop_2,kinder-cola,plastic,1.5lt,2.81,16680
2625,30/06/14,Irakleion,35.32787,25.14341,136202,shop_2,kinder-cola,plastic,1.5lt,2.71,17623
3706,30/06/15,Irakleion,35.32787,25.14341,138560,shop_2,kinder-cola,plastic,1.5lt,3.39,14073
4784,30/06/16,Irakleion,35.32787,25.14341,137302,shop_2,kinder-cola,plastic,1.5lt,3.3,14989
5936,30/06/17,Irakleion,35.32787,25.14341,138200,shop_2,kinder-cola,plastic,1.5lt,2.78,18189
6944,30/06/18,Irakleion,35.32787,25.14341,137154,shop_2,kinder-cola,plastic,1.5lt,2.37,20697
735,30/09/12,Irakleion,35.32787,25.14341,134219,shop_2,kinder-cola,plastic,1.5lt,2.78,13776
1812,30/09/13,Irakleion,35.32787,25.14341,135432,shop_2,kinder-cola,plastic,1.5lt,3.8,9023
2965,30/09/14,Irakleion,35.32787,25.14341,136202,shop_2,kinder-cola,plastic,1.5lt,3.21,12293
3972,30/09/15,Irakleion,35.32787,25.14341,138560,shop_2,kinder-cola,plastic,1.5lt,2.88,14182
5051,30/09/16,Irakleion,35.32787,25.14341,137302,shop_2,kinder-cola,plastic,1.5lt,1.92,18914
6134,30/09/17,Irakleion,35.32787,25.14341,138200,shop_2,kinder-cola,plastic,1.5lt,2.84,14901
7209,30/09/18,Irakleion,35.32787,25.14341,137154,shop_2,kinder-cola,plastic,1.5lt,3.42,12598
914,30/11/12,Irakleion,35.32787,25.14341,134219,shop_2,kinder-cola,plastic,1.5lt,3.88,6723
1991,30/11/13,Irakleion,35.32787,25.14341,135432,shop_2,kinder-cola,plastic,1.5lt,2.43,12954
3071,30/11/14,Irakleion,35.32787,25.14341,136202,shop_2,kinder-cola,plastic,1.5lt,2.03,14750
4151,30/11/15,Irakleion,35.32787,25.14341,138560,shop_2,kinder-cola,plastic,1.5lt,2.94,11387
5236,30/11/16,Irakleion,35.32787,25.14341,137302,shop_2,kinder-cola,plastic,1.5lt,3.4,9859
6380,30/11/17,Irakleion,35.32787,25.14341,138200,shop_2,kinder-cola,plastic,1.5lt,3,11628
7394,30/11/18,Irakleion,35.32787,25.14341,137154,shop_2,kinder-cola,plastic,1.5lt,3.21,11064
12,31/01/12,Irakleion,35.32787,25.14341,134219,shop_2,kinder-cola,plastic,1.5lt,1.62,15073
1096,31/01/13,Irakleion,35.32787,25.14341,135432,shop_2,kinder-cola,plastic,1.5lt,4.02,6082
2174,31/01/14,Irakleion,35.32787,25.14341,136202,shop_2,kinder-cola,plastic,1.5lt,3.09,9874
3323,31/01/15,Irakleion,35.32787,25.14341,138560,shop_2,kinder-cola,plastic,1.5lt,2.68,11627
4334,31/01/16,Irakleion,35.32787,25.14341,137302,shop_2,kinder-cola,plastic,1.5lt,3.24,9823
5412,31/01/17,Irakleion,35.32787,25.14341,138200,shop_2,kinder-cola,plastic,1.5lt,3.12,10481
6492,31/01/18,Irakleion,35.32787,25.14341,137154,shop_2,kinder-cola,plastic,1.5lt,3.19,10458
190,31/03/12,Irakleion,35.32787,25.14341,134219,shop_2,kinder-cola,plastic,1.5lt,2.72,11422
1274,31/03/13,Irakleion,35.32787,25.14341,135432,shop_2,kinder-cola,plastic,1.5lt,2.86,11093
2355,31/03/14,Irakleion,35.32787,25.14341,136202,shop_2,kinder-cola,plastic,1.5lt,3.35,9418
3436,31/03/15,Irakleion,35.32787,25.14341,138560,shop_2,kinder-cola,plastic,1.5lt,3.23,10145
4582,31/03/16,Irakleion,35.32787,25.14341,137302,shop_2,kinder-cola,plastic,1.5lt,3.35,9952
5593,31/03/17,Irakleion,35.32787,25.14341,138200,shop_2,kinder-cola,plastic,1.5lt,2.87,11986
6672,31/03/18,Irakleion,35.32787,25.14341,137154,shop_2,kinder-cola,plastic,1.5lt,2.48,13624
442,31/05/12,Irakleion,35.32787,25.14341,134219,shop_2,kinder-cola,plastic,1.5lt,2.49,18026
1453,31/05/13,Irakleion,35.32787,25.14341,135432,shop_2,kinder-cola,plastic,1.5lt,3.77,10871
2536,31/05/14,Irakleion,35.32787,25.14341,136202,shop_2,kinder-cola,plastic,1.5lt,2.88,16453
3683,31/05/15,Irakleion,35.32787,25.14341,138560,shop_2,kinder-cola,plastic,1.5lt,3.09,15611
4746,31/05/16,Irakleion,35.32787,25.14341,137302,shop_2,kinder-cola,plastic,1.5lt,2.85,17282
5772,31/05/17,Irakleion,35.32787,25.14341,138200,shop_2,kinder-cola,plastic,1.5lt,2.2,21109
6924,31/05/18,Irakleion,35.32787,25.14341,137154,shop_2,kinder-cola,plastic,1.5lt,3.62,13831
553,31/07/12,Irakleion,35.32787,25.14341,134219,shop_2,kinder-cola,plastic,1.5lt,3.17,17780
1630,31/07/13,Irakleion,35.32787,25.14341,135432,shop_2,kinder-cola,plastic,1.5lt,2.8,21121
2780,31/07/14,Irakleion,35.32787,25.14341,136202,shop_2,kinder-cola,plastic,1.5lt,4.14,11719
3793,31/07/15,Irakleion,35.32787,25.14341,138560,shop_2,kinder-cola,plastic,1.5lt,3.38,17852
4945,31/07/16,Irakleion,35.32787,25.14341,137302,shop_2,kinder-cola,plastic,1.5lt,2.24,26296
6012,31/07/17,Irakleion,35.32787,25.14341,138200,shop_2,kinder-cola,plastic,1.5lt,3.5,17945
7034,31/07/18,Irakleion,35.32787,25.14341,137154,shop_2,kinder-cola,plastic,1.5lt,1.54,31617
639,31/08/12,Irakleion,35.32787,25.14341,134219,shop_2,kinder-cola,plastic,1.5lt,3.52,12146
1723,31/08/13,Irakleion,35.32787,25.14341,135432,shop_2,kinder-cola,plastic,1.5lt,2.37,19538
2867,31/08/14,Irakleion,35.32787,25.14341,136202,shop_2,kinder-cola,plastic,1.5lt,3.41,13717
3950,31/08/15,Irakleion,35.32787,25.14341,138560,shop_2,kinder-cola,plastic,1.5lt,3,16506
4960,31/08/16,Irakleion,35.32787,25.14341,137302,shop_2,kinder-cola,plastic,1.5lt,2.71,18509
6108,31/08/17,Irakleion,35.32787,25.14341,138200,shop_2,kinder-cola,plastic,1.5lt,2.83,18161
7194,31/08/18,Irakleion,35.32787,25.14341,137154,shop_2,kinder-cola,plastic,1.5lt,3.01,17501
824,31/10/12,Irakleion,35.32787,25.14341,134219,shop_2,kinder-cola,plastic,1.5lt,3.42,9484
1903,31/10/13,Irakleion,35.32787,25.14341,135432,shop_2,kinder-cola,plastic,1.5lt,2.26,14978
3054,31/10/14,Irakleion,35.32787,25.14341,136202,shop_2,kinder-cola,plastic,1.5lt,2.51,14091
4062,31/10/15,Irakleion,35.32787,25.14341,138560,shop_2,kinder-cola,plastic,1.5lt,3.28,11063
5143,31/10/16,Irakleion,,,137302,shop_2,kinder-cola,plastic,1.5lt,3.38,10918
6224,31/10/17,Irakleion,35.32787,25.14341,138200,shop_2,kinder-cola,plastic,1.5lt,3.57,10402
7305,31/10/18,Irakleion,35.32787,25.14341,137154,shop_2,kinder-cola,plastic,1.5lt,2.49,15036
1004,31/12/12,Irakleion,35.32787,25.14341,134219,shop_2,kinder-cola,plastic,1.5lt,3.24,11276
2082,31/12/13,Irakleion,35.32787,25.14341,135432,shop_2,kinder-cola,plastic,1.5lt,3.52,10273
3162,31/12/14,Irakleion,35.32787,25.14341,136202,shop_2,kinder-cola,plastic,1.5lt,1.96,18099
4314,31/12/15,Irakleion,35.32787,25.14341,138560,shop_2,kinder-cola,plastic,1.5lt,4.14,8084
5325,31/12/16,Irakleion,35.32787,25.14341,137302,shop_2,kinder-cola,plastic,1.5lt,3.88,9687
6404,31/12/17,Irakleion,35.32787,25.14341,138200,shop_2,kinder-cola,plastic,1.5lt,1.98,18587
7482,31/12/18,Irakleion,35.32787,25.14341,137154,shop_2,kinder-cola,plastic,1.5lt,2.06,18412
1232,28/02/13,Larisa,39.63689,22.41761,139242,shop_5,kinder-cola,plastic,1.5lt,3.35,5979
2310,28/02/14,Larisa,39.63689,22.41761,140563,shop_5,kinder-cola,plastic,1.5lt,3.4,6036
3391,28/02/15,Larisa,39.63689,22.41761,141732,shop_5,kinder-cola,plastic,1.5lt,2.46,8570
5576,28/02/17,Larisa,39.63689,22.41761,144302,shop_5,kinder-cola,plastic,1.5lt,1.35,11496
6656,28/02/18,Larisa,39.63689,22.41761,144651,shop_5,kinder-cola,plastic,1.5lt,4.66,3744
148,29/02/12,Larisa,39.63689,22.41761,137540,shop_5,kinder-cola,plastic,1.5lt,2.39,8347
4473,29/02/16,Larisa,39.63689,22.41761,142030,shop_5,kinder-cola,plastic,1.5lt,3.33,6564
333,30/04/12,Larisa,39.63689,22.41761,137540,shop_5,kinder-cola,plastic,1.5lt,2.35,13234
1414,30/04/13,Larisa,39.63689,22.41761,139242,shop_5,kinder-cola,plastic,1.5lt,3.65,8097
2513,30/04/14,Larisa,39.63689,22.41761,140563,shop_5,kinder-cola,plastic,1.5lt,2.14,14503
3567,30/04/15,Larisa,39.63689,22.41761,141732,shop_5,kinder-cola,plastic,1.5lt,3.9,7741
4654,30/04/16,Larisa,39.63689,22.41761,142030,shop_5,kinder-cola,plastic,1.5lt,3.51,9586
5728,30/04/17,Larisa,39.63689,22.41761,144302,shop_5,kinder-cola,plastic,1.5lt,2.26,14561
6813,30/04/18,Larisa,39.63689,22.41761,144651,shop_5,kinder-cola,plastic,1.5lt,3.1,11618
511,30/06/12,Larisa,39.63689,22.41761,137540,shop_5,kinder-cola,plastic,1.5lt,3.44,9485
1588,30/06/13,Larisa,39.63689,22.41761,139242,shop_5,kinder-cola,plastic,1.5lt,3.04,11639
2677,30/06/14,Larisa,39.63689,22.41761,140563,shop_5,kinder-cola,plastic,1.5lt,2.3,15187
3750,30/06/15,Larisa,39.63689,22.41761,141732,shop_5,kinder-cola,plastic,1.5lt,3.47,10360
4830,30/06/16,Larisa,39.63689,22.41761,142030,shop_5,kinder-cola,plastic,1.5lt,2.94,12879
5905,30/06/17,Larisa,39.63689,22.41761,144302,shop_5,kinder-cola,plastic,1.5lt,2.51,14929
6991,30/06/18,Larisa,39.63689,22.41761,144651,shop_5,kinder-cola,plastic,1.5lt,3.17,12458
785,30/09/12,Larisa,39.63689,22.41761,137540,shop_5,kinder-cola,plastic,1.5lt,3.86,6799
1863,30/09/13,Larisa,39.63689,22.41761,139242,shop_5,kinder-cola,plastic,1.5lt,1.99,14717
2943,30/09/14,Larisa,39.63689,22.41761,140563,shop_5,kinder-cola,plastic,1.5lt,3.73,7975
4047,30/09/15,Larisa,39.63689,22.41761,141732,shop_5,kinder-cola,plastic,1.5lt,2.65,12476
5100,30/09/16,Larisa,39.63689,22.41761,142030,shop_5,kinder-cola,plastic,1.5lt,2.11,14748
6185,30/09/17,Larisa,39.63689,22.41761,144302,shop_5,kinder-cola,plastic,1.5lt,2.69,12760
7270,30/09/18,Larisa,39.63689,22.41761,144651,shop_5,kinder-cola,plastic,1.5lt,3.86,8701
986,30/11/12,Larisa,39.63689,22.41761,137540,shop_5,kinder-cola,plastic,1.5lt,2.47,10053
2042,30/11/13,Larisa,39.63689,22.41761,139242,shop_5,kinder-cola,plastic,1.5lt,2.49,10189
3127,30/11/14,Larisa,39.63689,22.41761,140563,shop_5,kinder-cola,plastic,1.5lt,3.89,5919
4219,30/11/15,Larisa,39.63689,22.41761,141732,shop_5,kinder-cola,plastic,1.5lt,2.72,9819
5286,30/11/16,Larisa,39.63689,22.41761,142030,shop_5,kinder-cola,plastic,1.5lt,3.87,6470
6360,30/11/17,Larisa,39.63689,22.41761,144302,shop_5,kinder-cola,plastic,1.5lt,2.62,10443
7458,30/11/18,Larisa,39.63689,22.41761,144651,shop_5,kinder-cola,plastic,1.5lt,2.86,9899
85,31/01/12,Larisa,39.63689,22.41761,137540,shop_5,kinder-cola,plastic,1.5lt,3.03,5330
1147,31/01/13,Larisa,39.63689,22.41761,139242,shop_5,kinder-cola,plastic,1.5lt,2.68,6192
2219,31/01/14,Larisa,39.63689,22.41761,140563,shop_5,kinder-cola,plastic,1.5lt,2.99,5677
3303,31/01/15,Larisa,39.63689,22.41761,141732,shop_5,kinder-cola,plastic,1.5lt,2.46,6874
4407,31/01/16,Larisa,39.63689,22.41761,142030,shop_5,kinder-cola,plastic,1.5lt,3.03,5862
5461,31/01/17,Larisa,39.63689,22.41761,144302,shop_5,kinder-cola,plastic,1.5lt,2.89,6254
6539,31/01/18,Larisa,39.63689,22.41761,144651,shop_5,kinder-cola,plastic,1.5lt,3.86,4523
268,31/03/12,Larisa,39.63689,22.41761,137540,shop_5,kinder-cola,plastic,1.5lt,3.67,6391
1326,31/03/13,Larisa,39.63689,22.41761,139242,shop_5,kinder-cola,plastic,1.5lt,2.89,9335
2401,31/03/14,Larisa,39.63689,22.41761,140563,shop_5,kinder-cola,plastic,1.5lt,2.77,9947
3488,31/03/15,Larisa,39.63689,22.41761,141732,shop_5,kinder-cola,plastic,1.5lt,2.4,11345
4562,31/03/16,Larisa,39.63689,22.41761,142030,shop_5,kinder-cola,plastic,1.5lt,2.68,10604
5640,31/03/17,Larisa,39.63689,22.41761,144302,shop_5,kinder-cola,plastic,1.5lt,3.76,7401
6721,31/03/18,Larisa,39.63689,22.41761,144651,shop_5,kinder-cola,plastic,1.5lt,2.69,10924
423,31/05/12,Larisa,39.63689,22.41761,137540,shop_5,kinder-cola,plastic,1.5lt,3.03,9482
1505,31/05/13,Larisa,39.63689,22.41761,139242,shop_5,kinder-cola,plastic,1.5lt,3.12,9407
2587,31/05/14,Larisa,39.63689,22.41761,140563,shop_5,kinder-cola,plastic,1.5lt,2.54,11786
3662,31/05/15,Larisa,39.63689,22.41761,141732,shop_5,kinder-cola,plastic,1.5lt,3.12,9887
4761,31/05/16,Larisa,39.63689,22.41761,142030,shop_5,kinder-cola,plastic,1.5lt,2.6,11975
5820,31/05/17,Larisa,39.63689,22.41761,144302,shop_5,kinder-cola,plastic,1.5lt,3.65,8531
6927,31/05/18,Larisa,39.63689,22.41761,144651,shop_5,kinder-cola,plastic,1.5lt,2.83,11567
606,31/07/12,Larisa,39.63689,22.41761,137540,shop_5,kinder-cola,plastic,1.5lt,3.68,11017
1684,31/07/13,Larisa,39.63689,22.41761,139242,shop_5,kinder-cola,plastic,1.5lt,2.57,18116
2763,31/07/14,Larisa,39.63689,22.41761,140563,shop_5,kinder-cola,plastic,1.5lt,1.76,23103
3867,31/07/15,Larisa,39.63689,22.41761,141732,shop_5,kinder-cola,plastic,1.5lt,3.62,12801
4921,31/07/16,Larisa,39.63689,22.41761,142030,shop_5,kinder-cola,plastic,1.5lt,2.81,17716
5998,31/07/17,Larisa,39.63689,22.41761,144302,shop_5,kinder-cola,plastic,1.5lt,4.03,11390
7106,31/07/18,Larisa,39.63689,22.41761,144651,shop_5,kinder-cola,plastic,1.5lt,2.42,20417
710,31/08/12,Larisa,39.63689,22.41761,137540,shop_5,kinder-cola,plastic,1.5lt,2.28,15913
1770,31/08/13,Larisa,39.63689,22.41761,139242,shop_5,kinder-cola,plastic,1.5lt,1.63,19293
2851,31/08/14,Larisa,39.63689,22.41761,140563,shop_5,kinder-cola,plastic,1.5lt,3.38,11187
3934,31/08/15,Larisa,39.63689,22.41761,141732,shop_5,kinder-cola,plastic,1.5lt,3.5,10990
5012,31/08/16,Larisa,39.63689,22.41761,142030,shop_5,kinder-cola,plastic,1.5lt,4.42,7130
6085,31/08/17,Larisa,39.63689,22.41761,144302,shop_5,kinder-cola,plastic,1.5lt,2.17,17547
7169,31/08/18,Larisa,39.63689,22.41761,144651,shop_5,kinder-cola,plastic,1.5lt,3.65,11265
893,31/10/12,Larisa,39.63689,22.41761,137540,shop_5,kinder-cola,plastic,1.5lt,2.48,9395
1954,31/10/13,Larisa,39.63689,22.41761,139242,shop_5,kinder-cola,plastic,1.5lt,2.92,8221
3036,31/10/14,Larisa,39.63689,22.41761,140563,shop_5,kinder-cola,plastic,1.5lt,3.27,7371
4110,31/10/15,Larisa,39.63689,22.41761,141732,shop_5,kinder-cola,plastic,1.5lt,4.4,4293
5190,31/10/16,Larisa,39.63689,22.41761,142030,shop_5,kinder-cola,plastic,1.5lt,3.65,6708
6298,31/10/17,Larisa,39.63689,22.41761,144302,shop_5,kinder-cola,plastic,1.5lt,1.56,12751
7371,31/10/18,Larisa,39.63689,22.41761,144651,shop_5,kinder-cola,plastic,1.5lt,2.57,10078
1052,31/12/12,Larisa,39.63689,22.41761,137540,shop_5,kinder-cola,plastic,1.5lt,3.13,9485
2134,31/12/13,Larisa,39.63689,22.41761,139242,shop_5,kinder-cola,plastic,1.5lt,2.11,13760
3207,31/12/14,Larisa,39.63689,22.41761,140563,shop_5,kinder-cola,plastic,1.5lt,3.75,7647
4316,31/12/15,Larisa,39.63689,22.41761,141732,shop_5,kinder-cola,plastic,1.5lt,3.53,8781
5369,31/12/16,Larisa,39.63689,22.41761,142030,shop_5,kinder-cola,plastic,1.5lt,3.44,9388
6450,31/12/17,Larisa,39.63689,22.41761,144302,shop_5,kinder-cola,plastic,1.5lt,1.76,15698
7541,31/12/18,Larisa,39.63689,22.41761,144651,shop_5,kinder-cola,plastic,1.5lt,3.14,10949
