soda.csv
id,date,city,lat,long,pop,shop,brand,container,capacity,price,quantity
1194,28/02/13,Patra,38.24444,21.73444,166301,shop_6,kinder-cola,plastic,1.5lt,3.33,9014
2274,28/02/14,Patra,38.24444,21.73444,167242,shop_6,kinder-cola,plastic,1.5lt,2.92,10858
3356,28/02/15,Patra,38.24444,21.73444,167001,shop_6,kinder-cola,plastic,1.5lt,2.87,11294
5518,28/02/17,Patra,38.24444,21.73444,168501,shop_6,kinder-cola,plastic,1.5lt,3.07,10991
6597,28/02/18,Patra,38.24444,21.73444,168034,shop_6,kinder-cola,plastic,1.5lt,3.64,9202
160,29/02/12,Patra,38.24444,21.73444,164250,shop_6,kinder-cola,plastic,1.5lt,3.17,9343
4434,29/02/16,Patra,38.24444,21.73444,168254,shop_6,kinder-cola,plastic,1.5lt,1.88,15155
298,30/04/12,Patra,38.24444,21.73444,164250,shop_6,kinder-cola,plastic,1.5lt,3.14,17162
1432,30/04/13,Patra,38.24444,21.73444,166301,shop_6,kinder-cola,plastic,1.5lt,3.42,15690
2459,30/04/14,Patra,38.24444,21.73444,167242,shop_6,kinder-cola,plastic,1.5lt,2.87,20061
3534,30/04/15,Patra,38.24444,21.73444,167001,shop_6,kinder-cola,plastic,1.5lt,3.49,16279
4675,30/04/16,Patra,38.24444,21.73444,168254,shop_6,kinder-cola,plastic,1.5lt,1.4,30729
5694,30/04/17,Patra,38.24444,21.73444,168501,shop_6,kinder-cola,plastic,1.5lt,3.06,20044
6774,30/04/18,Patra,38.24444,21.73444,168034,shop_6,kinder-cola,plastic,1.5lt,3.48,17722
473,30/06/12,Patra,38.24444,21.73444,164250,shop_6,kinder-cola,plastic,1.5lt,3.68,15229
1554,30/06/13,Patra,38.24444,21.73444,166301,shop_6,kinder-cola,plastic,1.5lt,3.29,19169
2637,30/06/14,Patra,38.24444,21.73444,167242,shop_6,kinder-cola,plastic,1.5lt,3.11,21146
3761,30/06/15,Patra,38.24444,21.73444,167001,shop_6,kinder-cola,plastic,1.5lt,2.44,26954
4798,30/06/16,Patra,38.24444,21.73444,168254,shop_6,kinder-cola,plastic,1.5lt,2.73,25116
5919,30/06/17,Patra,38.24444,21.73444,168501,shop_6,kinder-cola,plastic,1.5lt,2.62,26378
7011,30/06/18,Patra,38.24444,21.73444,168034,shop_6,kinder-cola,plastic,1.5lt,2.93,24507
746,30/09/12,Patra,38.24444,21.73444,164250,shop_6,kinder-cola,plastic,1.5lt,3.32,15672
1825,30/09/13,Patra,38.24444,21.73444,166301,shop_6,kinder-cola,plastic,1.5lt,3.74,13236
2906,30/09/14,Patra,38.24444,21.73444,167242,shop_6,kinder-cola,plastic,1.5lt,2.57,21827
3987,30/09/15,Patra,38.24444,21.73444,167001,shop_6,kinder-cola,plastic,1.5lt,2.11,25300
5062,30/09/16,Patra,38.24444,21.73444,168254,shop_6,kinder-cola,plastic,1.5lt,3.61,15738
6147,30/09/17,Patra,38.24444,21.73444,168501,shop_6,kinder-cola,plastic,1.5lt,3.08,19589
7220,30/09/18,Patra,38.24444,21.73444,168034,shop_6,kinder-cola,plastic,1.5lt,2.39,24340
927,30/11/12,Patra,38.24444,21.73444,164250,shop_6,kinder-cola,plastic,1.5lt,3.45,9768
2004,30/11/13,Patra,38.24444,21.73444,166301,shop_6,kinder-cola,plastic,1.5lt,2.43,14926
3085,30/11/14,Patra,38.24444,21.73444,167242,shop_6,kinder-cola,plastic,1.5lt,2.48,14920
4166,30/11/15,Patra,38.24444,21.73444,167001,shop_6,kinder-cola,plastic,1.5lt,2.32,15866
5248,30/11/16,Patra,38.24444,21.73444,168254,shop_6,kinder-cola,plastic,1.5lt,3.54,10775
6324,30/11/17,Patra,38.24444,21.73444,168501,shop_6,kinder-cola,plastic,1.5lt,3.02,13315
7406,30/11/18,Patra,38.24444,21.73444,168034,shop_6,kinder-cola,plastic,1.5lt,3.7,10694
24,31/01/12,Patra,38.24444,21.73444,164250,shop_6,kinder-cola,plastic,1.5lt,3.84,8361
1110,31/01/13,Patra,38.24444,21.73444,166301,shop_6,kinder-cola,plastic,1.5lt,2.84,13693
2185,31/01/14,Patra,38.24444,21.73444,167242,shop_6,kinder-cola,plastic,1.5lt,2.56,15334
3263,31/01/15,Patra,38.24444,21.73444,167001,shop_6,kinder-cola,plastic,1.5lt,3.97,8937
4347,31/01/16,Patra,38.24444,21.73444,168254,shop_6,kinder-cola,plastic,1.5lt,3.06,13553
5477,31/01/17,Patra,38.24444,21.73444,168501,shop_6,kinder-cola,plastic,1.5lt,2.08,18265
6501,31/01/18,Patra,38.24444,21.73444,168034,shop_6,kinder-cola,plastic,1.5lt,2.44,16860
204,31/03/12,Patra,38.24444,21.73444,164250,shop_6,kinder-cola,plastic,1.5lt,2.54,15703
1286,31/03/13,Patra,38.24444,21.73444,166301,shop_6,kinder-cola,plastic,1.5lt,2.36,16927
2367,31/03/14,Patra,38.24444,21.73444,167242,shop_6,kinder-cola,plastic,1.5lt,3.47,11542
3500,31/03/15,Patra,38.24444,21.73444,167001,shop_6,kinder-cola,plastic,1.5lt,4.36,7491
4525,31/03/16,Patra,38.24444,21.73444,168254,shop_6,kinder-cola,plastic,1.5lt,3.31,13067
5606,31/03/17,Patra,38.24444,21.73444,168501,shop_6,kinder-cola,plastic,1.5lt,2.44,17529
6743,31/03/18,Patra,38.24444,21.73444,168034,shop_6,kinder-cola,plastic,1.5lt,2.4,17948
440,31/05/12,Patra,38.24444,21.73444,164250,shop_6,kinder-cola,plastic,1.5lt,2.98,20557
1467,31/05/13,Patra,38.24444,21.73444,166301,shop_6,kinder-cola,plastic,1.5lt,4.32,10368
2547,31/05/14,Patra,38.24444,21.73444,167242,shop_6,kinder-cola,plastic,1.5lt,1.62,32190
3622,31/05/15,Patra,38.24444,21.73444,167001,shop_6,kinder-cola,plastic,1.5lt,3.59,17466
4700,31/05/16,Patra,38.24444,21.73444,168254,shop_6,kinder-cola,plastic,1.5lt,2.8,23882
5784,31/05/17,Patra,38.24444,21.73444,168501,shop_6,kinder-cola,plastic,1.5lt,2.82,24208
6864,31/05/18,Patra,38.24444,21.73444,168034,shop_6,kinder-cola,plastic,1.5lt,2.7,25469
567,31/07/12,Patra,38.24444,21.73444,164250,shop_6,kinder-cola,plastic,1.5lt,2.12,33050
1644,31/07/13,Patra,38.24444,21.73444,166301,shop_6,kinder-cola,plastic,1.5lt,2.41,30710
2789,31/07/14,Patra,38.24444,21.73444,167242,shop_6,kinder-cola,plastic,1.5lt,3.57,20373
3806,31/07/15,Patra,38.24444,21.73444,167001,shop_6,kinder-cola,plastic,1.5lt,3.39,22745
4884,31/07/16,Patra,38.24444,21.73444,168254,shop_6,kinder-cola,plastic,1.5lt,2.82,28474
5966,31/07/17,Patra,38.24444,21.73444,168501,shop_6,kinder-cola,plastic,1.5lt,3.41,23835
7108,31/07/18,Patra,38.24444,21.73444,168034,shop_6,kinder-cola,plastic,1.5lt,3.27,25644
651,31/08/12,Patra,38.24444,21.73444,164250,shop_6,kinder-cola,plastic,1.5lt,3.15,18410
1735,31/08/13,Patra,38.24444,21.73444,166301,shop_6,kinder-cola,plastic,1.5lt,1.89,28623
2877,31/08/14,Patra,38.24444,21.73444,167242,shop_6,kinder-cola,plastic,1.5lt,3.46,17162
3894,31/08/15,Patra,38.24444,21.73444,167001,shop_6,kinder-cola,plastic,1.5lt,2.67,23488
4972,31/08/16,Patra,38.24444,21.73444,168254,shop_6,kinder-cola,plastic,1.5lt,3.19,20128
6053,31/08/17,Patra,38.24444,21.73444,168501,shop_6,kinder-cola,plastic,1.5lt,3.89,15652
7131,31/08/18,Patra,38.24444,21.73444,168034,shop_6,kinder-cola,plastic,1.5lt,2.69,24522
837,31/10/12,Patra,38.24444,21.73444,164250,shop_6,kinder-cola,plastic,1.5lt,3.94,9179
1918,31/10/13,Patra,,21.73444,166301,shop_6,kinder-cola,plastic,1.5lt,2.62,17287
2994,31/10/14,Patra,38.24444,21.73444,167242,shop_6,kinder-cola,plastic,1.5lt,2.63,17565
4072,31/10/15,Patra,38.24444,21.73444,167001,shop_6,kinder-cola,plastic,1.5lt,3.13,15120
5156,31/10/16,Patra,38.24444,21.73444,168254,shop_6,kinder-cola,plastic,1.5lt,3.23,14936
6237,31/10/17,Patra,38.24444,21.73444,168501,shop_6,kinder-cola,plastic,1.5lt,2.49,19202
7316,31/10/18,Patra,38.24444,21.73444,168034,shop_6,kinder-cola,plastic,1.5lt,2.78,17957
1017,31/12/12,Patra,38.24444,21.73444,164250,shop_6,kinder-cola,plastic,1.5lt,3.68,11714
2094,31/12/13,Patra,38.24444,21.73444,166301,shop_6,kinder-cola,plastic,1.5lt,2.91,17051
3173,31/12/14,Patra,38.24444,21.73444,167242,shop_6,kinder-cola,plastic,1.5lt,3.47,13990
4253,31/12/15,Patra,38.24444,21.73444,167001,shop_6,kinder-cola,plastic,1.5lt,2.57,19833
5336,31/12/16,Patra,38.24444,21.73444,168254,shop_6,kinder-cola,plastic,1.5lt,3.29,15956
6415,31/12/17,Patra,38.24444,21.73444,168501,shop_6,kinder-cola,plastic,1.5lt,2.02,23684
7495,31/12/18,Patra,38.24444,21.73444,168034,shop_6,kinder-cola,plastic,1.5lt,2.86,19155
1206,28/02/13,Thessaloniki,40.64361,22.93086,347001,shop_4,kinder-cola,plastic,1.5lt,2.78,8769
2286,28/02/14,Thessaloniki,40.64361,22.93086,349232,shop_4,kinder-cola,plastic,1.5lt,2,11294
3367,28/02/15,Thessaloniki,40.64361,22.93086,351650,shop_4,kinder-cola,plastic,1.5lt,2.67,9436
5531,28/02/17,Thessaloniki,40.64361,22.93086,353001,shop_4,kinder-cola,plastic,1.5lt,3.93,6184
6610,28/02/18,Thessaloniki,40.64361,22.93086,354290,shop_4,kinder-cola,plastic,1.5lt,4.73,4198
127,29/02/12,Thessaloniki,40.64361,22.93086,346502,shop_4,kinder-cola,plastic,1.5lt,2.51,9418
4446,29/02/16,Thessaloniki,40.64361,22.93086,351702,shop_4,kinder-cola,plastic,1.5lt,2.46,10222
310,30/04/12,Thessaloniki,40.64361,22.93086,346502,shop_4,kinder-cola,plastic,1.5lt,1.92,21118
1388,30/04/13,Thessaloniki,40.64361,22.93086,347001,shop_4,kinder-cola,plastic,1.5lt,2.31,19142
2472,30/04/14,Thessaloniki,40.64361,22.93086,349232,shop_4,kinder-cola,plastic,1.5lt,3.91,10383
3598,30/04/15,Thessaloniki,40.64361,22.93086,351650,shop_4,kinder-cola,plastic,1.5lt,3.4,13663
4627,30/04/16,Thessaloniki,40.64361,22.93086,351702,shop_4,kinder-cola,plastic,1.5lt,3.53,13373
5707,30/04/17,Thessaloniki,40.64361,22.93086,353001,shop_4,kinder-cola,plastic,1.5lt,3.29,15022
6787,30/04/18,Thessaloniki,40.64361,22.93086,354290,shop_4,kinder-cola,plastic,1.5lt,2.61,18907
486,30/06/12,Thessaloniki,40.64361,22.93086,346502,shop_4,kinder-cola,plastic,1.5lt,2.84,19691
1568,30/06/13,Thessaloniki,40.64361,22.93086,347001,shop_4,kinder-cola,plastic,1.5lt,2.27,24262
2651,30/06/14,Thessaloniki,40.64361,22.93086,349232,shop_4,kinder-cola,plastic,1.5lt,2.71,21546
3727,30/06/15,Thessaloniki,40.64361,22.93086,351650,shop_4,kinder-cola,plastic,1.5lt,3.45,16822
4840,30/06/16,Thessaloniki,40.64361,22.93086,351702,shop_4,kinder-cola,plastic,1.5lt,3.28,18421
5882,30/06/17,Thessaloniki,40.64361,22.93086,353001,shop_4,kinder-cola,plastic,1.5lt,3.24,19144
7008,30/06/18,Thessaloniki,40.64361,22.93086,354290,shop_4,kinder-cola,plastic,1.5lt,3.18,20003
758,30/09/12,Thessaloniki,40.64361,22.93086,346502,shop_4,kinder-cola,plastic,1.5lt,2.85,15834
1838,30/09/13,Thessaloniki,40.64361,22.93086,347001,shop_4,kinder-cola,plastic,1.5lt,3.21,14078
2919,30/09/14,Thessaloniki,40.64361,22.93086,349232,shop_4,kinder-cola,plastic,1.5lt,3.38,13508
4048,30/09/15,Thessaloniki,40.64361,22.93086,351650,shop_4,kinder-cola,plastic,1.5lt,2.93,16421
5073,30/09/16,Thessaloniki,40.64361,22.93086,351702,shop_4,kinder-cola,plastic,1.5lt,3.43,14054
6161,30/09/17,Thessaloniki,40.64361,22.93086,353001,shop_4,kinder-cola,plastic,1.5lt,1.52,24654
7232,30/09/18,Thessaloniki,40.64361,22.93086,354290,shop_4,kinder-cola,plastic,1.5lt,3.54,14177
980,30/11/12,Thessaloniki,40.64361,22.93086,346502,shop_4,kinder-cola,plastic,1.5lt,3,10784
2017,30/11/13,Thessaloniki,40.64361,22.93086,347001,shop_4,kinder-cola,plastic,1.5lt,3.53,8847
3100,30/11/14,Thessaloniki,40.64361,22.93086,349232,shop_4,kinder-cola,plastic,1.5lt,2.26,14418
4177,30/11/15,Thessaloniki,40.64361,22.93086,351650,shop_4,kinder-cola,plastic,1.5lt,2.86,12175
5259,30/11/16,Thessaloniki,40.64361,22.93086,351702,shop_4,kinder-cola,plastic,1.5lt,3.29,10722
6383,30/11/17,Thessaloniki,40.64361,22.93086,353001,shop_4,kinder-cola,plastic,1.5lt,2.18,15275
7415,30/11/18,Thessaloniki,40.64361,22.93086,354290,shop_4,kinder-cola,plastic,1.5lt,3.79,9327
36,31/01/12,Thessaloniki,40.64361,22.93086,346502,shop_4,kinder-cola,plastic,1.5lt,2.8,11306
1120,31/01/13,Thessaloniki,40.64361,22.93086,347001,shop_4,kinder-cola,plastic,1.5lt,1.88,15304
2197,31/01/14,Thessaloniki,40.64361,22.93086,349232,shop_4,kinder-cola,plastic,1.5lt,2.79,11831
3276,31/01/15,Thessaloniki,40.64361,22.93086,351650,shop_4,kinder-cola,plastic,1.5lt,2.68,12498
4399,31/01/16,Thessaloniki,40.64361,22.93086,351702,shop_4,kinder-cola,plastic,1.5lt,3.64,9033
5436,31/01/17,Thessaloniki,40.64361,22.93086,353001,shop_4,kinder-cola,plastic,1.5lt,3.84,8547
6513,31/01/18,Thessaloniki,40.64361,22.93086,354290,shop_4,kinder-cola,plastic,1.5lt,3.4,10485
217,31/03/12,Thessaloniki,40.64361,22.93086,346502,shop_4,kinder-cola,plastic,1.5lt,3.46,8949
1300,31/03/13,Thessaloniki,40.64361,22.93086,347001,shop_4,kinder-cola,plastic,1.5lt,1.64,17107
2379,31/03/14,Thessaloniki,40.64361,22.93086,349232,shop_4,kinder-cola,plastic,1.5lt,3.33,10165
3501,31/03/15,Thessaloniki,40.64361,22.93086,351650,shop_4,kinder-cola,plastic,1.5lt,3.69,8974
4539,31/03/16,Thessaloniki,40.64361,22.93086,351702,shop_4,kinder-cola,plastic,1.5lt,3.17,11388
5664,31/03/17,Thessaloniki,40.64361,22.93086,353001,shop_4,kinder-cola,plastic,1.5lt,3.25,11330
6695,31/03/18,Thessaloniki,40.64361,22.93086,354290,shop_4,kinder-cola,plastic,1.5lt,2.33,15149
396,31/05/12,Thessaloniki,40.64361,22.93086,346502,shop_4,kinder-cola,plastic,1.5lt,2.98,14075
1520,31/05/13,Thessaloniki,40.64361,22.93086,347001,shop_4,kinder-cola,plastic,1.5lt,2.43,17442
2561,31/05/14,Thessaloniki,40.64361,22.93086,349232,shop_4,kinder-cola,plastic,1.5lt,2.93,15047
3637,31/05/15,Thessaloniki,40.64361,22.93086,351650,shop_4,kinder-cola,plastic,1.5lt,2.58,17174
4711,31/05/16,Thessaloniki,40.64361,22.93086,351702,shop_4,kinder-cola,plastic,1.5lt,3.3,13811
5797,31/05/17,Thessaloniki,40.64361,22.93086,353001,shop_4,kinder-cola,plastic,1.5lt,3.25,14368
6876,31/05/18,Thessaloniki,40.64361,22.93086,354290,shop_4,kinder-cola,plastic,1.5lt,3.5,13502
580,31/07/12,Thessaloniki,40.64361,22.93086,346502,shop_4,kinder-cola,plastic,1.5lt,3.43,16395
1656,31/07/13,Thessaloniki,40.64361,22.93086,347001,shop_4,kinder-cola,plastic,1.5lt,2.57,23688
2737,31/07/14,Thessaloniki,40.64361,22.93086,349232,shop_4,kinder-cola,plastic,1.5lt,3.71,15502
3818,31/07/15,Thessaloniki,40.64361,22.93086,351650,shop_4,kinder-cola,plastic,1.5lt,2.17,27545
4896,31/07/16,Thessaloniki,40.64361,22.93086,351702,shop_4,kinder-cola,plastic,1.5lt,2.82,23099
6021,31/07/17,Thessaloniki,40.64361,22.93086,353001,shop_4,kinder-cola,plastic,1.5lt,3,22264
7103,31/07/18,Thessaloniki,40.64361,22.93086,354290,shop_4,kinder-cola,plastic,1.5lt,3.17,21475
663,31/08/12,Thessaloniki,40.64361,22.93086,346502,shop_4,kinder-cola,plastic,1.5lt,2.62,18775
1747,31/08/13,Thessaloniki,40.64361,22.93086,347001,shop_4,kinder-cola,plastic,1.5lt,3.7,12287
2826,31/08/14,Thessaloniki,40.64361,22.93086,349232,shop_4,kinder-cola,plastic,1.5lt,3.32,15132
3906,31/08/15,Thessaloniki,,22.93086,351650,shop_4,kinder-cola,plastic,1.5lt,1.97,23793
4985,31/08/16,Thessaloniki,40.64361,22.93086,351702,shop_4,kinder-cola,plastic,1.5lt,3.16,16941
6065,31/08/17,Thessaloniki,40.64361,22.93086,353001,shop_4,kinder-cola,plastic,1.5lt,2.76,19696
7144,31/08/18,Thessaloniki,40.64361,22.93086,354290,shop_4,kinder-cola,plastic,1.5lt,3.36,16529
852,31/10/12,Thessaloniki,40.64361,22.93086,346502,shop_4,kinder-cola,plastic,1.5lt,3.53,7926
1928,31/10/13,Thessaloniki,40.64361,22.93086,347001,shop_4,kinder-cola,plastic,1.5lt,3.47,8500
3009,31/10/14,Thessaloniki,40.64361,22.93086,349232,shop_4,kinder-cola,plastic,1.5lt,2.63,12033
4085,31/10/15,Thessaloniki,40.64361,22.93086,351650,shop_4,kinder-cola,plastic,1.5lt,3.06,10618
5217,31/10/16,Thessaloniki,40.64361,22.93086,351702,shop_4,kinder-cola,plastic,1.5lt,2.83,11697
6251,31/10/17,Thessaloniki,40.64361,22.93086,353001,shop_4,kinder-cola,plastic,1.5lt,1.99,14979
7377,31/10/18,Thessaloniki,40.64361,22.93086,354290,shop_4,kinder-cola,plastic,1.5lt,3.3,10467
1027,31/12/12,Thessaloniki,40.64361,22.93086,346502,shop_4,kinder-cola,plastic,1.5lt,3.09,12669
2109,31/12/13,Thessaloniki,40.64361,22.93086,347001,shop_4,kinder-cola,plastic,1.5lt,3.75,9658
3185,31/12/14,Thessaloniki,40.64361,22.93086,349232,shop_4,kinder-cola,plastic,1.5lt,3.74,10093
4268,31/12/15,Thessaloniki,40.64361,22.93086,351650,shop_4,kinder-cola,plastic,1.5lt,2.38,17196
5349,31/12/16,Thessaloniki,40.64361,22.93086,351702,shop_4,kinder-cola,plastic,1.5lt,3.15,13730
6426,31/12/17,Thessaloniki,40.64361,22.93086,353001,shop_4,kinder-cola,plastic,1.5lt,1.74,20720
7506,31/12/18,Thessaloniki,40.64361,22.93086,354290,shop_4,kinder-cola,plastic,1.5lt,2.92,15391
