soda.csv
id,date,city,lat,long,pop,shop,brand,container,capacity,price,quantity
1171,28/02/13,Athens,37.97945,23.71622,671022,shop_1,kinder-cola,can,330ml,0.92,7149
2251,28/02/14,Athens,37.97945,23.71622,668203,shop_1,kinder-cola,can,330ml,0.87,8318
3332,28/02/15,Athens,37.97945,23.71622,667237,shop_1,kinder-cola,can,330ml,0.75,10667
5492,28/02/17,Athens,37.97945,23.71622,665871,shop_1,kinder-cola,can,330ml,0.64,12869
6572,28/02/18,Athens,37.97945,23.71622,664046,shop_1,kinder-cola,can,330ml,0.41,16657
92,29/02/12,Athens,37.97945,23.71622,672130,shop_1,kinder-cola,can,330ml,0.82,8616
4495,29/02/16,Athens,37.97945,23.71622,665102,shop_1,kinder-cola,can,330ml,0.86,9166
356,30/04/12,Athens,37.97945,23.71622,672130,shop_1,kinder-cola,can,330ml,0.95,9881
1351,30/04/13,Athens,37.97945,23.71622,671022,shop_1,kinder-cola,can,330ml,0.98,9795
2432,30/04/14,Athens,37.97945,23.71622,668203,shop_1,kinder-cola,can,330ml,0.76,16275
3512,30/04/15,Athens,37.97945,23.71622,667237,shop_1,kinder-cola,can,330ml,0.8,15669
4591,30/04/16,Athens,37.97945,23.71622,665102,shop_1,kinder-cola,can,330ml,0.5,23681
5672,30/04/17,Athens,37.97945,23.71622,665871,shop_1,kinder-cola,can,330ml,0.53,23325
6751,30/04/18,Athens,37.97945,23.71622,664046,shop_1,kinder-cola,can,330ml,0.77,17476
539,30/06/12,Athens,37.97945,23.71622,672130,shop_1,kinder-cola,can,330ml,0.56,26492
1531,30/06/13,Athens,37.97945,23.71622,671022,shop_1,kinder-cola,can,330ml,1,11863
2612,30/06/14,Athens,37.97945,23.71622,668203,shop_1,kinder-cola,can,330ml,0.61,25663
3692,30/06/15,Athens,37.97945,23.71622,667237,shop_1,kinder-cola,can,330ml,0.53,28902
4772,30/06/16,Athens,37.97945,23.71622,665102,shop_1,kinder-cola,can,330ml,0.92,16515
5852,30/06/17,Athens,37.97945,23.71622,665871,shop_1,kinder-cola,can,330ml,0.87,18825
6932,30/06/18,Athens,37.97945,23.71622,664046,shop_1,kinder-cola,can,330ml,0.86,19622
722,30/09/12,Athens,37.97945,23.71622,672130,shop_1,kinder-cola,can,330ml,0.58,21111
1802,30/09/13,Athens,37.97945,23.71622,671022,shop_1,kinder-cola,can,330ml,0.68,18514
2964,30/09/14,Athens,37.97945,23.71622,668203,shop_1,kinder-cola,can,330ml,0.87,13722
3961,30/09/15,Athens,37.97945,23.71622,667237,shop_1,kinder-cola,can,330ml,0.63,20865
5042,30/09/16,Athens,37.97945,23.71622,665102,shop_1,kinder-cola,can,330ml,1.06,9791
6207,30/09/17,Athens,37.97945,23.71622,665871,shop_1,kinder-cola,can,330ml,0.68,20178
7201,30/09/18,Athens,37.97945,23.71622,664046,shop_1,kinder-cola,can,330ml,0.86,15927
902,30/11/12,Athens,37.97945,23.71622,672130,shop_1,kinder-cola,can,330ml,0.58,16186
1981,30/11/13,Athens,37.97945,23.71622,671022,shop_1,kinder-cola,can,330ml,0.84,10795
3147,30/11/14,Athens,37.97945,23.71622,668203,shop_1,kinder-cola,can,330ml,0.84,11283
4226,30/11/15,Athens,37.97945,23.71622,667237,shop_1,kinder-cola,can,330ml,0.59,16881
5222,30/11/16,Athens,37.97945,23.71622,665102,shop_1,kinder-cola,can,330ml,0.75,13857
6388,30/11/17,Athens,37.97945,23.71622,665871,shop_1,kinder-cola,can,330ml,0.83,12489
7382,30/11/18,Athens,37.97945,23.71622,664046,shop_1,kinder-cola,can,330ml,0.92,11104
2,31/01/12,Athens,37.97945,23.71622,672130,shop_1,kinder-cola,can,330ml,0.87,9848
1082,31/01/13,Athens,37.97945,23.71622,671022,shop_1,kinder-cola,can,330ml,0.66,14972
2162,31/01/14,Athens,37.97945,23.71622,668203,shop_1,kinder-cola,can,330ml,0.88,10490
3241,31/01/15,Athens,37.97945,23.71622,667237,shop_1,kinder-cola,can,330ml,0.45,19821
4321,31/01/16,Athens,37.97945,23.71622,665102,shop_1,kinder-cola,can,330ml,0.91,10661
5402,31/01/17,Athens,37.97945,23.71622,665871,shop_1,kinder-cola,can,330ml,0.71,15017
6481,31/01/18,Athens,37.97945,23.71622,664046,shop_1,kinder-cola,can,330ml,0.85,12490
182,31/03/12,Athens,37.97945,23.71622,672130,shop_1,kinder-cola,can,330ml,0.89,9656
1340,31/03/13,Athens,37.97945,23.71622,671022,shop_1,kinder-cola,can,330ml,0.78,12597
2341,31/03/14,Athens,37.97945,23.71622,668203,shop_1,kinder-cola,can,330ml,0.82,12079
3422,31/03/15,Athens,37.97945,23.71622,667237,shop_1,kinder-cola,can,330ml,0.81,12738
4502,31/03/16,Athens,37.97945,23.71622,665102,shop_1,kinder-cola,can,330ml,0.64,16622
5582,31/03/17,Athens,37.97945,23.71622,665871,shop_1,kinder-cola,can,330ml,0.64,16806
6661,31/03/18,Athens,37.97945,23.71622,664046,shop_1,kinder-cola,can,330ml,0.73,15286
362,31/05/12,Athens,37.97945,23.71622,672130,shop_1,kinder-cola,can,330ml,0.72,21197
1442,31/05/13,Athens,37.97945,23.71622,671022,shop_1,kinder-cola,can,330ml,0.65,24227
2522,31/05/14,Athens,37.97945,23.71622,668203,shop_1,kinder-cola,can,330ml,0.71,22607
3602,31/05/15,Athens,37.97945,23.71622,667237,shop_1,kinder-cola,can,330ml,0.79,20419
5761,31/05/17,Athens,37.97945,23.71622,665871,shop_1,kinder-cola,can,330ml,0.72,23695
6921,31/05/18,Athens,37.97945,23.71622,664046,shop_1,kinder-cola,can,330ml,1.01,15025
542,31/07/12,Athens,37.97945,23.71622,672130,shop_1,kinder-cola,can,330ml,0.54,35754
1620,31/07/13,Athens,37.97945,23.71622,671022,shop_1,kinder-cola,can,330ml,0.93,18829
2702,31/07/14,Athens,37.97945,23.71622,668203,shop_1,kinder-cola,can,330ml,0.54,37056
3782,31/07/15,Athens,37.97945,23.71622,667237,shop_1,kinder-cola,can,330ml,0.76,28117
4862,31/07/16,Athens,37.97945,23.71622,665102,shop_1,kinder-cola,can,330ml,0.54,38098
5942,31/07/17,Athens,37.97945,23.71622,665871,shop_1,kinder-cola,can,330ml,1.02,18236
7022,31/07/18,Athens,37.97945,23.71622,664046,shop_1,kinder-cola,can,330ml,1.04,18521
718,31/08/12,Athens,37.97945,23.71622,672130,shop_1,kinder-cola,can,330ml,0.74,20816
1797,31/08/13,Athens,37.97945,23.71622,671022,shop_1,kinder-cola,can,330ml,0.73,21953
2790,31/08/14,Athens,37.97945,23.71622,668203,shop_1,kinder-cola,can,330ml,0.46,31826
3872,31/08/15,Athens,37.97945,23.71622,667237,shop_1,kinder-cola,can,330ml,0.91,16720
4950,31/08/16,Athens,37.97945,23.71622,665102,shop_1,kinder-cola,can,330ml,0.92,17047
6102,31/08/17,Athens,37.97945,23.71622,665871,shop_1,kinder-cola,can,330ml,0.93,17218
7185,31/08/18,Athens,37.97945,23.71622,664046,shop_1,kinder-cola,can,330ml,0.65,27144
812,31/10/12,Athens,37.97945,23.71622,672130,shop_1,kinder-cola,can,330ml,0.8,12887
1891,31/10/13,Athens,37.97945,23.71622,671022,shop_1,kinder-cola,can,330ml,0.88,11512
2971,31/10/14,Athens,37.97945,23.71622,668203,shop_1,kinder-cola,can,330ml,0.76,14826
4052,31/10/15,Athens,37.97945,23.71622,667237,shop_1,kinder-cola,can,330ml,0.92,11435
5132,31/10/16,Athens,37.97945,23.71622,665102,shop_1,kinder-cola,can,330ml,0.69,17310
6212,31/10/17,Athens,37.97945,23.71622,665871,shop_1,kinder-cola,can,330ml,0.63,18855
7292,31/10/18,Athens,37.97945,23.71622,664046,shop_1,kinder-cola,can,330ml,0.63,19165
1068,31/12/12,Athens,37.97945,23.71622,672130,shop_1,kinder-cola,can,330ml,0.91,11981
2072,31/12/13,Athens,37.97945,23.71622,671022,shop_1,kinder-cola,can,330ml,0.9,12764
3152,31/12/14,Athens,37.97945,23.71622,668203,shop_1,kinder-cola,can,330ml,0.75,17798
4232,31/12/15,Athens,37.97945,23.71622,667237,shop_1,kinder-cola,can,330ml,0.88,14622
5312,31/12/16,Athens,37.97945,23.71622,665102,shop_1,kinder-cola,can,330ml,0.49,25668
6392,31/12/17,Athens,37.97945,23.71622,665871,shop_1,kinder-cola,can,330ml,0.56,24049
7471,31/12/18,Athens,37.97945,23.71622,664046,shop_1,kinder-cola,can,330ml,0.81,17914
4681,31/05/16,Athens,37.97945,23.71622,665102,shop_1,kinder-cola,,330ml,0.75,22445
1220,28/02/13,Athens,37.96245,23.68708,671022,shop_3,kinder-cola,can,330ml,0.74,8454
2299,28/02/14,Athens,37.96245,23.68708,668203,shop_3,kinder-cola,can,330ml,0.62,10363
3381,28/02/15,Athens,37.96245,23.68708,667237,shop_3,kinder-cola,can,330ml,0.63,10407
5545,28/02/17,Athens,37.96245,23.68708,665871,shop_3,kinder-cola,can,330ml,0.79,8632
6622,28/02/18,Athens,37.96245,23.68708,664046,shop_3,kinder-cola,can,330ml,0.88,7644
177,29/02/12,Athens,37.96245,23.68708,672130,shop_3,kinder-cola,can,330ml,0.74,8187
4460,29/02/16,Athens,37.96245,23.68708,665102,shop_3,kinder-cola,can,330ml,0.95,6241
358,30/04/12,Athens,37.96245,23.68708,672130,shop_3,kinder-cola,can,330ml,0.9,13451
1429,30/04/13,Athens,37.96245,23.68708,671022,shop_3,kinder-cola,can,330ml,0.62,23026
2487,30/04/14,Athens,37.96245,23.68708,668203,shop_3,kinder-cola,can,330ml,1.04,10301
3556,30/04/15,Athens,37.96245,23.68708,667237,shop_3,kinder-cola,can,330ml,0.72,20764
4677,30/04/16,Athens,37.96245,23.68708,665102,shop_3,kinder-cola,can,330ml,0.92,15087
5750,30/04/17,Athens,37.96245,23.68708,665871,shop_3,kinder-cola,can,330ml,0.59,25483
6802,30/04/18,Athens,37.96245,23.68708,664046,shop_3,kinder-cola,can,330ml,0.52,27629
499,30/06/12,Athens,37.96245,23.68708,672130,shop_3,kinder-cola,can,330ml,0.94,13154
1599,30/06/13,Athens,37.96245,23.68708,671022,shop_3,kinder-cola,can,330ml,0.82,18151
2665,30/06/14,Athens,37.96245,23.68708,668203,shop_3,kinder-cola,can,330ml,0.85,17707
3739,30/06/15,Athens,37.96245,23.68708,667237,shop_3,kinder-cola,can,330ml,1.07,11009
4818,30/06/16,Athens,37.96245,23.68708,665102,shop_3,kinder-cola,can,330ml,0.71,23539
5893,30/06/17,Athens,37.96245,23.68708,665871,shop_3,kinder-cola,can,330ml,0.52,30153
6979,30/06/18,Athens,37.96245,23.68708,664046,shop_3,kinder-cola,can,330ml,0.35,35803
773,30/09/12,Athens,37.96245,23.68708,672130,shop_3,kinder-cola,can,330ml,0.77,14054
1854,30/09/13,Athens,37.96245,23.68708,671022,shop_3,kinder-cola,can,330ml,0.97,9369
2967,30/09/14,Athens,37.96245,23.68708,668203,shop_3,kinder-cola,can,330ml,0.66,17795
4012,30/09/15,Athens,37.96245,23.68708,667237,shop_3,kinder-cola,can,330ml,0.79,14973
5087,30/09/16,Athens,37.96245,23.68708,665102,shop_3,kinder-cola,can,330ml,0.77,15656
6174,30/09/17,Athens,37.96245,23.68708,665871,shop_3,kinder-cola,can,330ml,0.61,19822
7245,30/09/18,Athens,37.96245,23.68708,664046,shop_3,kinder-cola,can,330ml,0.74,17223
954,30/11/12,Athens,37.96245,23.68708,672130,shop_3,kinder-cola,can,330ml,0.9,7746
2030,30/11/13,Athens,37.96245,23.68708,671022,shop_3,kinder-cola,can,330ml,1.02,5931
3115,30/11/14,Athens,37.96245,23.68708,668203,shop_3,kinder-cola,can,330ml,0.93,7867
4189,30/11/15,Athens,37.96245,23.68708,667237,shop_3,kinder-cola,can,330ml,0.64,13289
5273,30/11/16,Athens,37.96245,23.68708,665102,shop_3,kinder-cola,can,330ml,0.72,12199
6349,30/11/17,Athens,37.96245,23.68708,665871,shop_3,kinder-cola,can,330ml,0.35,18716
7431,30/11/18,Athens,37.96245,23.68708,664046,shop_3,kinder-cola,can,330ml,0.73,12587
47,31/01/12,Athens,37.96245,23.68708,672130,shop_3,kinder-cola,can,330ml,0.9,5891
1134,31/01/13,Athens,37.96245,23.68708,671022,shop_3,kinder-cola,can,330ml,0.87,6574
2246,31/01/14,Athens,37.96245,23.68708,668203,shop_3,kinder-cola,can,330ml,0.82,7568
3290,31/01/15,Athens,37.96245,23.68708,667237,shop_3,kinder-cola,can,330ml,0.58,10995
4369,31/01/16,Athens,37.96245,23.68708,665102,shop_3,kinder-cola,can,330ml,0.54,11728
5450,31/01/17,Athens,37.96245,23.68708,665871,shop_3,kinder-cola,can,330ml,0.98,6232
6528,31/01/18,Athens,37.96245,23.68708,664046,shop_3,kinder-cola,can,330ml,0.61,11117
230,31/03/12,Athens,37.96245,23.68708,672130,shop_3,kinder-cola,can,330ml,0.8,10386
1315,31/03/13,Athens,37.96245,23.68708,671022,shop_3,kinder-cola,can,330ml,0.78,11052
2391,31/03/14,Athens,37.96245,23.68708,668203,shop_3,kinder-cola,can,330ml,0.64,14129
3476,31/03/15,Athens,37.96245,23.68708,667237,shop_3,kinder-cola,can,330ml,0.74,12526
4551,31/03/16,Athens,37.96245,23.68708,665102,shop_3,kinder-cola,can,330ml,0.84,10818
5629,31/03/17,Athens,37.96245,23.68708,665871,shop_3,kinder-cola,can,330ml,1.02,7921
6708,31/03/18,Athens,37.96245,23.68708,664046,shop_3,kinder-cola,can,330ml,0.51,17501
411,31/05/12,Athens,37.96245,23.68708,672130,shop_3,kinder-cola,can,330ml,0.95,9062
1495,31/05/13,Athens,37.96245,23.68708,671022,shop_3,kinder-cola,can,330ml,0.76,14398
2574,31/05/14,Athens,37.96245,23.68708,668203,shop_3,kinder-cola,can,330ml,0.4,23512
3681,31/05/15,Athens,37.96245,23.68708,667237,shop_3,kinder-cola,can,330ml,0.85,12884
4724,31/05/16,Athens,37.96245,23.68708,665102,shop_3,kinder-cola,can,330ml,0.96,10929
5809,31/05/17,Athens,37.96245,23.68708,665871,shop_3,kinder-cola,can,330ml,0.6,19499
6890,31/05/18,Athens,37.96245,23.68708,664046,shop_3,kinder-cola,can,330ml,0.8,15272
626,31/07/12,Athens,37.96245,23.68708,672130,shop_3,kinder-cola,can,330ml,0.58,27125
1671,31/07/13,Athens,37.96245,23.68708,671022,shop_3,kinder-cola,can,330ml,0.82,18702
2750,31/07/14,Athens,37.96245,23.68708,668203,shop_3,kinder-cola,can,330ml,0.76,21800
3830,31/07/15,Athens,37.96245,23.68708,667237,shop_3,kinder-cola,can,330ml,0.89,17781
4949,31/07/16,Athens,37.96245,23.68708,665102,shop_3,kinder-cola,can,330ml,0.79,21857
5987,31/07/17,Athens,,23.68708,665871,shop_3,kinder-cola,can,330ml,0.74,23998
7075,31/07/18,Athens,37.96245,23.68708,664046,shop_3,kinder-cola,can,330ml,0.77,23554
677,31/08/12,Athens,37.96245,23.68708,672130,shop_3,kinder-cola,can,330ml,0.66,20328
1758,31/08/13,Athens,37.96245,23.68708,671022,shop_3,kinder-cola,can,330ml,0.7,19500
2839,31/08/14,Athens,37.96245,23.68708,668203,shop_3,kinder-cola,can,330ml,0.86,15233
3921,31/08/15,Athens,37.96245,23.68708,667237,shop_3,kinder-cola,can,330ml,0.62,22990
4999,31/08/16,Athens,37.96245,23.68708,665102,shop_3,kinder-cola,can,330ml,0.9,15108
6113,31/08/17,Athens,37.96245,23.68708,665871,shop_3,kinder-cola,can,330ml,0.88,16189
7157,31/08/18,Athens,37.96245,23.68708,664046,shop_3,kinder-cola,can,330ml,0.7,21727
867,31/10/12,Athens,37.96245,23.68708,672130,shop_3,kinder-cola,can,330ml,0.92,7377
1941,31/10/13,Athens,37.96245,23.68708,671022,shop_3,kinder-cola,can,330ml,0.82,9639
3024,31/10/14,Athens,37.96245,23.68708,668203,shop_3,kinder-cola,can,330ml,0.48,16115
4127,31/10/15,Athens,37.96245,23.68708,667237,shop_3,kinder-cola,can,330ml,0.65,13344
5180,31/10/16,Athens,37.96245,23.68708,665102,shop_3,kinder-cola,can,330ml,0.96,8218
6262,31/10/17,Athens,37.96245,23.68708,665871,shop_3,kinder-cola,can,330ml,0.74,12176
7342,31/10/18,Athens,37.96245,23.68708,664046,shop_3,kinder-cola,can,330ml,0.75,12425
1064,31/12/12,Athens,37.96245,23.68708,672130,shop_3,kinder-cola,can,330ml,0.94,7603
2122,31/12/13,Athens,37.96245,23.68708,671022,shop_3,kinder-cola,can,330ml,0.54,15937
3197,31/12/14,Athens,37.96245,23.68708,668203,shop_3,kinder-cola,can,330ml,0.7,13025
4282,31/12/15,Athens,37.96245,23.68708,667237,shop_3,kinder-cola,can,330ml,0.77,12053
5363,31/12/16,Athens,37.96245,23.68708,665102,shop_3,kinder-cola,can,330ml,0.96,8801
6439,31/12/17,Athens,37.96245,23.68708,665871,shop_3,kinder-cola,can,330ml,0.97,8832
7519,31/12/18,Athens,37.96245,23.68708,664046,shop_3,kinder-cola,can,330ml,0.45,18576
