soda.csv
id,date,city,lat,long,pop,shop,brand,container,capacity,price,quantity
1183,28/02/13,Irakleion,35.32787,25.14341,135432,shop_2,kinder-cola,can,330ml,0.83,8479
2324,28/02/14,Irakleion,35.32787,25.14341,136202,shop_2,kinder-cola,can,330ml,0.74,10374
3344,28/02/15,Irakleion,,25.14341,138560,shop_2,kinder-cola,can,330ml,0.47,14920
5504,28/02/17,Irakleion,35.32787,25.14341,138200,shop_2,kinder-cola,can,330ml,0.97,7425
6652,28/02/18,Irakleion,35.32787,25.14341,137154,shop_2,kinder-cola,can,330ml,0.93,8434
104,29/02/12,Irakleion,35.32787,25.14341,134219,shop_2,kinder-cola,can,330ml,0.89,7156
4423,29/02/16,Irakleion,35.32787,25.14341,137302,shop_2,kinder-cola,can,330ml,0.5,14561
286,30/04/12,Irakleion,35.32787,25.14341,134219,shop_2,kinder-cola,can,330ml,0.66,22812
1365,30/04/13,Irakleion,35.32787,25.14341,135432,shop_2,kinder-cola,can,330ml,0.73,20747
2509,30/04/14,Irakleion,35.32787,25.14341,136202,shop_2,kinder-cola,can,330ml,0.76,20412
3525,30/04/15,Irakleion,35.32787,25.14341,138560,shop_2,kinder-cola,can,330ml,0.71,22632
4602,30/04/16,Irakleion,35.32787,25.14341,137302,shop_2,kinder-cola,can,330ml,0.96,15167
5682,30/04/17,Irakleion,35.32787,25.14341,138200,shop_2,kinder-cola,can,330ml,0.76,22065
6763,30/04/18,Irakleion,35.32787,25.14341,137154,shop_2,kinder-cola,can,330ml,0.76,22311
461,30/06/12,Irakleion,35.32787,25.14341,134219,shop_2,kinder-cola,can,330ml,0.82,26193
1543,30/06/13,Irakleion,35.32787,25.14341,135432,shop_2,kinder-cola,can,330ml,0.65,36243
2626,30/06/14,Irakleion,35.32787,25.14341,136202,shop_2,kinder-cola,can,330ml,0.79,29777
3707,30/06/15,Irakleion,35.32787,25.14341,138560,shop_2,kinder-cola,can,330ml,0.82,28913
4785,30/06/16,Irakleion,35.32787,25.14341,137302,shop_2,kinder-cola,can,330ml,0.69,36302
5928,30/06/17,Irakleion,35.32787,25.14341,138200,shop_2,kinder-cola,can,330ml,0.8,31760
6945,30/06/18,Irakleion,35.32787,25.14341,137154,shop_2,kinder-cola,can,330ml,0.76,34309
736,30/09/12,Irakleion,35.32787,25.14341,134219,shop_2,kinder-cola,can,330ml,0.82,15742
1813,30/09/13,Irakleion,35.32787,25.14341,135432,shop_2,kinder-cola,can,330ml,0.85,15639
2893,30/09/14,Irakleion,35.32787,25.14341,136202,shop_2,kinder-cola,can,330ml,0.87,15571
3973,30/09/15,Irakleion,35.32787,25.14341,138560,shop_2,kinder-cola,can,330ml,0.68,21725
5052,30/09/16,Irakleion,35.32787,25.14341,137302,shop_2,kinder-cola,can,330ml,0.74,20596
6135,30/09/17,Irakleion,35.32787,25.14341,138200,shop_2,kinder-cola,can,330ml,0.66,23196
7284,30/09/18,Irakleion,35.32787,25.14341,137154,shop_2,kinder-cola,can,330ml,0.68,22964
915,30/11/12,Irakleion,35.32787,25.14341,134219,shop_2,kinder-cola,can,330ml,0.99,8404
1992,30/11/13,Irakleion,35.32787,25.14341,135432,shop_2,kinder-cola,can,330ml,0.76,15185
3072,30/11/14,Irakleion,35.32787,25.14341,136202,shop_2,kinder-cola,can,330ml,0.68,17612
4152,30/11/15,Irakleion,35.32787,25.14341,138560,shop_2,kinder-cola,can,330ml,0.61,19710
5237,30/11/16,Irakleion,35.32787,25.14341,137302,shop_2,kinder-cola,can,330ml,0.64,19130
6313,30/11/17,Irakleion,35.32787,25.14341,138200,shop_2,kinder-cola,can,330ml,0.83,14986
7395,30/11/18,Irakleion,35.32787,25.14341,137154,shop_2,kinder-cola,can,330ml,0.81,15828
13,31/01/12,Irakleion,35.32787,25.14341,134219,shop_2,kinder-cola,can,330ml,0.91,11174
1097,31/01/13,Irakleion,35.32787,25.14341,135432,shop_2,kinder-cola,can,330ml,0.95,10696
2175,31/01/14,Irakleion,35.32787,25.14341,136202,shop_2,kinder-cola,can,330ml,0.55,22208
3252,31/01/15,Irakleion,35.32787,25.14341,138560,shop_2,kinder-cola,can,330ml,0.8,15816
4335,31/01/16,Irakleion,35.32787,25.14341,137302,shop_2,kinder-cola,can,330ml,0.71,18646
5413,31/01/17,Irakleion,35.32787,25.14341,138200,shop_2,kinder-cola,can,330ml,0.69,19397
6493,31/01/18,Irakleion,35.32787,25.14341,137154,shop_2,kinder-cola,can,330ml,0.69,19700
191,31/03/12,Irakleion,35.32787,25.14341,134219,shop_2,kinder-cola,can,330ml,0.65,20461
1275,31/03/13,Irakleion,35.32787,25.14341,135432,shop_2,kinder-cola,can,330ml,0.92,12516
2421,31/03/14,Irakleion,35.32787,25.14341,136202,shop_2,kinder-cola,can,330ml,0.72,19204
3437,31/03/15,Irakleion,,25.14341,138560,shop_2,kinder-cola,can,330ml,0.99,11613
4513,31/03/16,Irakleion,35.32787,25.14341,137302,shop_2,kinder-cola,can,330ml,0.4,28977
5594,31/03/17,Irakleion,35.32787,25.14341,138200,shop_2,kinder-cola,can,330ml,0.68,21546
6673,31/03/18,Irakleion,35.32787,25.14341,137154,shop_2,kinder-cola,can,330ml,0.97,14040
373,31/05/12,Irakleion,35.32787,25.14341,134219,shop_2,kinder-cola,can,330ml,0.7,25923
1454,31/05/13,Irakleion,35.32787,25.14341,135432,shop_2,kinder-cola,can,330ml,0.56,32104
2537,31/05/14,Irakleion,35.32787,25.14341,136202,shop_2,kinder-cola,can,330ml,0.99,15235
3611,31/05/15,Irakleion,35.32787,25.14341,138560,shop_2,kinder-cola,can,330ml,0.89,19918
4690,31/05/16,Irakleion,35.32787,25.14341,137302,shop_2,kinder-cola,can,330ml,0.93,19440
5773,31/05/17,Irakleion,35.32787,25.14341,138200,shop_2,kinder-cola,can,330ml,0.61,32285
6852,31/05/18,Irakleion,35.32787,25.14341,137154,shop_2,kinder-cola,can,330ml,0.65,31163
554,31/07/12,Irakleion,35.32787,25.14341,134219,shop_2,kinder-cola,can,330ml,0.79,25689
1631,31/07/13,Irakleion,35.32787,25.14341,135432,shop_2,kinder-cola,can,330ml,0.67,32342
2713,31/07/14,Irakleion,35.32787,25.14341,136202,shop_2,kinder-cola,can,330ml,0.81,26382
3794,31/07/15,Irakleion,35.32787,25.14341,138560,shop_2,kinder-cola,can,330ml,0.79,28185
4875,31/07/16,Irakleion,35.32787,25.14341,137302,shop_2,kinder-cola,can,330ml,0.85,26321
5954,31/07/17,Irakleion,35.32787,25.14341,138200,shop_2,kinder-cola,can,330ml,0.49,42805
7035,31/07/18,Irakleion,35.32787,25.14341,137154,shop_2,kinder-cola,can,330ml,0.94,23763
640,31/08/12,Irakleion,35.32787,25.14341,134219,shop_2,kinder-cola,can,330ml,0.87,18083
1724,31/08/13,Irakleion,35.32787,25.14341,135432,shop_2,kinder-cola,can,330ml,0.83,20516
2802,31/08/14,Irakleion,35.32787,25.14341,136202,shop_2,kinder-cola,can,330ml,0.8,22290
3884,31/08/15,Irakleion,35.32787,25.14341,138560,shop_2,kinder-cola,can,330ml,0.65,28908
4961,31/08/16,Irakleion,35.32787,25.14341,137302,shop_2,kinder-cola,can,330ml,0.59,31686
6104,31/08/17,Irakleion,35.32787,25.14341,138200,shop_2,kinder-cola,can,330ml,0.64,30283
7121,31/08/18,Irakleion,35.32787,25.14341,137154,shop_2,kinder-cola,can,330ml,0.95,19448
825,31/10/12,Irakleion,35.32787,25.14341,134219,shop_2,kinder-cola,can,330ml,0.85,16925
1904,31/10/13,Irakleion,35.32787,25.14341,135432,shop_2,kinder-cola,can,330ml,0.55,28656
3051,31/10/14,Irakleion,35.32787,25.14341,136202,shop_2,kinder-cola,can,330ml,0.72,23119
4135,31/10/15,Irakleion,35.32787,25.14341,138560,shop_2,kinder-cola,can,330ml,0.87,18405
5144,31/10/16,Irakleion,35.32787,25.14341,137302,shop_2,kinder-cola,can,330ml,0.81,20869
6225,31/10/17,Irakleion,35.32787,25.14341,138200,shop_2,kinder-cola,can,330ml,0.83,20957
7306,31/10/18,Irakleion,35.32787,25.14341,137154,shop_2,kinder-cola,can,330ml,0.7,25711
1005,31/12/12,Irakleion,35.32787,25.14341,134219,shop_2,kinder-cola,can,330ml,0.55,29338
2148,31/12/13,Irakleion,35.32787,25.14341,135432,shop_2,kinder-cola,can,330ml,0.77,21481
3163,31/12/14,Irakleion,35.32787,25.14341,136202,shop_2,kinder-cola,can,330ml,0.71,24287
4242,31/12/15,Irakleion,35.32787,25.14341,138560,shop_2,kinder-cola,can,330ml,0.67,26147
5386,31/12/16,Irakleion,35.32787,25.14341,137302,shop_2,kinder-cola,can,330ml,0.94,17324
6405,31/12/17,Irakleion,35.32787,25.14341,138200,shop_2,kinder-cola,can,330ml,0.74,24733
7483,31/12/18,Irakleion,35.32787,25.14341,137154,shop_2,kinder-cola,can,330ml,0.99,16885
1233,28/02/13,Larisa,39.63689,22.41761,139242,shop_5,kinder-cola,can,330ml,0.79,6966
2311,28/02/14,Larisa,39.63689,22.41761,140563,shop_5,kinder-cola,can,330ml,0.47,11112
3392,28/02/15,Larisa,39.63689,22.41761,141732,shop_5,kinder-cola,can,330ml,1,4811
5570,28/02/17,Larisa,39.63689,22.41761,144302,shop_5,kinder-cola,can,330ml,0.76,8104
6636,28/02/18,Larisa,39.63689,22.41761,144651,shop_5,kinder-cola,can,330ml,0.86,7152
171,29/02/12,Larisa,39.63689,22.41761,137540,shop_5,kinder-cola,can,330ml,0.84,6111
4474,29/02/16,Larisa,39.63689,22.41761,142030,shop_5,kinder-cola,can,330ml,0.6,9819
334,30/04/12,Larisa,39.63689,22.41761,137540,shop_5,kinder-cola,can,330ml,0.76,17428
1415,30/04/13,Larisa,39.63689,22.41761,139242,shop_5,kinder-cola,can,330ml,0.92,12866
2499,30/04/14,Larisa,39.63689,22.41761,140563,shop_5,kinder-cola,can,330ml,0.71,19908
3568,30/04/15,Larisa,39.63689,22.41761,141732,shop_5,kinder-cola,can,330ml,0.66,21696
4655,30/04/16,Larisa,39.63689,22.41761,142030,shop_5,kinder-cola,can,330ml,0.86,16405
5744,30/04/17,Larisa,39.63689,22.41761,144302,shop_5,kinder-cola,can,330ml,0.64,22969
6814,30/04/18,Larisa,39.63689,22.41761,144651,shop_5,kinder-cola,can,330ml,0.77,19858
512,30/06/12,Larisa,39.63689,22.41761,137540,shop_5,kinder-cola,can,330ml,0.75,18503
1603,30/06/13,Larisa,39.63689,22.41761,139242,shop_5,kinder-cola,can,330ml,0.82,16589
2678,30/06/14,Larisa,39.63689,22.41761,140563,shop_5,kinder-cola,can,330ml,0.94,13491
3751,30/06/15,Larisa,39.63689,22.41761,141732,shop_5,kinder-cola,can,330ml,0.81,18204
4831,30/06/16,Larisa,39.63689,22.41761,142030,shop_5,kinder-cola,can,330ml,0.57,25837
5917,30/06/17,Larisa,39.63689,22.41761,144302,shop_5,kinder-cola,can,330ml,0.81,19118
6992,30/06/18,Larisa,39.63689,22.41761,144651,shop_5,kinder-cola,can,330ml,0.61,25524
786,30/09/12,Larisa,39.63689,22.41761,137540,shop_5,kinder-cola,can,330ml,1.01,7791
1864,30/09/13,Larisa,39.63689,22.41761,139242,shop_5,kinder-cola,can,330ml,0.73,15667
2944,30/09/14,Larisa,39.63689,22.41761,140563,shop_5,kinder-cola,can,330ml,0.38,25032
4023,30/09/15,Larisa,39.63689,22.41761,141732,shop_5,kinder-cola,can,330ml,0.72,16759
5124,30/09/16,Larisa,39.63689,22.41761,142030,shop_5,kinder-cola,can,330ml,0.9,12744
6186,30/09/17,Larisa,39.63689,22.41761,144302,shop_5,kinder-cola,can,330ml,0.82,15083
7286,30/09/18,Larisa,39.63689,22.41761,144651,shop_5,kinder-cola,can,330ml,0.75,17277
967,30/11/12,Larisa,39.63689,22.41761,137540,shop_5,kinder-cola,can,330ml,0.65,12070
2056,30/11/13,Larisa,39.63689,22.41761,139242,shop_5,kinder-cola,can,330ml,0.5,15141
3138,30/11/14,Larisa,39.63689,22.41761,140563,shop_5,kinder-cola,can,330ml,0.83,9545
4216,30/11/15,Larisa,39.63689,22.41761,141732,shop_5,kinder-cola,can,330ml,0.85,9430
5297,30/11/16,Larisa,39.63689,22.41761,142030,shop_5,kinder-cola,can,330ml,0.91,8629
6361,30/11/17,Larisa,39.63689,22.41761,144302,shop_5,kinder-cola,can,330ml,0.75,11652
7444,30/11/18,Larisa,39.63689,22.41761,144651,shop_5,kinder-cola,can,330ml,0.86,10081
71,31/01/12,Larisa,39.63689,22.41761,137540,shop_5,kinder-cola,can,330ml,0.46,19572
1148,31/01/13,Larisa,39.63689,22.41761,139242,shop_5,kinder-cola,can,330ml,0.98,8051
2241,31/01/14,Larisa,39.63689,22.41761,140563,shop_5,kinder-cola,can,330ml,0.48,19636
3315,31/01/15,Larisa,39.63689,22.41761,141732,shop_5,kinder-cola,can,330ml,0.77,13397
4382,31/01/16,Larisa,39.63689,22.41761,142030,shop_5,kinder-cola,can,330ml,1.05,8010
5462,31/01/17,Larisa,39.63689,22.41761,144302,shop_5,kinder-cola,can,330ml,0.94,10583
6540,31/01/18,Larisa,39.63689,22.41761,144651,shop_5,kinder-cola,can,330ml,0.67,16424
240,31/03/12,Larisa,39.63689,22.41761,137540,shop_5,kinder-cola,can,330ml,0.8,13943
1327,31/03/13,Larisa,39.63689,22.41761,139242,shop_5,kinder-cola,can,330ml,0.74,16125
2402,31/03/14,Larisa,39.63689,22.41761,140563,shop_5,kinder-cola,can,330ml,0.99,9863
3489,31/03/15,Larisa,39.63689,22.41761,141732,shop_5,kinder-cola,can,330ml,0.83,14583
4563,31/03/16,Larisa,39.63689,22.41761,142030,shop_5,kinder-cola,can,330ml,0.23,30001
5641,31/03/17,Larisa,39.63689,22.41761,144302,shop_5,kinder-cola,can,330ml,0.9,13579
6746,31/03/18,Larisa,39.63689,22.41761,144651,shop_5,kinder-cola,can,330ml,0.82,16054
424,31/05/12,Larisa,39.63689,22.41761,137540,shop_5,kinder-cola,can,330ml,0.99,8669
1528,31/05/13,Larisa,39.63689,22.41761,139242,shop_5,kinder-cola,can,330ml,0.44,23969
2599,31/05/14,Larisa,39.63689,22.41761,140563,shop_5,kinder-cola,can,330ml,0.53,22029
3663,31/05/15,Larisa,39.63689,22.41761,141732,shop_5,kinder-cola,can,330ml,0.76,16240
4735,31/05/16,Larisa,39.63689,22.41761,142030,shop_5,kinder-cola,can,330ml,0.98,11129
5821,31/05/17,Larisa,39.63689,22.41761,144302,shop_5,kinder-cola,can,330ml,0.75,17287
6903,31/05/18,Larisa,39.63689,22.41761,144651,shop_5,kinder-cola,can,330ml,0.88,14624
607,31/07/12,Larisa,39.63689,22.41761,137540,shop_5,kinder-cola,can,330ml,0.85,14781
1685,31/07/13,Larisa,39.63689,22.41761,139242,shop_5,kinder-cola,can,330ml,0.71,19923
2764,31/07/14,Larisa,39.63689,22.41761,140563,shop_5,kinder-cola,can,330ml,0.84,16234
3841,31/07/15,Larisa,39.63689,22.41761,141732,shop_5,kinder-cola,can,330ml,0.55,25708
4922,31/07/16,Larisa,39.63689,22.41761,142030,shop_5,kinder-cola,can,330ml,0.98,13213
5999,31/07/17,Larisa,39.63689,22.41761,144302,shop_5,kinder-cola,can,330ml,0.89,16418
7087,31/07/18,Larisa,39.63689,22.41761,144651,shop_5,kinder-cola,can,330ml,0.49,28235
689,31/08/12,Larisa,39.63689,22.41761,137540,shop_5,kinder-cola,can,330ml,0.77,18809
1771,31/08/13,Larisa,39.63689,22.41761,139242,shop_5,kinder-cola,can,330ml,0.79,18813
2852,31/08/14,Larisa,39.63689,22.41761,140563,shop_5,kinder-cola,can,330ml,0.66,23657
3949,31/08/15,Larisa,39.63689,22.41761,141732,shop_5,kinder-cola,can,330ml,0.85,17980
5013,31/08/16,Larisa,39.63689,22.41761,142030,shop_5,kinder-cola,can,330ml,0.53,28736
6086,31/08/17,Larisa,39.63689,22.41761,144302,shop_5,kinder-cola,can,330ml,0.79,20839
7170,31/08/18,Larisa,39.63689,22.41761,144651,shop_5,kinder-cola,can,330ml,0.96,16175
879,31/10/12,Larisa,39.63689,22.41761,137540,shop_5,kinder-cola,can,330ml,0.74,13495
1955,31/10/13,Larisa,39.63689,22.41761,139242,shop_5,kinder-cola,can,330ml,0.88,10807
3037,31/10/14,Larisa,39.63689,22.41761,140563,shop_5,kinder-cola,can,330ml,0.71,15050
4111,31/10/15,Larisa,39.63689,22.41761,141732,shop_5,kinder-cola,can,330ml,0.76,14293
5191,31/10/16,Larisa,39.63689,22.41761,142030,shop_5,kinder-cola,can,330ml,0.56,18961
6286,31/10/17,Larisa,39.63689,22.41761,144302,shop_5,kinder-cola,can,330ml,0.74,15493
7354,31/10/18,Larisa,39.63689,22.41761,144651,shop_5,kinder-cola,can,330ml,0.94,11548
1072,31/12/12,Larisa,39.63689,22.41761,137540,shop_5,kinder-cola,can,330ml,0.83,14501
2135,31/12/13,Larisa,39.63689,22.41761,139242,shop_5,kinder-cola,can,330ml,0.55,23541
3208,31/12/14,Larisa,39.63689,22.41761,140563,shop_5,kinder-cola,can,330ml,0.68,20086
4295,31/12/15,Larisa,39.63689,22.41761,141732,shop_5,kinder-cola,can,330ml,0.81,16655
5370,31/12/16,Larisa,39.63689,22.41761,142030,shop_5,kinder-cola,can,330ml,0.85,16182
6451,31/12/17,Larisa,39.63689,22.41761,144302,shop_5,kinder-cola,can,330ml,0.9,15106
7548,31/12/18,Larisa,39.63689,22.41761,144651,shop_5,kinder-cola,can,330ml,0.72,20441
