soda.csv
id,date,city,lat,long,pop,shop,brand,container,capacity,price,quantity
1195,28/02/13,Patra,38.24444,21.73444,166301,shop_6,kinder-cola,can,330ml,0.65,16149
2275,28/02/14,Patra,38.24444,21.73444,167242,shop_6,kinder-cola,can,330ml,0.85,11949
3418,28/02/15,Patra,38.24444,21.73444,167001,shop_6,kinder-cola,can,330ml,0.85,12382
5519,28/02/17,Patra,38.24444,21.73444,168501,shop_6,kinder-cola,can,330ml,0.76,15032
6598,28/02/18,Patra,38.24444,21.73444,168034,shop_6,kinder-cola,can,330ml,0.77,15078
115,29/02/12,Patra,38.24444,21.73444,164250,shop_6,kinder-cola,can,330ml,0.74,13663
4435,29/02/16,Patra,38.24444,21.73444,168254,shop_6,kinder-cola,can,330ml,0.7,15948
353,30/04/12,Patra,38.24444,21.73444,164250,shop_6,kinder-cola,can,330ml,0.7,29499
1437,30/04/13,Patra,38.24444,21.73444,166301,shop_6,kinder-cola,can,330ml,0.66,32017
2460,30/04/14,Patra,38.24444,21.73444,167242,shop_6,kinder-cola,can,330ml,0.89,21972
3535,30/04/15,Patra,38.24444,21.73444,167001,shop_6,kinder-cola,can,330ml,0.91,22377
4614,30/04/16,Patra,38.24444,21.73444,168254,shop_6,kinder-cola,can,330ml,0.63,35318
5695,30/04/17,Patra,38.24444,21.73444,168501,shop_6,kinder-cola,can,330ml,0.87,25641
6775,30/04/18,Patra,38.24444,21.73444,168034,shop_6,kinder-cola,can,330ml,0.66,35425
474,30/06/12,Patra,38.24444,21.73444,164250,shop_6,kinder-cola,can,330ml,0.81,34974
1555,30/06/13,Patra,38.24444,21.73444,166301,shop_6,kinder-cola,can,330ml,0.78,38645
2697,30/06/14,Patra,38.24444,21.73444,167242,shop_6,kinder-cola,can,330ml,0.7,44692
3766,30/06/15,Patra,38.24444,21.73444,167001,shop_6,kinder-cola,can,330ml,0.99,26571
4844,30/06/16,Patra,38.24444,21.73444,168254,shop_6,kinder-cola,can,330ml,0.84,37881
5932,30/06/17,Patra,38.24444,21.73444,168501,shop_6,kinder-cola,can,330ml,0.53,58792
6957,30/06/18,Patra,38.24444,21.73444,168034,shop_6,kinder-cola,can,330ml,0.66,51416
747,30/09/12,Patra,38.24444,21.73444,164250,shop_6,kinder-cola,can,330ml,0.9,25115
1826,30/09/13,Patra,38.24444,21.73444,166301,shop_6,kinder-cola,can,330ml,0.78,33413
2907,30/09/14,Patra,38.24444,21.73444,167242,shop_6,kinder-cola,can,330ml,0.65,41896
3988,30/09/15,Patra,38.24444,21.73444,167001,shop_6,kinder-cola,can,330ml,0.92,27162
5111,30/09/16,Patra,38.24444,21.73444,168254,shop_6,kinder-cola,can,330ml,0.78,36340
6148,30/09/17,Patra,38.24444,21.73444,168501,shop_6,kinder-cola,can,330ml,0.66,44023
7221,30/09/18,Patra,38.24444,21.73444,168034,shop_6,kinder-cola,can,330ml,0.62,46950
928,30/11/12,Patra,38.24444,21.73444,164250,shop_6,kinder-cola,can,330ml,0.72,22321
2005,30/11/13,Patra,38.24444,21.73444,166301,shop_6,kinder-cola,can,330ml,0.65,25484
3086,30/11/14,Patra,38.24444,21.73444,167242,shop_6,kinder-cola,can,330ml,0.66,25687
4167,30/11/15,Patra,38.24444,21.73444,167001,shop_6,kinder-cola,can,330ml,0.93,16447
5249,30/11/16,Patra,38.24444,21.73444,168254,shop_6,kinder-cola,can,330ml,0.78,22332
6325,30/11/17,Patra,38.24444,21.73444,168501,shop_6,kinder-cola,can,330ml,0.71,25286
7407,30/11/18,Patra,38.24444,21.73444,168034,shop_6,kinder-cola,can,330ml,0.88,20095
25,31/01/12,Patra,38.24444,21.73444,164250,shop_6,kinder-cola,can,330ml,0.57,26782
1111,31/01/13,Patra,38.24444,21.73444,166301,shop_6,kinder-cola,can,330ml,0.56,27660
2186,31/01/14,Patra,38.24444,21.73444,167242,shop_6,kinder-cola,can,330ml,0.83,18644
3264,31/01/15,Patra,38.24444,21.73444,167001,shop_6,kinder-cola,can,330ml,0.95,15121
4402,31/01/16,Patra,38.24444,21.73444,168254,shop_6,kinder-cola,can,330ml,1.01,13674
5425,31/01/17,Patra,38.24444,21.73444,168501,shop_6,kinder-cola,can,330ml,0.8,21309
6502,31/01/18,Patra,38.24444,21.73444,168034,shop_6,kinder-cola,can,330ml,0.63,27418
205,31/03/12,Patra,38.24444,21.73444,164250,shop_6,kinder-cola,can,330ml,0.9,15900
1287,31/03/13,Patra,38.24444,21.73444,166301,shop_6,kinder-cola,can,330ml,0.65,26102
2368,31/03/14,Patra,38.24444,21.73444,167242,shop_6,kinder-cola,can,330ml,0.79,21370
3448,31/03/15,Patra,38.24444,21.73444,167001,shop_6,kinder-cola,can,330ml,0.72,24729
4526,31/03/16,Patra,38.24444,21.73444,168254,shop_6,kinder-cola,can,330ml,0.9,18614
5607,31/03/17,Patra,38.24444,21.73444,168501,shop_6,kinder-cola,can,330ml,0.79,23234
6684,31/03/18,Patra,38.24444,21.73444,168034,shop_6,kinder-cola,can,330ml,0.56,31625
446,31/05/12,Patra,38.24444,21.73444,164250,shop_6,kinder-cola,can,330ml,0.73,30446
1468,31/05/13,Patra,38.24444,21.73444,166301,shop_6,kinder-cola,can,330ml,0.62,36890
2548,31/05/14,Patra,38.24444,21.73444,167242,shop_6,kinder-cola,can,330ml,0.87,24838
3623,31/05/15,Patra,38.24444,21.73444,167001,shop_6,kinder-cola,can,330ml,0.72,33167
4701,31/05/16,Patra,38.24444,21.73444,168254,shop_6,kinder-cola,can,330ml,0.81,30002
5785,31/05/17,Patra,38.24444,21.73444,168501,shop_6,kinder-cola,can,330ml,0.65,38176
6865,31/05/18,Patra,38.24444,21.73444,168034,shop_6,kinder-cola,can,330ml,0.93,25682
620,31/07/12,Patra,38.24444,21.73444,164250,shop_6,kinder-cola,can,330ml,0.74,39130
1709,31/07/13,Patra,38.24444,21.73444,166301,shop_6,kinder-cola,can,330ml,0.8,36733
2781,31/07/14,Patra,38.24444,21.73444,167242,shop_6,kinder-cola,can,330ml,0.71,43443
3807,31/07/15,Patra,38.24444,21.73444,167001,shop_6,kinder-cola,can,330ml,0.79,39113
4885,31/07/16,Patra,38.24444,21.73444,168254,shop_6,kinder-cola,can,330ml,0.72,44585
6018,31/07/17,Patra,38.24444,21.73444,168501,shop_6,kinder-cola,can,330ml,0.78,42216
7047,31/07/18,Patra,38.24444,21.73444,168034,shop_6,kinder-cola,can,330ml,0.78,43004
652,31/08/12,Patra,38.24444,21.73444,164250,shop_6,kinder-cola,can,330ml,0.79,33723
1736,31/08/13,Patra,38.24444,21.73444,166301,shop_6,kinder-cola,can,330ml,0.7,40223
2815,31/08/14,Patra,38.24444,21.73444,167242,shop_6,kinder-cola,can,330ml,0.75,38096
3895,31/08/15,Patra,38.24444,21.73444,167001,shop_6,kinder-cola,can,330ml,0.87,31911
4973,31/08/16,Patra,38.24444,21.73444,168254,shop_6,kinder-cola,can,330ml,0.66,45506
6054,31/08/17,Patra,38.24444,21.73444,168501,shop_6,kinder-cola,can,330ml,0.63,48111
7191,31/08/18,Patra,38.24444,21.73444,168034,shop_6,kinder-cola,can,330ml,0.91,32701
838,31/10/12,Patra,38.24444,21.73444,164250,shop_6,kinder-cola,can,330ml,0.81,24774
1919,31/10/13,Patra,38.24444,21.73444,166301,shop_6,kinder-cola,can,330ml,0.72,29967
2995,31/10/14,Patra,38.24444,21.73444,167242,shop_6,kinder-cola,can,330ml,0.84,25258
4073,31/10/15,Patra,38.24444,21.73444,167001,shop_6,kinder-cola,can,330ml,0.8,28006
5157,31/10/16,Patra,38.24444,21.73444,168254,shop_6,kinder-cola,can,330ml,0.79,29321
6238,31/10/17,Patra,38.24444,21.73444,168501,shop_6,kinder-cola,can,330ml,0.76,31055
7317,31/10/18,Patra,38.24444,21.73444,168034,shop_6,kinder-cola,can,330ml,0.6,39081
1018,31/12/12,Patra,38.24444,21.73444,164250,shop_6,kinder-cola,can,330ml,0.61,30662
2095,31/12/13,Patra,38.24444,21.73444,166301,shop_6,kinder-cola,can,330ml,0.61,31288
3174,31/12/14,Patra,38.24444,21.73444,167242,shop_6,kinder-cola,can,330ml,0.68,28737
4254,31/12/15,Patra,38.24444,21.73444,167001,shop_6,kinder-cola,can,330ml,0.83,23179
5337,31/12/16,Patra,38.24444,21.73444,168254,shop_6,kinder-cola,can,330ml,0.73,28166
6416,31/12/17,Patra,38.24444,21.73444,168501,shop_6,kinder-cola,can,330ml,1.04,16258
7557,31/12/18,Patra,38.24444,21.73444,168034,shop_6,kinder-cola,can,330ml,0.85,24378
1207,28/02/13,Thessaloniki,40.64361,22.93086,347001,shop_4,kinder-cola,can,330ml,0.58,15752
2287,28/02/14,Thessaloniki,40.64361,22.93086,349232,shop_4,kinder-cola,can,330ml,0.37,20178
3406,28/02/15,Thessaloniki,40.64361,22.93086,351650,shop_4,kinder-cola,can,330ml,0.84,10945
5532,28/02/17,Thessaloniki,40.64361,22.93086,353001,shop_4,kinder-cola,can,330ml,1.11,6479
6659,28/02/18,Thessaloniki,40.64361,22.93086,354290,shop_4,kinder-cola,can,330ml,1,9067
128,29/02/12,Thessaloniki,40.64361,22.93086,346502,shop_4,kinder-cola,can,330ml,0.59,15152
4447,29/02/16,Thessaloniki,40.64361,22.93086,351702,shop_4,kinder-cola,can,330ml,0.9,10268
311,30/04/12,Thessaloniki,40.64361,22.93086,346502,shop_4,kinder-cola,can,330ml,0.7,22207
1389,30/04/13,Thessaloniki,40.64361,22.93086,347001,shop_4,kinder-cola,can,330ml,0.71,22737
2473,30/04/14,Thessaloniki,40.64361,22.93086,349232,shop_4,kinder-cola,can,330ml,0.89,16792
3546,30/04/15,Thessaloniki,40.64361,22.93086,351650,shop_4,kinder-cola,can,330ml,0.86,18317
4628,30/04/16,Thessaloniki,40.64361,22.93086,351702,shop_4,kinder-cola,can,330ml,0.88,18285
5756,30/04/17,Thessaloniki,40.64361,22.93086,353001,shop_4,kinder-cola,can,330ml,0.61,27935
6788,30/04/18,Thessaloniki,40.64361,22.93086,354290,shop_4,kinder-cola,can,330ml,0.66,26625
526,30/06/12,Thessaloniki,40.64361,22.93086,346502,shop_4,kinder-cola,can,330ml,0.81,23986
1607,30/06/13,Thessaloniki,40.64361,22.93086,347001,shop_4,kinder-cola,can,330ml,0.8,25402
2652,30/06/14,Thessaloniki,40.64361,22.93086,349232,shop_4,kinder-cola,can,330ml,0.84,24381
3728,30/06/15,Thessaloniki,40.64361,22.93086,351650,shop_4,kinder-cola,can,330ml,0.65,33685
4808,30/06/16,Thessaloniki,40.64361,22.93086,351702,shop_4,kinder-cola,can,330ml,0.79,28301
5923,30/06/17,Thessaloniki,40.64361,22.93086,353001,shop_4,kinder-cola,can,330ml,0.63,36043
7005,30/06/18,Thessaloniki,40.64361,22.93086,354290,shop_4,kinder-cola,can,330ml,0.8,29257
759,30/09/12,Thessaloniki,40.64361,22.93086,346502,shop_4,kinder-cola,can,330ml,0.75,19931
1839,30/09/13,Thessaloniki,40.64361,22.93086,347001,shop_4,kinder-cola,can,330ml,0.91,14887
2920,30/09/14,Thessaloniki,40.64361,22.93086,349232,shop_4,kinder-cola,can,330ml,0.62,25273
3999,30/09/15,Thessaloniki,40.64361,22.93086,351650,shop_4,kinder-cola,can,330ml,0.81,19565
5074,30/09/16,Thessaloniki,40.64361,22.93086,351702,shop_4,kinder-cola,can,330ml,0.84,19010
6162,30/09/17,Thessaloniki,40.64361,22.93086,353001,shop_4,kinder-cola,can,330ml,0.81,20712
7233,30/09/18,Thessaloniki,40.64361,22.93086,354290,shop_4,kinder-cola,can,330ml,0.59,27999
941,30/11/12,Thessaloniki,40.64361,22.93086,346502,shop_4,kinder-cola,can,330ml,0.9,13421
2018,30/11/13,Thessaloniki,40.64361,22.93086,347001,shop_4,kinder-cola,can,330ml,0.87,14928
3101,30/11/14,Thessaloniki,40.64361,22.93086,349232,shop_4,kinder-cola,can,330ml,0.79,18014
4178,30/11/15,Thessaloniki,40.64361,22.93086,351650,shop_4,kinder-cola,can,330ml,0.7,21227
5260,30/11/16,Thessaloniki,40.64361,22.93086,351702,shop_4,kinder-cola,can,330ml,0.63,23900
6336,30/11/17,Thessaloniki,40.64361,22.93086,353001,shop_4,kinder-cola,can,330ml,0.73,21339
7416,30/11/18,Thessaloniki,40.64361,22.93086,354290,shop_4,kinder-cola,can,330ml,0.68,23111
37,31/01/12,Thessaloniki,40.64361,22.93086,346502,shop_4,kinder-cola,can,330ml,0.79,16018
1121,31/01/13,Thessaloniki,40.64361,22.93086,347001,shop_4,kinder-cola,can,330ml,0.91,12877
2198,31/01/14,Thessaloniki,,22.93086,349232,shop_4,kinder-cola,can,330ml,0.89,14149
3277,31/01/15,Thessaloniki,40.64361,22.93086,351650,shop_4,kinder-cola,can,330ml,0.67,20963
4404,31/01/16,Thessaloniki,40.64361,22.93086,351702,shop_4,kinder-cola,can,330ml,0.58,23834
5437,31/01/17,Thessaloniki,40.64361,22.93086,353001,shop_4,kinder-cola,can,330ml,0.62,23128
6514,31/01/18,Thessaloniki,40.64361,22.93086,354290,shop_4,kinder-cola,can,330ml,0.85,17136
218,31/03/12,Thessaloniki,40.64361,22.93086,346502,shop_4,kinder-cola,can,330ml,0.79,16093
1342,31/03/13,Thessaloniki,40.64361,22.93086,347001,shop_4,kinder-cola,can,330ml,0.68,20013
2380,31/03/14,Thessaloniki,40.64361,22.93086,349232,shop_4,kinder-cola,can,330ml,0.55,24394
3461,31/03/15,Thessaloniki,40.64361,22.93086,351650,shop_4,kinder-cola,can,330ml,0.71,20061
4583,31/03/16,Thessaloniki,40.64361,22.93086,351702,shop_4,kinder-cola,can,330ml,1,12118
5619,31/03/17,Thessaloniki,40.64361,22.93086,353001,shop_4,kinder-cola,can,330ml,0.61,23621
6696,31/03/18,Thessaloniki,40.64361,22.93086,354290,shop_4,kinder-cola,can,330ml,1,13216
437,31/05/12,Thessaloniki,40.64361,22.93086,346502,shop_4,kinder-cola,can,330ml,0.87,20974
1481,31/05/13,Thessaloniki,40.64361,22.93086,347001,shop_4,kinder-cola,can,330ml,0.59,34987
2562,31/05/14,Thessaloniki,40.64361,22.93086,349232,shop_4,kinder-cola,can,330ml,0.88,22378
3638,31/05/15,Thessaloniki,40.64361,22.93086,351650,shop_4,kinder-cola,can,330ml,0.51,39611
4712,31/05/16,Thessaloniki,40.64361,22.93086,351702,shop_4,kinder-cola,can,330ml,1,18783
5798,31/05/17,Thessaloniki,40.64361,22.93086,353001,shop_4,kinder-cola,can,330ml,0.86,25684
6877,31/05/18,Thessaloniki,40.64361,22.93086,354290,shop_4,kinder-cola,can,330ml,0.61,36847
581,31/07/12,Thessaloniki,40.64361,22.93086,346502,shop_4,kinder-cola,can,330ml,0.74,28099
1657,31/07/13,Thessaloniki,40.64361,22.93086,347001,shop_4,kinder-cola,can,330ml,0.92,20279
2738,31/07/14,Thessaloniki,40.64361,22.93086,349232,shop_4,kinder-cola,can,330ml,0.71,30879
3819,31/07/15,Thessaloniki,40.64361,22.93086,351650,shop_4,kinder-cola,can,330ml,0.63,35387
4897,31/07/16,Thessaloniki,40.64361,22.93086,351702,shop_4,kinder-cola,can,330ml,0.75,30673
5975,31/07/17,Thessaloniki,40.64361,22.93086,353001,shop_4,kinder-cola,can,330ml,0.97,21504
7061,31/07/18,Thessaloniki,40.64361,22.93086,354290,shop_4,kinder-cola,can,330ml,0.6,38380
664,31/08/12,Thessaloniki,40.64361,22.93086,346502,shop_4,kinder-cola,can,330ml,0.85,20067
1748,31/08/13,Thessaloniki,40.64361,22.93086,347001,shop_4,kinder-cola,can,330ml,0.47,37291
2827,31/08/14,Thessaloniki,40.64361,22.93086,349232,shop_4,kinder-cola,can,330ml,0.85,21736
3907,31/08/15,Thessaloniki,40.64361,22.93086,351650,shop_4,kinder-cola,can,330ml,0.75,26605
4986,31/08/16,Thessaloniki,40.64361,22.93086,351702,shop_4,kinder-cola,can,330ml,0.8,25242
6066,31/08/17,Thessaloniki,40.64361,22.93086,353001,shop_4,kinder-cola,can,330ml,0.83,24831
7145,31/08/18,Thessaloniki,40.64361,22.93086,354290,shop_4,kinder-cola,can,330ml,0.77,27701
853,31/10/12,Thessaloniki,40.64361,22.93086,346502,shop_4,kinder-cola,can,330ml,0.75,16046
1929,31/10/13,Thessaloniki,40.64361,22.93086,347001,shop_4,kinder-cola,can,330ml,0.51,23506
3010,31/10/14,Thessaloniki,40.64361,22.93086,349232,shop_4,kinder-cola,can,330ml,0.83,14823
4086,31/10/15,Thessaloniki,40.64361,22.93086,351650,shop_4,kinder-cola,can,330ml,0.84,14959
5219,31/10/16,Thessaloniki,40.64361,22.93086,351702,shop_4,kinder-cola,can,330ml,0.7,19219
6293,31/10/17,Thessaloniki,40.64361,22.93086,353001,shop_4,kinder-cola,can,330ml,1.08,9753
7372,31/10/18,Thessaloniki,40.64361,22.93086,354290,shop_4,kinder-cola,can,330ml,0.62,22000
1028,31/12/12,Thessaloniki,40.64361,22.93086,346502,shop_4,kinder-cola,can,330ml,0.79,21564
2110,31/12/13,Thessaloniki,40.64361,22.93086,347001,shop_4,kinder-cola,can,330ml,0.64,28538
3186,31/12/14,Thessaloniki,40.64361,22.93086,349232,shop_4,kinder-cola,can,330ml,0.87,19706
4269,31/12/15,Thessaloniki,40.64361,22.93086,351650,shop_4,kinder-cola,can,330ml,0.88,20300
5350,31/12/16,Thessaloniki,40.64361,22.93086,351702,shop_4,kinder-cola,can,330ml,0.76,25439
6427,31/12/17,Thessaloniki,40.64361,22.93086,353001,shop_4,kinder-cola,can,330ml,0.87,22095
7507,31/12/18,Thessaloniki,40.64361,22.93086,354290,shop_4,kinder-cola,can,330ml,0.5,36361
