soda.csv
id,date,city,lat,long,pop,shop,brand,container,capacity,price,quantity
1170,28/02/13,Athens,37.97945,23.71622,671022,shop_1,kinder-cola,glass,500ml,0.86,11893
2323,28/02/14,Athens,37.97945,23.71622,668203,shop_1,kinder-cola,glass,500ml,1.62,5223
3330,28/02/15,Athens,37.97945,23.71622,667237,shop_1,kinder-cola,glass,500ml,1.24,8859
5490,28/02/17,Athens,37.97945,23.71622,665871,shop_1,kinder-cola,glass,500ml,1.78,4708
6570,28/02/18,Athens,37.97945,23.71622,664046,shop_1,kinder-cola,glass,500ml,0.99,11648
90,29/02/12,Athens,37.97945,23.71622,672130,shop_1,kinder-cola,glass,500ml,0.96,10799
4410,29/02/16,Athens,37.97945,23.71622,665102,shop_1,kinder-cola,glass,500ml,1.54,6486
270,30/04/12,Athens,37.97945,23.71622,672130,shop_1,kinder-cola,glass,500ml,1.31,12234
1424,30/04/13,Athens,37.97945,23.71622,671022,shop_1,kinder-cola,glass,500ml,0.99,17645
2430,30/04/14,Athens,37.97945,23.71622,668203,shop_1,kinder-cola,glass,500ml,1.22,14543
3510,30/04/15,Athens,37.97945,23.71622,667237,shop_1,kinder-cola,glass,500ml,1.36,12841
4666,30/04/16,Athens,37.97945,23.71622,665102,shop_1,kinder-cola,glass,500ml,1.35,13372
5670,30/04/17,Athens,37.97945,23.71622,665871,shop_1,kinder-cola,glass,500ml,1.4,13101
6833,30/04/18,Athens,37.97945,23.71622,664046,shop_1,kinder-cola,glass,500ml,1.33,14422
450,30/06/12,Athens,37.97945,23.71622,672130,shop_1,kinder-cola,glass,500ml,0.84,26725
1530,30/06/13,Athens,37.97945,23.71622,671022,shop_1,kinder-cola,glass,500ml,1.48,13828
2610,30/06/14,Athens,37.97945,23.71622,668203,shop_1,kinder-cola,glass,500ml,1.23,19705
3690,30/06/15,Athens,37.97945,23.71622,667237,shop_1,kinder-cola,glass,500ml,1.44,15994
4770,30/06/16,Athens,37.97945,23.71622,665102,shop_1,kinder-cola,glass,500ml,1.38,17677
5850,30/06/17,Athens,37.97945,23.71622,665871,shop_1,kinder-cola,glass,500ml,1.14,22880
6930,30/06/18,Athens,37.97945,23.71622,664046,shop_1,kinder-cola,glass,500ml,1.47,17139
720,30/09/12,Athens,37.97945,23.71622,672130,shop_1,kinder-cola,glass,500ml,1.27,11417
1800,30/09/13,Athens,37.97945,23.71622,671022,shop_1,kinder-cola,glass,500ml,1.11,13952
2880,30/09/14,Athens,37.97945,23.71622,668203,shop_1,kinder-cola,glass,500ml,1.12,14130
4039,30/09/15,Athens,37.97945,23.71622,667237,shop_1,kinder-cola,glass,500ml,1.13,14342
5040,30/09/16,Athens,37.97945,23.71622,665102,shop_1,kinder-cola,glass,500ml,1.46,10459
6204,30/09/17,Athens,37.97945,23.71622,665871,shop_1,kinder-cola,glass,500ml,1.76,7171
7280,30/09/18,Athens,37.97945,23.71622,664046,shop_1,kinder-cola,glass,500ml,1.11,15469
900,30/11/12,Athens,37.97945,23.71622,672130,shop_1,kinder-cola,glass,500ml,0.95,15536
2069,30/11/13,Athens,37.97945,23.71622,671022,shop_1,kinder-cola,glass,500ml,0.71,19041
3060,30/11/14,Athens,37.97945,23.71622,668203,shop_1,kinder-cola,glass,500ml,1.39,10353
4140,30/11/15,Athens,37.97945,23.71622,667237,shop_1,kinder-cola,glass,500ml,1.7,6907
5220,30/11/16,Athens,37.97945,23.71622,665102,shop_1,kinder-cola,glass,500ml,1.03,15656
6300,30/11/17,Athens,37.97945,23.71622,665871,shop_1,kinder-cola,glass,500ml,1.6,8890
7380,30/11/18,Athens,37.97945,23.71622,664046,shop_1,kinder-cola,glass,500ml,1.64,8819
0,31/01/12,Athens,37.97945,23.71622,672130,shop_1,kinder-cola,glass,500ml,0.96,13280
1080,31/01/13,Athens,37.97945,23.71622,671022,shop_1,kinder-cola,glass,500ml,1.32,9374
2160,31/01/14,Athens,37.97945,23.71622,668203,shop_1,kinder-cola,glass,500ml,1.15,11652
3322,31/01/15,Athens,37.97945,23.71622,667237,shop_1,kinder-cola,glass,500ml,1.33,9949
4408,31/01/16,Athens,37.97945,23.71622,665102,shop_1,kinder-cola,glass,500ml,1.39,9551
5400,31/01/17,Athens,37.97945,23.71622,665871,shop_1,kinder-cola,glass,500ml,1.26,11280
6560,31/01/18,Athens,37.97945,23.71622,664046,shop_1,kinder-cola,glass,500ml,1.58,8253
180,31/03/12,Athens,37.97945,23.71622,672130,shop_1,kinder-cola,glass,500ml,1.33,12248
1260,31/03/13,Athens,37.97945,23.71622,671022,shop_1,kinder-cola,glass,500ml,1.03,17406
2425,31/03/14,Athens,37.97945,23.71622,668203,shop_1,kinder-cola,glass,500ml,1.4,12211
3420,31/03/15,Athens,37.97945,,667237,shop_1,kinder-cola,glass,500ml,1.25,14878
4500,31/03/16,Athens,37.97945,23.71622,665102,shop_1,kinder-cola,glass,500ml,1.44,12378
5580,31/03/17,Athens,37.97945,23.71622,665871,shop_1,kinder-cola,glass,500ml,1.07,18118
6738,31/03/18,Athens,37.97945,23.71622,664046,shop_1,kinder-cola,glass,500ml,1.43,13367
360,31/05/12,Athens,37.97945,23.71622,672130,shop_1,kinder-cola,glass,500ml,0.93,22444
1440,31/05/13,Athens,37.97945,23.71622,671022,shop_1,kinder-cola,glass,500ml,1.03,20883
2520,31/05/14,Athens,37.97945,23.71622,668203,shop_1,kinder-cola,glass,500ml,1.59,11110
3600,31/05/15,Athens,37.97945,23.71622,667237,shop_1,kinder-cola,glass,500ml,1.01,22210
4680,31/05/16,Athens,37.97945,23.71622,665102,shop_1,kinder-cola,glass,500ml,1.73,9919
5760,31/05/17,Athens,37.97945,23.71622,665871,shop_1,kinder-cola,glass,500ml,1.72,10614
6919,31/05/18,Athens,37.97945,23.71622,664046,shop_1,kinder-cola,glass,500ml,0.99,23595
540,31/07/12,Athens,37.97945,23.71622,672130,shop_1,kinder-cola,glass,500ml,1.16,21950
1706,31/07/13,Athens,37.97945,23.71622,671022,shop_1,kinder-cola,glass,500ml,1.29,19667
2700,31/07/14,Athens,37.97945,23.71622,668203,shop_1,kinder-cola,glass,500ml,1.18,22839
3780,31/07/15,Athens,37.97945,23.71622,667237,shop_1,kinder-cola,glass,500ml,1.61,13875
4860,31/07/16,Athens,37.97945,23.71622,665102,shop_1,kinder-cola,glass,500ml,1.45,18004
5940,31/07/17,Athens,37.97945,23.71622,665871,shop_1,kinder-cola,glass,500ml,1.36,20643
7020,31/07/18,Athens,37.97945,23.71622,664046,shop_1,kinder-cola,glass,500ml,0.9,30624
630,31/08/12,Athens,37.97945,23.71622,672130,shop_1,kinder-cola,glass,500ml,1.39,14036
1710,31/08/13,Athens,37.97945,23.71622,671022,shop_1,kinder-cola,glass,500ml,1.14,19391
2864,31/08/14,Athens,37.97945,23.71622,668203,shop_1,kinder-cola,glass,500ml,1.07,21137
3870,31/08/15,Athens,37.97945,23.71622,667237,shop_1,kinder-cola,glass,500ml,1.55,12806
5026,31/08/16,Athens,37.97945,23.71622,665102,shop_1,kinder-cola,glass,500ml,1.04,22607
6115,31/08/17,Athens,37.97945,23.71622,665871,shop_1,kinder-cola,glass,500ml,1.48,15175
7110,31/08/18,Athens,37.97945,23.71622,664046,shop_1,kinder-cola,glass,500ml,1.3,18853
810,31/10/12,Athens,37.97945,23.71622,672130,shop_1,kinder-cola,glass,500ml,1.39,9719
1890,31/10/13,Athens,37.97945,23.71622,671022,shop_1,kinder-cola,glass,500ml,1.14,13559
3058,31/10/14,Athens,37.97945,23.71622,668203,shop_1,kinder-cola,glass,500ml,1.43,10050
4050,31/10/15,Athens,37.97945,23.71622,667237,shop_1,kinder-cola,glass,500ml,1.45,10163
5130,31/10/16,Athens,37.97945,23.71622,665102,shop_1,kinder-cola,glass,500ml,1.1,14904
6210,31/10/17,Athens,37.97945,23.71622,665871,shop_1,kinder-cola,glass,500ml,0.73,19863
7290,31/10/18,Athens,37.97945,23.71622,664046,shop_1,kinder-cola,glass,500ml,1.71,8152
990,31/12/12,Athens,37.97945,23.71622,672130,shop_1,kinder-cola,glass,500ml,1.56,9223
2070,31/12/13,Athens,37.97945,23.71622,671022,shop_1,kinder-cola,glass,500ml,1.13,16837
3150,31/12/14,Athens,37.97945,23.71622,668203,shop_1,kinder-cola,glass,500ml,1.43,12435
4230,31/12/15,Athens,37.97945,23.71622,667237,shop_1,kinder-cola,glass,500ml,1.13,17597
5310,31/12/16,Athens,37.97945,23.71622,665102,shop_1,kinder-cola,glass,500ml,0.81,22913
6390,31/12/17,Athens,37.97945,23.71622,665871,shop_1,kinder-cola,glass,500ml,1.38,14506
7470,31/12/18,Athens,37.97945,23.71622,664046,shop_1,kinder-cola,glass,500ml,1.5,13173
1218,28/02/13,Athens,37.96245,23.68708,671022,shop_3,kinder-cola,glass,500ml,1.1,8571
2298,28/02/14,Athens,37.96245,23.68708,668203,shop_3,kinder-cola,glass,500ml,1.34,6886
3379,28/02/15,Athens,37.96245,23.68708,667237,shop_3,kinder-cola,glass,500ml,1.72,4118
5543,28/02/17,Athens,37.96245,23.68708,665871,shop_3,kinder-cola,glass,500ml,0.96,10394
6620,28/02/18,Athens,37.96245,23.68708,664046,shop_3,kinder-cola,glass,500ml,1.49,6604
139,29/02/12,Athens,37.96245,23.68708,672130,shop_3,kinder-cola,glass,500ml,1.13,8191
4490,29/02/16,Athens,37.96245,23.68708,665102,shop_3,kinder-cola,glass,500ml,1.23,8197
323,30/04/12,Athens,37.96245,23.68708,672130,shop_3,kinder-cola,glass,500ml,1.3,10271
1401,30/04/13,Athens,37.96245,23.68708,671022,shop_3,kinder-cola,glass,500ml,1.19,12026
2485,30/04/14,Athens,37.96245,23.68708,668203,shop_3,kinder-cola,glass,500ml,1.64,6884
3581,30/04/15,Athens,37.96245,23.68708,667237,shop_3,kinder-cola,glass,500ml,1.54,8421
4640,30/04/16,Athens,37.96245,23.68708,665102,shop_3,kinder-cola,glass,500ml,1.41,10379
5720,30/04/17,Athens,37.96245,23.68708,665871,shop_3,kinder-cola,glass,500ml,0.69,19021
6800,30/04/18,Athens,37.96245,23.68708,664046,shop_3,kinder-cola,glass,500ml,1.14,14065
497,30/06/12,Athens,37.96245,23.68708,672130,shop_3,kinder-cola,glass,500ml,1.34,14594
1579,30/06/13,Athens,37.96245,23.68708,671022,shop_3,kinder-cola,glass,500ml,1.16,18711
2663,30/06/14,Athens,37.96245,23.68708,668203,shop_3,kinder-cola,glass,500ml,1.08,20598
3737,30/06/15,Athens,37.96245,23.68708,667237,shop_3,kinder-cola,glass,500ml,1.47,13938
4817,30/06/16,Athens,37.96245,23.68708,665102,shop_3,kinder-cola,glass,500ml,1.58,12511
5891,30/06/17,Athens,37.96245,23.68708,665871,shop_3,kinder-cola,glass,500ml,1.48,14764
6977,30/06/18,Athens,37.96245,23.68708,664046,shop_3,kinder-cola,glass,500ml,0.83,26425
772,30/09/12,Athens,37.96245,23.68708,672130,shop_3,kinder-cola,glass,500ml,1.36,9964
1852,30/09/13,Athens,37.96245,23.68708,671022,shop_3,kinder-cola,glass,500ml,1.35,10491
2932,30/09/14,Athens,37.96245,23.68708,668203,shop_3,kinder-cola,glass,500ml,0.95,16061
4011,30/09/15,Athens,37.96245,23.68708,667237,shop_3,kinder-cola,glass,500ml,1.67,7210
5085,30/09/16,Athens,37.96245,23.68708,665102,shop_3,kinder-cola,glass,500ml,1.31,12071
6172,30/09/17,Athens,37.96245,23.68708,665871,shop_3,kinder-cola,glass,500ml,1.17,14093
7244,30/09/18,Athens,37.96245,23.68708,664046,shop_3,kinder-cola,glass,500ml,1.12,15035
952,30/11/12,Athens,37.96245,23.68708,672130,shop_3,kinder-cola,glass,500ml,1.38,7396
2055,30/11/13,Athens,37.96245,23.68708,671022,shop_3,kinder-cola,glass,500ml,1.1,10448
3113,30/11/14,Athens,37.96245,23.68708,668203,shop_3,kinder-cola,glass,500ml,1.23,9486
4187,30/11/15,Athens,37.96245,23.68708,667237,shop_3,kinder-cola,glass,500ml,0.95,12417
5271,30/11/16,Athens,37.96245,23.68708,665102,shop_3,kinder-cola,glass,500ml,0.97,12416
6347,30/11/17,Athens,37.96245,23.68708,665871,shop_3,kinder-cola,glass,500ml,1.47,7961
7429,30/11/18,Athens,37.96245,23.68708,664046,shop_3,kinder-cola,glass,500ml,1.9,4369
73,31/01/12,Athens,37.96245,23.68708,672130,shop_3,kinder-cola,glass,500ml,1.57,5089
1132,31/01/13,Athens,37.96245,23.68708,671022,shop_3,kinder-cola,glass,500ml,1.26,8360
2230,31/01/14,Athens,37.96245,23.68708,668203,shop_3,kinder-cola,glass,500ml,1.03,10743
3288,31/01/15,Athens,37.96245,23.68708,667237,shop_3,kinder-cola,glass,500ml,1.12,10069
4367,31/01/16,Athens,37.96245,23.68708,665102,shop_3,kinder-cola,glass,500ml,1.4,7824
5448,31/01/17,Athens,37.96245,23.68708,665871,shop_3,kinder-cola,glass,500ml,1.51,7100
6526,31/01/18,Athens,37.96245,23.68708,664046,shop_3,kinder-cola,glass,500ml,1.04,11367
228,31/03/12,Athens,37.96245,23.68708,672130,shop_3,kinder-cola,glass,500ml,1.24,10319
1313,31/03/13,Athens,37.96245,23.68708,671022,shop_3,kinder-cola,glass,500ml,1.16,11556
2389,31/03/14,Athens,37.96245,23.68708,668203,shop_3,kinder-cola,glass,500ml,1.51,7823
3474,31/03/15,Athens,37.96245,23.68708,667237,shop_3,kinder-cola,glass,500ml,1.23,11446
4549,31/03/16,Athens,37.96245,23.68708,665102,shop_3,kinder-cola,glass,500ml,1.28,11126
5628,31/03/17,Athens,37.96245,23.68708,665871,shop_3,kinder-cola,glass,500ml,1.29,11311
6706,31/03/18,Athens,37.96245,23.68708,664046,shop_3,kinder-cola,glass,500ml,1.23,12195
409,31/05/12,Athens,37.96245,23.68708,672130,shop_3,kinder-cola,glass,500ml,1.59,7023
1493,31/05/13,Athens,37.96245,23.68708,671022,shop_3,kinder-cola,glass,500ml,1.53,8271
2572,31/05/14,Athens,37.96245,23.68708,668203,shop_3,kinder-cola,glass,500ml,1.1,14449
3650,31/05/15,Athens,37.96245,23.68708,667237,shop_3,kinder-cola,glass,500ml,1.06,15229
4722,31/05/16,Athens,37.96245,23.68708,665102,shop_3,kinder-cola,glass,500ml,0.82,18560
5845,31/05/17,Athens,37.96245,23.68708,665871,shop_3,kinder-cola,glass,500ml,1.87,5760
6889,31/05/18,Athens,37.96245,23.68708,664046,shop_3,kinder-cola,glass,500ml,0.93,17680
621,31/07/12,Athens,37.96245,23.68708,672130,shop_3,kinder-cola,glass,500ml,1.19,17037
1670,31/07/13,Athens,37.96245,23.68708,671022,shop_3,kinder-cola,glass,500ml,1.56,10828
2748,31/07/14,Athens,37.96245,23.68708,668203,shop_3,kinder-cola,glass,500ml,1.73,8426
3865,31/07/15,Athens,37.96245,23.68708,667237,shop_3,kinder-cola,glass,500ml,1.69,9724
4908,31/07/16,Athens,37.96245,23.68708,665102,shop_3,kinder-cola,glass,500ml,0.97,22632
5985,31/07/17,Athens,37.96245,23.68708,665871,shop_3,kinder-cola,glass,500ml,1.03,22051
7073,31/07/18,Athens,37.96245,23.68708,664046,shop_3,kinder-cola,glass,500ml,0.72,27503
675,31/08/12,Athens,37.96245,23.68708,672130,shop_3,kinder-cola,glass,500ml,1.19,15223
1790,31/08/13,Athens,37.96245,23.68708,671022,shop_3,kinder-cola,glass,500ml,1.32,13525
2837,31/08/14,Athens,37.96245,23.68708,668203,shop_3,kinder-cola,glass,500ml,1.11,17318
3944,31/08/15,Athens,37.96245,23.68708,667237,shop_3,kinder-cola,glass,500ml,0.9,20987
5027,31/08/16,Athens,37.96245,23.68708,665102,shop_3,kinder-cola,glass,500ml,1.52,11792
6107,31/08/17,Athens,37.96245,23.68708,665871,shop_3,kinder-cola,glass,500ml,1.42,13816
7155,31/08/18,Athens,37.96245,23.68708,664046,shop_3,kinder-cola,glass,500ml,1.54,12471
865,31/10/12,Athens,37.96245,23.68708,672130,shop_3,kinder-cola,glass,500ml,1.49,6713
1967,31/10/13,Athens,37.96245,23.68708,671022,shop_3,kinder-cola,glass,500ml,1.83,3460
3022,31/10/14,Athens,37.96245,23.68708,668203,shop_3,kinder-cola,glass,500ml,1.28,9660
4097,31/10/15,Athens,37.96245,23.68708,667237,shop_3,kinder-cola,glass,500ml,0.78,15101
5178,31/10/16,Athens,37.96245,23.68708,665102,shop_3,kinder-cola,glass,500ml,0.72,15952
6260,31/10/17,Athens,37.96245,23.68708,665871,shop_3,kinder-cola,glass,500ml,1.55,7860
7340,31/10/18,Athens,37.96245,23.68708,664046,shop_3,kinder-cola,glass,500ml,1.26,10924
1040,31/12/12,Athens,37.96245,23.68708,672130,shop_3,kinder-cola,glass,500ml,1.19,9070
2155,31/12/13,Athens,37.96245,23.68708,671022,shop_3,kinder-cola,glass,500ml,1.45,6730
3195,31/12/14,Athens,37.96245,23.68708,668203,shop_3,kinder-cola,glass,500ml,1.47,6889
4318,31/12/15,Athens,37.96245,23.68708,667237,shop_3,kinder-cola,glass,500ml,0.9,12446
5361,31/12/16,Athens,37.96245,23.68708,665102,shop_3,kinder-cola,glass,500ml,0.81,13495
6437,31/12/17,Athens,37.96245,23.68708,665871,shop_3,kinder-cola,glass,500ml,1.71,5599
7518,31/12/18,Athens,37.96245,23.68708,664046,shop_3,kinder-cola,glass,500ml,1.43,8301
