soda.csv
id,date,city,lat,long,pop,shop,brand,container,capacity,price,quantity
1193,28/02/13,Patra,38.24444,21.73444,166301,shop_6,kinder-cola,glass,500ml,1.74,7176
2273,28/02/14,Patra,38.24444,21.73444,167242,shop_6,kinder-cola,glass,500ml,1.18,17680
3419,28/02/15,Patra,38.24444,21.73444,167001,shop_6,kinder-cola,glass,500ml,1.34,15268
5517,28/02/17,Patra,38.24444,21.73444,168501,shop_6,kinder-cola,glass,500ml,1.6,12068
6648,28/02/18,Patra,38.24444,21.73444,168034,shop_6,kinder-cola,glass,500ml,0.39,31794
114,29/02/12,Patra,38.24444,21.73444,164250,shop_6,kinder-cola,glass,500ml,1.3,14558
4433,29/02/16,Patra,38.24444,21.73444,168254,shop_6,kinder-cola,glass,500ml,1.34,15780
297,30/04/12,Patra,38.24444,21.73444,164250,shop_6,kinder-cola,glass,500ml,0.93,32238
1376,30/04/13,Patra,38.24444,21.73444,166301,shop_6,kinder-cola,glass,500ml,1.18,25977
2458,30/04/14,Patra,38.24444,21.73444,167242,shop_6,kinder-cola,glass,500ml,1.39,21238
3599,30/04/15,Patra,38.24444,21.73444,167001,shop_6,kinder-cola,glass,500ml,1.22,26309
4613,30/04/16,Patra,38.24444,21.73444,168254,shop_6,kinder-cola,glass,500ml,1.3,24856
5693,30/04/17,Patra,38.24444,21.73444,168501,shop_6,kinder-cola,glass,500ml,1.63,17449
6773,30/04/18,Patra,38.24444,21.73444,168034,shop_6,kinder-cola,glass,500ml,1.35,25143
472,30/06/12,Patra,38.24444,21.73444,164250,shop_6,kinder-cola,glass,500ml,1.02,41329
2636,30/06/14,Patra,38.24444,21.73444,167242,shop_6,kinder-cola,glass,500ml,1.42,28363
3718,30/06/15,Patra,38.24444,21.73444,167001,shop_6,kinder-cola,glass,500ml,0.96,46224
4797,30/06/16,Patra,38.24444,21.73444,168254,shop_6,kinder-cola,glass,500ml,1.09,42323
5926,30/06/17,Patra,38.24444,21.73444,168501,shop_6,kinder-cola,glass,500ml,1.51,28549
6956,30/06/18,Patra,38.24444,21.73444,168034,shop_6,kinder-cola,glass,500ml,1.52,29308
795,30/09/12,Patra,38.24444,21.73444,164250,shop_6,kinder-cola,glass,500ml,1.38,21310
1824,30/09/13,Patra,38.24444,21.73444,166301,shop_6,kinder-cola,glass,500ml,1.46,19658
2905,30/09/14,Patra,38.24444,21.73444,167242,shop_6,kinder-cola,glass,500ml,1.08,31440
3986,30/09/15,Patra,38.24444,21.73444,167001,shop_6,kinder-cola,glass,500ml,1.46,21584
5061,30/09/16,Patra,38.24444,21.73444,168254,shop_6,kinder-cola,glass,500ml,1.22,28909
6146,30/09/17,Patra,38.24444,21.73444,168501,shop_6,kinder-cola,glass,500ml,1.39,25164
7219,30/09/18,Patra,38.24444,21.73444,168034,shop_6,kinder-cola,glass,500ml,0.94,37397
926,30/11/12,Patra,38.24444,21.73444,164250,shop_6,kinder-cola,glass,500ml,1.23,16662
2003,30/11/13,Patra,38.24444,21.73444,166301,shop_6,kinder-cola,glass,500ml,0.87,23921
3084,30/11/14,Patra,38.24444,21.73444,167242,shop_6,kinder-cola,glass,500ml,1.16,18991
4165,30/11/15,Patra,38.24444,21.73444,167001,shop_6,kinder-cola,glass,500ml,1.29,17150
5304,30/11/16,Patra,38.24444,21.73444,168254,shop_6,kinder-cola,glass,500ml,1.62,11727
6323,30/11/17,Patra,38.24444,21.73444,168501,shop_6,kinder-cola,glass,500ml,1.36,16783
7405,30/11/18,Patra,38.24444,21.73444,168034,shop_6,kinder-cola,glass,500ml,1.46,15520
23,31/01/12,Patra,38.24444,21.73444,164250,shop_6,kinder-cola,glass,500ml,1.11,17474
1109,31/01/13,Patra,38.24444,21.73444,166301,shop_6,kinder-cola,glass,500ml,1.27,15080
2184,31/01/14,Patra,38.24444,21.73444,167242,shop_6,kinder-cola,glass,500ml,1.23,16381
3262,31/01/15,Patra,38.24444,21.73444,167001,shop_6,kinder-cola,glass,500ml,1.18,17612
4405,31/01/16,Patra,38.24444,21.73444,168254,shop_6,kinder-cola,glass,500ml,1.19,17830
5424,31/01/17,Patra,38.24444,21.73444,168501,shop_6,kinder-cola,glass,500ml,1.57,12221
6500,31/01/18,Patra,38.24444,21.73444,168034,shop_6,kinder-cola,glass,500ml,1.44,14706
203,31/03/12,Patra,38.24444,21.73444,164250,shop_6,kinder-cola,glass,500ml,1.52,13455
1285,31/03/13,Patra,38.24444,21.73444,166301,shop_6,kinder-cola,glass,500ml,1.43,16157
2366,31/03/14,Patra,38.24444,21.73444,167242,shop_6,kinder-cola,glass,500ml,1.05,25279
3447,31/03/15,Patra,38.24444,21.73444,167001,shop_6,kinder-cola,glass,500ml,1.18,23023
4524,31/03/16,Patra,38.24444,21.73444,168254,shop_6,kinder-cola,glass,500ml,1.39,19086
5605,31/03/17,Patra,38.24444,21.73444,168501,shop_6,kinder-cola,glass,500ml,1.15,24587
6683,31/03/18,Patra,38.24444,21.73444,168034,shop_6,kinder-cola,glass,500ml,1.21,23895
382,31/05/12,Patra,38.24444,21.73444,164250,shop_6,kinder-cola,glass,500ml,1.14,32905
1466,31/05/13,Patra,38.24444,21.73444,166301,shop_6,kinder-cola,glass,500ml,1.11,34502
2546,31/05/14,Patra,38.24444,21.73444,167242,shop_6,kinder-cola,glass,500ml,0.98,39613
3621,31/05/15,Patra,38.24444,21.73444,167001,shop_6,kinder-cola,glass,500ml,1.39,27289
4699,31/05/16,Patra,38.24444,21.73444,168254,shop_6,kinder-cola,glass,500ml,1.54,23318
5831,31/05/17,Patra,38.24444,21.73444,168501,shop_6,kinder-cola,glass,500ml,1.09,38306
6863,31/05/18,Patra,38.24444,21.73444,168034,shop_6,kinder-cola,glass,500ml,1.75,19048
566,31/07/12,Patra,38.24444,21.73444,164250,shop_6,kinder-cola,glass,500ml,1.35,30386
1643,31/07/13,Patra,38.24444,21.73444,166301,shop_6,kinder-cola,glass,500ml,1.21,37247
2725,31/07/14,Patra,38.24444,21.73444,167242,shop_6,kinder-cola,glass,500ml,1.31,34148
3805,31/07/15,Patra,38.24444,21.73444,167001,shop_6,kinder-cola,glass,500ml,1.42,31349
4883,31/07/16,Patra,38.24444,21.73444,168254,shop_6,kinder-cola,glass,500ml,1.37,34145
5965,31/07/17,Patra,38.24444,21.73444,168501,shop_6,kinder-cola,glass,500ml,1.19,41822
7046,31/07/18,Patra,38.24444,21.73444,168034,shop_6,kinder-cola,glass,500ml,1.1,45914
650,31/08/12,Patra,38.24444,21.73444,164250,shop_6,kinder-cola,glass,500ml,1.3,26601
1734,31/08/13,Patra,38.24444,21.73444,166301,shop_6,kinder-cola,glass,500ml,1.3,27822
2814,31/08/14,Patra,38.24444,21.73444,167242,shop_6,kinder-cola,glass,500ml,1.02,37534
3893,31/08/15,Patra,38.24444,21.73444,167001,shop_6,kinder-cola,glass,500ml,1.34,28089
4971,31/08/16,Patra,38.24444,21.73444,168254,shop_6,kinder-cola,glass,500ml,1.51,23879
6052,31/08/17,Patra,38.24444,21.73444,168501,shop_6,kinder-cola,glass,500ml,1.22,33411
7130,31/08/18,Patra,38.24444,21.73444,168034,shop_6,kinder-cola,glass,500ml,1.26,33082
894,31/10/12,Patra,38.24444,21.73444,164250,shop_6,kinder-cola,glass,500ml,1.2,20556
1917,31/10/13,Patra,38.24444,21.73444,166301,shop_6,kinder-cola,glass,500ml,0.99,25858
2993,31/10/14,Patra,38.24444,21.73444,167242,shop_6,kinder-cola,glass,500ml,1.21,21415
4071,31/10/15,Patra,38.24444,21.73444,167001,shop_6,kinder-cola,glass,500ml,1.51,15591
5155,31/10/16,Patra,38.24444,21.73444,168254,shop_6,kinder-cola,glass,500ml,1.35,19562
6236,31/10/17,Patra,38.24444,21.73444,168501,shop_6,kinder-cola,glass,500ml,1.34,20361
7370,31/10/18,Patra,38.24444,21.73444,168034,shop_6,kinder-cola,glass,500ml,1.38,20083
1016,31/12/12,Patra,38.24444,21.73444,164250,shop_6,kinder-cola,glass,500ml,1.23,24272
2093,31/12/13,Patra,38.24444,21.73444,166301,shop_6,kinder-cola,glass,500ml,1.43,19717
3172,31/12/14,Patra,38.24444,21.73444,167242,shop_6,kinder-cola,glass,500ml,1.37,22174
4252,31/12/15,Patra,38.24444,21.73444,167001,shop_6,kinder-cola,glass,500ml,1.18,27854
5335,31/12/16,Patra,38.24444,21.73444,168254,shop_6,kinder-cola,glass,500ml,1.18,28656
6414,31/12/17,Patra,38.24444,21.73444,168501,shop_6,kinder-cola,glass,500ml,1.24,27710
7494,31/12/18,Patra,38.24444,21.73444,168034,shop_6,kinder-cola,glass,500ml,1.32,26319
1205,28/02/13,Thessaloniki,40.64361,22.93086,347001,shop_4,kinder-cola,glass,500ml,1.24,10802
2335,28/02/14,Thessaloniki,40.64361,22.93086,349232,shop_4,kinder-cola,glass,500ml,1.19,11715
3366,28/02/15,Thessaloniki,40.64361,22.93086,351650,shop_4,kinder-cola,glass,500ml,1.04,13694
5530,28/02/17,Thessaloniki,40.64361,22.93086,353001,shop_4,kinder-cola,glass,500ml,1.57,8429
6609,28/02/18,Thessaloniki,40.64361,22.93086,354290,shop_4,kinder-cola,glass,500ml,1.16,13110
126,29/02/12,Thessaloniki,40.64361,22.93086,346502,shop_4,kinder-cola,glass,500ml,1.44,8015
4445,29/02/16,Thessaloniki,40.64361,22.93086,351702,shop_4,kinder-cola,glass,500ml,1.31,10952
309,30/04/12,Thessaloniki,40.64361,22.93086,346502,shop_4,kinder-cola,glass,500ml,1.33,14495
1387,30/04/13,Thessaloniki,40.64361,22.93086,347001,shop_4,kinder-cola,glass,500ml,0.99,21247
2471,30/04/14,Thessaloniki,40.64361,22.93086,349232,shop_4,kinder-cola,glass,500ml,0.68,27214
3545,30/04/15,Thessaloniki,40.64361,22.93086,351650,shop_4,kinder-cola,glass,500ml,1.23,17809
4626,30/04/16,Thessaloniki,40.64361,22.93086,351702,shop_4,kinder-cola,glass,500ml,1.71,9949
5706,30/04/17,Thessaloniki,40.64361,22.93086,353001,shop_4,kinder-cola,glass,500ml,1.47,14601
6786,30/04/18,Thessaloniki,40.64361,22.93086,354290,shop_4,kinder-cola,glass,500ml,1.61,12683
485,30/06/12,Thessaloniki,40.64361,22.93086,346502,shop_4,kinder-cola,glass,500ml,1.24,23369
1567,30/06/13,Thessaloniki,40.64361,22.93086,347001,shop_4,kinder-cola,glass,500ml,1.23,24352
2650,30/06/14,Thessaloniki,40.64361,22.93086,349232,shop_4,kinder-cola,glass,500ml,1.12,28129
3726,30/06/15,Thessaloniki,40.64361,22.93086,351650,shop_4,kinder-cola,glass,500ml,1.26,25167
4807,30/06/16,Thessaloniki,40.64361,22.93086,351702,shop_4,kinder-cola,glass,500ml,1.14,28788
5915,30/06/17,Thessaloniki,40.64361,22.93086,353001,shop_4,kinder-cola,glass,500ml,1.43,22215
6969,30/06/18,Thessaloniki,40.64361,22.93086,354290,shop_4,kinder-cola,glass,500ml,1.55,19934
757,30/09/12,Thessaloniki,40.64361,22.93086,346502,shop_4,kinder-cola,glass,500ml,1.55,12310
1837,30/09/13,Thessaloniki,40.64361,22.93086,347001,shop_4,kinder-cola,glass,500ml,1.31,18270
2918,30/09/14,Thessaloniki,40.64361,22.93086,349232,shop_4,kinder-cola,glass,500ml,0.85,28478
4049,30/09/15,Thessaloniki,40.64361,22.93086,351650,shop_4,kinder-cola,glass,500ml,1.35,18443
5072,30/09/16,Thessaloniki,40.64361,22.93086,351702,shop_4,kinder-cola,glass,500ml,1.26,21033
6201,30/09/17,Thessaloniki,40.64361,22.93086,353001,shop_4,kinder-cola,glass,500ml,1,26620
7231,30/09/18,Thessaloniki,40.64361,22.93086,354290,shop_4,kinder-cola,glass,500ml,1.63,14713
940,30/11/12,Thessaloniki,40.64361,22.93086,346502,shop_4,kinder-cola,glass,500ml,1.38,11537
2016,30/11/13,Thessaloniki,40.64361,22.93086,347001,shop_4,kinder-cola,glass,500ml,1.32,12874
3099,30/11/14,Thessaloniki,40.64361,22.93086,349232,shop_4,kinder-cola,glass,500ml,1.04,17594
4210,30/11/15,Thessaloniki,40.64361,22.93086,351650,shop_4,kinder-cola,glass,500ml,1.29,14144
5298,30/11/16,Thessaloniki,40.64361,22.93086,351702,shop_4,kinder-cola,glass,500ml,1.31,14341
6335,30/11/17,Thessaloniki,40.64361,22.93086,353001,shop_4,kinder-cola,glass,500ml,0.67,23907
7414,30/11/18,Thessaloniki,40.64361,22.93086,354290,shop_4,kinder-cola,glass,500ml,1.95,6036
80,31/01/12,Thessaloniki,40.64361,22.93086,346502,shop_4,kinder-cola,glass,500ml,1.39,11406
1119,31/01/13,Thessaloniki,40.64361,22.93086,347001,shop_4,kinder-cola,glass,500ml,1.3,13384
2196,31/01/14,Thessaloniki,40.64361,22.93086,349232,shop_4,kinder-cola,glass,500ml,1.27,14380
3275,31/01/15,Thessaloniki,40.64361,22.93086,351650,shop_4,kinder-cola,glass,500ml,1.33,13777
4356,31/01/16,Thessaloniki,40.64361,22.93086,351702,shop_4,kinder-cola,glass,500ml,1.26,15219
5435,31/01/17,Thessaloniki,40.64361,22.93086,353001,shop_4,kinder-cola,glass,500ml,1.58,10936
6512,31/01/18,Thessaloniki,40.64361,22.93086,354290,shop_4,kinder-cola,glass,500ml,0.79,22759
216,31/03/12,Thessaloniki,40.64361,22.93086,346502,shop_4,kinder-cola,glass,500ml,1.6,9557
1299,31/03/13,Thessaloniki,40.64361,22.93086,347001,shop_4,kinder-cola,glass,500ml,1.11,19207
2428,31/03/14,Thessaloniki,40.64361,22.93086,349232,shop_4,kinder-cola,glass,500ml,1.02,21371
3460,31/03/15,Thessaloniki,40.64361,22.93086,351650,shop_4,kinder-cola,glass,500ml,1.62,11074
4538,31/03/16,Thessaloniki,40.64361,22.93086,351702,shop_4,kinder-cola,glass,500ml,1.28,17624
5618,31/03/17,Thessaloniki,40.64361,22.93086,353001,shop_4,kinder-cola,glass,500ml,1.34,16946
6694,31/03/18,Thessaloniki,40.64361,22.93086,354290,shop_4,kinder-cola,glass,500ml,0.96,23909
395,31/05/12,Thessaloniki,40.64361,22.93086,346502,shop_4,kinder-cola,glass,500ml,1.39,19858
1480,31/05/13,Thessaloniki,40.64361,22.93086,347001,shop_4,kinder-cola,glass,500ml,1,31371
2560,31/05/14,Thessaloniki,40.64361,22.93086,349232,shop_4,kinder-cola,glass,500ml,1.45,19954
3636,31/05/15,Thessaloniki,40.64361,22.93086,351650,shop_4,kinder-cola,glass,500ml,1.35,23320
4710,31/05/16,Thessaloniki,40.64361,22.93086,351702,shop_4,kinder-cola,glass,500ml,1.57,18250
5796,31/05/17,Thessaloniki,40.64361,22.93086,353001,shop_4,kinder-cola,glass,500ml,0.87,36575
6875,31/05/18,Thessaloniki,40.64361,22.93086,354290,shop_4,kinder-cola,glass,500ml,1.32,26075
579,31/07/12,Thessaloniki,40.64361,22.93086,346502,shop_4,kinder-cola,glass,500ml,1.27,25177
1655,31/07/13,Thessaloniki,40.64361,22.93086,347001,shop_4,kinder-cola,glass,500ml,1.29,25336
2736,31/07/14,Thessaloniki,40.64361,22.93086,349232,shop_4,kinder-cola,glass,500ml,1.03,33960
3817,31/07/15,Thessaloniki,40.64361,22.93086,351650,shop_4,kinder-cola,glass,500ml,1.57,19098
4895,31/07/16,Thessaloniki,40.64361,22.93086,351702,shop_4,kinder-cola,glass,500ml,0.92,38148
5974,31/07/17,Thessaloniki,40.64361,22.93086,353001,shop_4,kinder-cola,glass,500ml,1.3,28306
7060,31/07/18,Thessaloniki,40.64361,22.93086,354290,shop_4,kinder-cola,glass,500ml,1.59,21345
662,31/08/12,Thessaloniki,40.64361,22.93086,346502,shop_4,kinder-cola,glass,500ml,1.19,22061
1746,31/08/13,Thessaloniki,40.64361,22.93086,347001,shop_4,kinder-cola,glass,500ml,0.91,29327
2825,31/08/14,Thessaloniki,40.64361,22.93086,349232,shop_4,kinder-cola,glass,500ml,1.38,18945
3905,31/08/15,Thessaloniki,40.64361,22.93086,351650,shop_4,kinder-cola,glass,500ml,1.44,18154
4984,31/08/16,Thessaloniki,40.64361,22.93086,351702,shop_4,kinder-cola,glass,500ml,1.27,22768
6064,31/08/17,Thessaloniki,40.64361,22.93086,353001,shop_4,kinder-cola,glass,500ml,1.47,18782
7143,31/08/18,Thessaloniki,40.64361,22.93086,354290,shop_4,kinder-cola,glass,500ml,1.32,22680
851,31/10/12,Thessaloniki,40.64361,22.93086,346502,shop_4,kinder-cola,glass,500ml,1.21,16794
1927,31/10/13,Thessaloniki,40.64361,22.93086,347001,shop_4,kinder-cola,glass,500ml,1.49,12098
3008,31/10/14,Thessaloniki,40.64361,22.93086,349232,shop_4,kinder-cola,glass,500ml,1.07,20164
4124,31/10/15,Thessaloniki,40.64361,22.93086,351650,shop_4,kinder-cola,glass,500ml,1.6,11295
5169,31/10/16,Thessaloniki,40.64361,22.93086,351702,shop_4,kinder-cola,glass,500ml,1.22,18416
6250,31/10/17,Thessaloniki,40.64361,22.93086,353001,shop_4,kinder-cola,glass,500ml,1.35,16663
7373,31/10/18,Thessaloniki,40.64361,22.93086,354290,shop_4,kinder-cola,glass,500ml,1,22813
1065,31/12/12,Thessaloniki,40.64361,22.93086,346502,shop_4,kinder-cola,glass,500ml,1.24,17085
2108,31/12/13,Thessaloniki,40.64361,22.93086,347001,shop_4,kinder-cola,glass,500ml,1.26,17228
3184,31/12/14,Thessaloniki,40.64361,22.93086,349232,shop_4,kinder-cola,glass,500ml,1.37,15645
4267,31/12/15,Thessaloniki,40.64361,22.93086,351650,shop_4,kinder-cola,glass,500ml,0.95,24083
5348,31/12/16,Thessaloniki,40.64361,22.93086,351702,shop_4,kinder-cola,glass,500ml,1.48,14735
6425,31/12/17,Thessaloniki,40.64361,22.93086,353001,shop_4,kinder-cola,glass,500ml,1.41,16441
7505,31/12/18,Thessaloniki,40.64361,22.93086,354290,shop_4,kinder-cola,glass,500ml,1.25,19736
1180,28/02/13,Athens,37.97945,23.71622,671022,shop_1,lemon-boost,plastic,1.5lt,3.17,2953
2260,28/02/14,Athens,37.97945,23.71622,668203,shop_1,lemon-boost,plastic,1.5lt,1.42,11451
3341,28/02/15,Athens,37.97945,23.71622,667237,shop_1,lemon-boost,plastic,1.5lt,3.21,3384
5501,28/02/17,Athens,37.97945,23.71622,665871,shop_1,lemon-boost,plastic,1.5lt,1.9,9766
6582,28/02/18,Athens,37.97945,23.71622,664046,shop_1,lemon-boost,plastic,1.5lt,1.03,13666
100,29/02/12,Athens,37.97945,23.71622,672130,shop_1,lemon-boost,plastic,1.5lt,2.16,7515
4419,29/02/16,Athens,37.97945,23.71622,665102,shop_1,lemon-boost,plastic,1.5lt,1.15,12939
282,30/04/12,Athens,37.97945,23.71622,672130,shop_1,lemon-boost,plastic,1.5lt,1.27,17780
